Fri Dec 20 14:14:44 2024       
+-----------------------------------------------------------------------------------------+
| NVIDIA-SMI 565.57.01              Driver Version: 565.57.01      CUDA Version: 12.7     |
|-----------------------------------------+------------------------+----------------------+
| GPU  Name                 Persistence-M | Bus-Id          Disp.A | Volatile Uncorr. ECC |
| Fan  Temp   Perf          Pwr:Usage/Cap |           Memory-Usage | GPU-Util  Compute M. |
|                                         |                        |               MIG M. |
|=========================================+========================+======================|
|   0  Tesla V100-SXM2-32GB           On  |   00000000:16:00.0 Off |                    0 |
| N/A   44C    P0             46W /  300W |       1MiB /  32768MiB |      0%   E. Process |
|                                         |                        |                  N/A |
+-----------------------------------------+------------------------+----------------------+
                                                                                         
+-----------------------------------------------------------------------------------------+
| Processes:                                                                              |
|  GPU   GI   CI        PID   Type   Process name                              GPU Memory |
|        ID   ID                                                               Usage      |
|=========================================================================================|
|  No running processes found                                                             |
+-----------------------------------------------------------------------------------------+
cuda
Tesla V100-SXM2-32GB
Namespace(seed=0, target=7, data_dir='data/', batch_size_train=100, batch_size_inference=1000, num_workers=0, splits=[110000, 10000, 10831], subset_size=None, num_message_passing_layers=3, num_features=128, num_outputs=1, num_rbf_features=20, num_unique_atoms=100, cutoff_dist=5.0, lr=0.0005, weight_decay=0.0001, num_epochs=1000)
PaiNN(
  (zi): Embedding(100, 128)
  (Lm): Message(
    (Ls): Sequential(
      (0): Linear(in_features=128, out_features=128, bias=True)
      (1): SiLU()
      (2): Dropout(p=0.5, inplace=False)
      (3): Linear(in_features=128, out_features=384, bias=True)
    )
    (Lrbf): Linear(in_features=20, out_features=384, bias=True)
  )
  (Lu): Update(
    (Luu): Linear(in_features=3, out_features=3, bias=False)
    (Luv): Linear(in_features=3, out_features=3, bias=False)
    (Ls): Sequential(
      (0): Linear(in_features=256, out_features=128, bias=True)
      (1): SiLU()
      (2): Dropout(p=0.5, inplace=False)
      (3): Linear(in_features=128, out_features=384, bias=True)
    )
  )
  (Lr): Sequential(
    (0): Linear(in_features=128, out_features=64, bias=True)
    (1): SiLU()
    (2): Dropout(p=0.5, inplace=False)
    (3): Linear(in_features=64, out_features=1, bias=True)
  )
)
Epoch: 1	TL: 4.060e+01	VL: 9.781e-01	SVL: 0.9780759521484375	current_lr: 0.0005
Epoch: 2	TL: 2.109e-01	VL: 1.478e-01	SVL: 0.2308186097717285	current_lr: 0.0005
Epoch: 3	TL: 1.467e-01	VL: 9.838e-02	SVL: 0.11162509103393553	current_lr: 0.0005
Epoch: 4	TL: 1.209e-01	VL: 2.088e-01	SVL: 0.19908454432067874	current_lr: 0.0005
Epoch: 5	TL: 1.285e-01	VL: 6.801e-02	SVL: 0.08112111960845947	current_lr: 0.0005
Epoch: 6	TL: 1.109e-01	VL: 4.213e-02	SVL: 0.04603204764505004	current_lr: 0.0005
Epoch: 7	TL: 9.033e-02	VL: 4.063e-02	SVL: 0.041165926551004026	current_lr: 0.0005
Epoch: 8	TL: 7.180e-02	VL: 3.243e-02	SVL: 0.0333055414580484	current_lr: 0.0005
Epoch: 9	TL: 6.821e-02	VL: 5.217e-02	SVL: 0.05028517298125406	current_lr: 0.0005
Epoch: 10	TL: 4.710e-02	VL: 2.517e-02	SVL: 0.02767925177993693	current_lr: 0.0005
Epoch: 11	TL: 4.683e-02	VL: 1.865e-02	SVL: 0.019553848716201704	current_lr: 0.0005
Epoch: 12	TL: 3.997e-02	VL: 4.557e-02	SVL: 0.04296728115763091	current_lr: 0.0005
Epoch: 13	TL: 3.627e-02	VL: 1.933e-01	SVL: 0.17823812658378066	current_lr: 0.0005
Epoch: 14	TL: 3.185e-02	VL: 7.841e-02	SVL: 0.08839606996733804	current_lr: 0.0005
Epoch: 15	TL: 3.288e-02	VL: 1.609e-02	SVL: 0.023317371402938027	current_lr: 0.0005
Epoch: 16	TL: 2.852e-02	VL: 1.691e-02	SVL: 0.01755218110429832	current_lr: 0.0005
Epoch: 17	TL: 2.903e-02	VL: 9.951e-03	SVL: 0.010711392703401632	current_lr: 0.0005
Epoch: 18	TL: 2.635e-02	VL: 4.202e-02	SVL: 0.03888690190461751	current_lr: 0.0005
Epoch: 19	TL: 2.357e-02	VL: 8.710e-03	SVL: 0.011727435608056658	current_lr: 0.0005
Epoch: 20	TL: 5.261e-02	VL: 7.014e-03	SVL: 0.0074852021427301045	current_lr: 0.0005
Epoch: 21	TL: 1.014e-02	VL: 7.743e-03	SVL: 0.00771747751922754	current_lr: 0.0005
Epoch: 22	TL: 2.004e-02	VL: 1.175e-02	SVL: 0.01134809615203872	current_lr: 0.0005
Epoch: 23	TL: 2.226e-02	VL: 3.473e-02	SVL: 0.03239085270602419	current_lr: 0.0005
Epoch: 24	TL: 2.061e-02	VL: 1.065e-02	SVL: 0.012825568167407228	current_lr: 0.0005
Epoch: 25	TL: 1.972e-02	VL: 9.249e-03	SVL: 0.009606686493559571	current_lr: 0.0005
Epoch: 26	TL: 2.150e-02	VL: 1.784e-02	SVL: 0.01701296244589526	current_lr: 0.0005
Epoch: 27	TL: 6.034e-03	VL: 6.259e-03	SVL: 0.007334139882055957	current_lr: 0.00025
Epoch: 28	TL: 7.585e-03	VL: 8.198e-03	SVL: 0.008111729603859587	current_lr: 0.00025
Epoch: 29	TL: 9.320e-03	VL: 1.090e-02	SVL: 0.010622510374173801	current_lr: 0.00025
Epoch: 30	TL: 8.385e-03	VL: 9.074e-03	SVL: 0.009228778060732811	current_lr: 0.00025
Epoch: 31	TL: 7.812e-03	VL: 5.687e-03	SVL: 0.006041419795399758	current_lr: 0.00025
Epoch: 32	TL: 7.956e-03	VL: 1.127e-02	SVL: 0.010751057730043517	current_lr: 0.00025
Epoch: 33	TL: 7.852e-03	VL: 5.676e-03	SVL: 0.00618369629481679	current_lr: 0.00025
Epoch: 34	TL: 7.578e-03	VL: 5.797e-03	SVL: 0.005835389931300527	current_lr: 0.00025
Epoch: 35	TL: 7.994e-03	VL: 6.765e-03	SVL: 0.0066724542505839715	current_lr: 0.00025
Epoch: 36	TL: 7.163e-03	VL: 1.172e-02	SVL: 0.011211578291727099	current_lr: 0.00025
Epoch: 37	TL: 7.202e-03	VL: 8.866e-03	SVL: 0.009100377227671244	current_lr: 0.00025
Epoch: 38	TL: 6.739e-03	VL: 5.074e-03	SVL: 0.0054763192273981675	current_lr: 0.00025
Epoch: 39	TL: 7.094e-03	VL: 1.128e-02	SVL: 0.010702949896830393	current_lr: 0.00025
Epoch: 40	TL: 7.142e-03	VL: 8.021e-03	SVL: 0.008289613503553278	current_lr: 0.00025
Epoch: 41	TL: 6.721e-03	VL: 6.586e-03	SVL: 0.006756534439954937	current_lr: 0.00025
Epoch: 42	TL: 6.865e-03	VL: 4.633e-03	SVL: 0.004845371890727061	current_lr: 0.00025
Epoch: 43	TL: 6.461e-03	VL: 6.875e-03	SVL: 0.0066717103887263315	current_lr: 0.00025
Epoch: 44	TL: 6.355e-03	VL: 1.560e-02	SVL: 0.014705446013695632	current_lr: 0.00025
Epoch: 45	TL: 7.104e-03	VL: 1.132e-02	SVL: 0.011658393007207576	current_lr: 0.00025
Epoch: 46	TL: 5.765e-03	VL: 3.180e-03	SVL: 0.0040281038695264525	current_lr: 0.00025
Epoch: 47	TL: 6.294e-03	VL: 3.259e-03	SVL: 0.0033356910603611536	current_lr: 0.00025
Epoch: 48	TL: 6.416e-03	VL: 5.014e-03	SVL: 0.004846418045931745	current_lr: 0.00025
Epoch: 49	TL: 6.318e-03	VL: 4.043e-03	SVL: 0.004123695819275944	current_lr: 0.00025
Epoch: 50	TL: 5.473e-03	VL: 3.589e-03	SVL: 0.003642307285537061	current_lr: 0.00025
Epoch: 51	TL: 6.148e-03	VL: 4.460e-03	SVL: 0.0043784123591651255	current_lr: 0.00025
Epoch: 52	TL: 5.746e-03	VL: 3.962e-03	SVL: 0.00400385741166343	current_lr: 0.00025
Epoch: 53	TL: 5.797e-03	VL: 4.101e-03	SVL: 0.004091426416806449	current_lr: 0.00025
Epoch: 54	TL: 2.457e-03	VL: 2.946e-03	SVL: 0.0030605242344311943	current_lr: 0.000125
Epoch: 55	TL: 2.982e-03	VL: 2.776e-03	SVL: 0.002804039512600224	current_lr: 0.000125
Epoch: 56	TL: 3.012e-03	VL: 3.756e-03	SVL: 0.0036608850346531194	current_lr: 0.000125
Epoch: 57	TL: 3.115e-03	VL: 2.759e-03	SVL: 0.002848840044603007	current_lr: 0.000125
Epoch: 58	TL: 3.026e-03	VL: 3.527e-03	SVL: 0.0034587642048463482	current_lr: 0.000125
Epoch: 59	TL: 3.078e-03	VL: 2.785e-03	SVL: 0.002852520199762436	current_lr: 0.000125
Epoch: 60	TL: 2.935e-03	VL: 6.817e-03	SVL: 0.006420251748179063	current_lr: 0.000125
Epoch: 61	TL: 2.930e-03	VL: 5.951e-03	SVL: 0.005998360228261815	current_lr: 0.000125
Epoch: 62	TL: 1.890e-03	VL: 3.539e-03	SVL: 0.0037853522252759802	current_lr: 6.25e-05
Epoch: 63	TL: 2.010e-03	VL: 2.546e-03	SVL: 0.002669898683545207	current_lr: 6.25e-05
Epoch: 64	TL: 2.045e-03	VL: 2.891e-03	SVL: 0.0028691473681447125	current_lr: 6.25e-05
Epoch: 65	TL: 1.979e-03	VL: 3.363e-03	SVL: 0.003313477546758624	current_lr: 6.25e-05
Epoch: 66	TL: 2.014e-03	VL: 2.162e-03	SVL: 0.0022769270951337787	current_lr: 6.25e-05
Epoch: 67	TL: 1.946e-03	VL: 2.425e-03	SVL: 0.0024097730189044	current_lr: 6.25e-05
Epoch: 68	TL: 1.936e-03	VL: 2.219e-03	SVL: 0.0022382548907347393	current_lr: 6.25e-05
Epoch: 69	TL: 1.929e-03	VL: 2.186e-03	SVL: 0.0021913890514666627	current_lr: 6.25e-05
Epoch: 70	TL: 1.866e-03	VL: 3.026e-03	SVL: 0.0029423130837469775	current_lr: 6.25e-05
Epoch: 71	TL: 1.888e-03	VL: 2.162e-03	SVL: 0.002240107623014743	current_lr: 6.25e-05
Epoch: 72	TL: 1.909e-03	VL: 2.177e-03	SVL: 0.00218298318776229	current_lr: 6.25e-05
Epoch: 73	TL: 1.929e-03	VL: 2.114e-03	SVL: 0.0021213334468928365	current_lr: 6.25e-05
Epoch: 74	TL: 1.835e-03	VL: 2.018e-03	SVL: 0.0020283092537316423	current_lr: 6.25e-05
Epoch: 75	TL: 1.822e-03	VL: 2.391e-03	SVL: 0.002354794297603694	current_lr: 6.25e-05
Epoch: 76	TL: 1.851e-03	VL: 2.223e-03	SVL: 0.002236140528717431	current_lr: 6.25e-05
Epoch: 77	TL: 1.793e-03	VL: 2.023e-03	SVL: 0.002043868464569131	current_lr: 6.25e-05
Epoch: 78	TL: 1.890e-03	VL: 2.382e-03	SVL: 0.0023485181039909404	current_lr: 6.25e-05
Epoch: 79	TL: 1.732e-03	VL: 2.990e-03	SVL: 0.002925618230763474	current_lr: 6.25e-05
Epoch: 80	TL: 1.789e-03	VL: 2.785e-03	SVL: 0.0027993541109028854	current_lr: 6.25e-05
Epoch: 81	TL: 1.382e-03	VL: 1.874e-03	SVL: 0.001966460610503588	current_lr: 3.125e-05
Epoch: 82	TL: 1.417e-03	VL: 1.887e-03	SVL: 0.00189494781027979	current_lr: 3.125e-05
Epoch: 83	TL: 1.442e-03	VL: 2.502e-03	SVL: 0.002441108290682978	current_lr: 3.125e-05
Epoch: 84	TL: 1.425e-03	VL: 1.837e-03	SVL: 0.0018975203387271112	current_lr: 3.125e-05
Epoch: 85	TL: 1.407e-03	VL: 2.298e-03	SVL: 0.002258187533540832	current_lr: 3.125e-05
Epoch: 86	TL: 1.386e-03	VL: 1.870e-03	SVL: 0.001908684883229266	current_lr: 3.125e-05
Epoch: 87	TL: 1.370e-03	VL: 1.831e-03	SVL: 0.0018389948616139423	current_lr: 3.125e-05
Epoch: 88	TL: 1.430e-03	VL: 1.978e-03	SVL: 0.0019645203758250906	current_lr: 3.125e-05
Epoch: 89	TL: 1.368e-03	VL: 1.853e-03	SVL: 0.0018641506402589008	current_lr: 3.125e-05
Epoch: 90	TL: 1.352e-03	VL: 1.978e-03	SVL: 0.00196681333034135	current_lr: 3.125e-05
Epoch: 91	TL: 1.362e-03	VL: 2.258e-03	SVL: 0.002228998227565385	current_lr: 3.125e-05
Epoch: 92	TL: 1.353e-03	VL: 1.881e-03	SVL: 0.0019161733956782915	current_lr: 3.125e-05
Epoch: 93	TL: 1.345e-03	VL: 1.760e-03	SVL: 0.001775168071703602	current_lr: 3.125e-05
Epoch: 94	TL: 1.311e-03	VL: 2.894e-03	SVL: 0.0027822072349505114	current_lr: 3.125e-05
Epoch: 95	TL: 1.297e-03	VL: 1.836e-03	SVL: 0.001930538531169459	current_lr: 3.125e-05
Epoch: 96	TL: 1.321e-03	VL: 1.687e-03	SVL: 0.001711165766321139	current_lr: 3.125e-05
Epoch: 97	TL: 1.297e-03	VL: 1.871e-03	SVL: 0.0018553410629831271	current_lr: 3.125e-05
Epoch: 98	TL: 1.299e-03	VL: 1.869e-03	SVL: 0.0018672753820856661	current_lr: 3.125e-05
Epoch: 99	TL: 1.302e-03	VL: 1.718e-03	SVL: 0.0017326060010000096	current_lr: 3.125e-05
Epoch: 100	TL: 1.324e-03	VL: 1.869e-03	SVL: 0.0018554645247559152	current_lr: 3.125e-05
Epoch: 101	TL: 1.257e-03	VL: 1.677e-03	SVL: 0.0016951714915762386	current_lr: 3.125e-05
Epoch: 102	TL: 1.252e-03	VL: 1.754e-03	SVL: 0.0017482601611090705	current_lr: 3.125e-05
Epoch: 103	TL: 1.240e-03	VL: 1.876e-03	SVL: 0.0018630771848387817	current_lr: 3.125e-05
Epoch: 104	TL: 1.267e-03	VL: 1.718e-03	SVL: 0.0017324318930787574	current_lr: 3.125e-05
Epoch: 105	TL: 1.242e-03	VL: 2.436e-03	SVL: 0.002365951462241836	current_lr: 3.125e-05
Epoch: 106	TL: 1.254e-03	VL: 1.782e-03	SVL: 0.001840292229220552	current_lr: 3.125e-05
Epoch: 107	TL: 1.231e-03	VL: 1.726e-03	SVL: 0.00173721264977905	current_lr: 3.125e-05
Epoch: 108	TL: 1.072e-03	VL: 1.638e-03	SVL: 0.0016475057045416564	current_lr: 1.5625e-05
Epoch: 109	TL: 1.093e-03	VL: 1.612e-03	SVL: 0.0016159840051312897	current_lr: 1.5625e-05
Epoch: 110	TL: 1.088e-03	VL: 1.700e-03	SVL: 0.0016915468162693546	current_lr: 1.5625e-05
Epoch: 111	TL: 1.084e-03	VL: 1.639e-03	SVL: 0.001644384166661878	current_lr: 1.5625e-05
Epoch: 112	TL: 1.075e-03	VL: 1.595e-03	SVL: 0.0016000099393788953	current_lr: 1.5625e-05
Epoch: 113	TL: 1.055e-03	VL: 1.830e-03	SVL: 0.001807280132502953	current_lr: 1.5625e-05
Epoch: 114	TL: 1.074e-03	VL: 1.708e-03	SVL: 0.0017176350018710531	current_lr: 1.5625e-05
Epoch: 115	TL: 1.071e-03	VL: 1.575e-03	SVL: 0.001588952428314394	current_lr: 1.5625e-05
Epoch: 116	TL: 1.053e-03	VL: 1.572e-03	SVL: 0.0015737171751472657	current_lr: 1.5625e-05
Epoch: 117	TL: 1.041e-03	VL: 1.643e-03	SVL: 0.0016364135013243887	current_lr: 1.5625e-05
Epoch: 118	TL: 1.052e-03	VL: 1.671e-03	SVL: 0.0016675892041744921	current_lr: 1.5625e-05
Epoch: 119	TL: 1.052e-03	VL: 1.636e-03	SVL: 0.0016388265960079642	current_lr: 1.5625e-05
Epoch: 120	TL: 1.060e-03	VL: 1.656e-03	SVL: 0.0016545596944556853	current_lr: 1.5625e-05
Epoch: 121	TL: 1.034e-03	VL: 1.598e-03	SVL: 0.0016033995948957027	current_lr: 1.5625e-05
Epoch: 122	TL: 1.047e-03	VL: 1.550e-03	SVL: 0.0015551357897393566	current_lr: 1.5625e-05
Epoch: 123	TL: 1.043e-03	VL: 1.680e-03	SVL: 0.001667519475542234	current_lr: 1.5625e-05
Epoch: 124	TL: 1.046e-03	VL: 1.613e-03	SVL: 0.0016188694383226562	current_lr: 1.5625e-05
Epoch: 125	TL: 1.041e-03	VL: 1.613e-03	SVL: 0.001613649589076864	current_lr: 1.5625e-05
Epoch: 126	TL: 1.016e-03	VL: 1.553e-03	SVL: 0.0015591297155872212	current_lr: 1.5625e-05
Epoch: 127	TL: 1.015e-03	VL: 1.788e-03	SVL: 0.0017655154634143434	current_lr: 1.5625e-05
Epoch: 128	TL: 1.025e-03	VL: 1.559e-03	SVL: 0.0015792595713200722	current_lr: 1.5625e-05
Epoch: 129	TL: 9.395e-04	VL: 1.590e-03	SVL: 0.001589184552121784	current_lr: 7.8125e-06
Epoch: 130	TL: 9.448e-04	VL: 1.514e-03	SVL: 0.0015214987021375324	current_lr: 7.8125e-06
Epoch: 131	TL: 9.367e-04	VL: 1.513e-03	SVL: 0.0015142031596272053	current_lr: 7.8125e-06
Epoch: 132	TL: 9.492e-04	VL: 1.561e-03	SVL: 0.0015561947791394477	current_lr: 7.8125e-06
Epoch: 133	TL: 9.396e-04	VL: 1.610e-03	SVL: 0.001604406759427159	current_lr: 7.8125e-06
Epoch: 134	TL: 9.505e-04	VL: 1.553e-03	SVL: 0.0015578888890431493	current_lr: 7.8125e-06
Epoch: 135	TL: 9.332e-04	VL: 1.532e-03	SVL: 0.0015347698569028196	current_lr: 7.8125e-06
Epoch: 136	TL: 9.405e-04	VL: 1.495e-03	SVL: 0.0014988834774467214	current_lr: 7.8125e-06
Epoch: 137	TL: 9.285e-04	VL: 1.545e-03	SVL: 0.0015402849689719366	current_lr: 7.8125e-06
Epoch: 138	TL: 9.392e-04	VL: 1.616e-03	SVL: 0.0016088142706513135	current_lr: 7.8125e-06
Epoch: 139	TL: 9.372e-04	VL: 1.541e-03	SVL: 0.0015480269105589363	current_lr: 7.8125e-06
Epoch: 140	TL: 9.263e-04	VL: 1.553e-03	SVL: 0.0015527573481336828	current_lr: 7.8125e-06
Epoch: 141	TL: 9.339e-04	VL: 1.469e-03	SVL: 0.0014776933564259172	current_lr: 7.8125e-06
Epoch: 142	TL: 9.332e-04	VL: 1.487e-03	SVL: 0.0014861853684337294	current_lr: 7.8125e-06
Epoch: 143	TL: 9.139e-04	VL: 1.510e-03	SVL: 0.00150762213314922	current_lr: 7.8125e-06
Epoch: 144	TL: 9.191e-04	VL: 1.571e-03	SVL: 0.00156455346926585	current_lr: 7.8125e-06
Epoch: 145	TL: 9.200e-04	VL: 1.501e-03	SVL: 0.0015077044194783122	current_lr: 7.8125e-06
Epoch: 146	TL: 9.262e-04	VL: 1.485e-03	SVL: 0.0014869225401266948	current_lr: 7.8125e-06
Epoch: 147	TL: 9.128e-04	VL: 1.501e-03	SVL: 0.0014995742716251267	current_lr: 7.8125e-06
Epoch: 148	TL: 8.763e-04	VL: 1.468e-03	SVL: 0.0014713927809184638	current_lr: 3.90625e-06
Epoch: 149	TL: 8.782e-04	VL: 1.463e-03	SVL: 0.0014638185388225898	current_lr: 3.90625e-06
Epoch: 150	TL: 8.735e-04	VL: 1.480e-03	SVL: 0.0014779680383839072	current_lr: 3.90625e-06
Epoch: 151	TL: 8.788e-04	VL: 1.552e-03	SVL: 0.0015448808802429625	current_lr: 3.90625e-06
Epoch: 152	TL: 8.752e-04	VL: 1.465e-03	SVL: 0.0014732014287835737	current_lr: 3.90625e-06
Epoch: 153	TL: 8.765e-04	VL: 1.455e-03	SVL: 0.001456381951464478	current_lr: 3.90625e-06
Epoch: 154	TL: 8.715e-04	VL: 1.459e-03	SVL: 0.0014585620843066043	current_lr: 3.90625e-06
Epoch: 155	TL: 8.747e-04	VL: 1.488e-03	SVL: 0.0014847203632463342	current_lr: 3.90625e-06
Epoch: 156	TL: 8.738e-04	VL: 1.466e-03	SVL: 0.0014681041946040523	current_lr: 3.90625e-06
Epoch: 157	TL: 8.722e-04	VL: 1.499e-03	SVL: 0.0014959641074143543	current_lr: 3.90625e-06
Epoch: 158	TL: 8.689e-04	VL: 1.480e-03	SVL: 0.0014817173848053087	current_lr: 3.90625e-06
Epoch: 159	TL: 8.684e-04	VL: 1.498e-03	SVL: 0.0014965470279206857	current_lr: 3.90625e-06
Epoch: 160	TL: 8.488e-04	VL: 1.469e-03	SVL: 0.0014718292089795078	current_lr: 1.953125e-06
Epoch: 161	TL: 8.482e-04	VL: 1.449e-03	SVL: 0.0014514288339266678	current_lr: 1.953125e-06
Epoch: 162	TL: 8.472e-04	VL: 1.446e-03	SVL: 0.001446888805958127	current_lr: 1.953125e-06
Epoch: 163	TL: 8.462e-04	VL: 1.481e-03	SVL: 0.0014777627898784971	current_lr: 1.953125e-06
Epoch: 164	TL: 8.476e-04	VL: 1.446e-03	SVL: 0.0014492916817817338	current_lr: 1.953125e-06
Epoch: 165	TL: 8.457e-04	VL: 1.447e-03	SVL: 0.0014476123618617975	current_lr: 1.953125e-06
Epoch: 166	TL: 8.470e-04	VL: 1.444e-03	SVL: 0.0014439404563857646	current_lr: 1.953125e-06
Epoch: 167	TL: 8.476e-04	VL: 1.455e-03	SVL: 0.0014542878540034446	current_lr: 1.953125e-06
Epoch: 168	TL: 8.452e-04	VL: 1.448e-03	SVL: 0.0014485310259627834	current_lr: 1.953125e-06
Epoch: 169	TL: 8.437e-04	VL: 1.442e-03	SVL: 0.001442973622711177	current_lr: 1.953125e-06
Epoch: 170	TL: 8.453e-04	VL: 1.451e-03	SVL: 0.0014499160084159846	current_lr: 1.953125e-06
Epoch: 171	TL: 8.440e-04	VL: 1.447e-03	SVL: 0.0014468616345825957	current_lr: 1.953125e-06
Epoch: 172	TL: 8.421e-04	VL: 1.447e-03	SVL: 0.0014468127665847855	current_lr: 1.953125e-06
Epoch: 173	TL: 8.416e-04	VL: 1.451e-03	SVL: 0.0014501760476622015	current_lr: 1.953125e-06
Epoch: 174	TL: 8.410e-04	VL: 1.440e-03	SVL: 0.0014414471101144256	current_lr: 1.953125e-06
Epoch: 175	TL: 8.420e-04	VL: 1.445e-03	SVL: 0.001444987995141539	current_lr: 1.953125e-06
Epoch: 176	TL: 8.409e-04	VL: 1.442e-03	SVL: 0.0014420562273973023	current_lr: 1.953125e-06
Epoch: 177	TL: 8.407e-04	VL: 1.437e-03	SVL: 0.001437237134046493	current_lr: 1.953125e-06
Epoch: 178	TL: 8.396e-04	VL: 1.435e-03	SVL: 0.001435387341029161	current_lr: 1.953125e-06
Epoch: 179	TL: 8.406e-04	VL: 1.440e-03	SVL: 0.0014396011845118515	current_lr: 1.953125e-06
Epoch: 180	TL: 8.403e-04	VL: 1.464e-03	SVL: 0.0014611774732256604	current_lr: 1.953125e-06
Epoch: 181	TL: 8.376e-04	VL: 1.459e-03	SVL: 0.0014589870696225232	current_lr: 1.953125e-06
Epoch: 182	TL: 8.381e-04	VL: 1.433e-03	SVL: 0.0014357019114986905	current_lr: 1.953125e-06
Epoch: 183	TL: 8.371e-04	VL: 1.441e-03	SVL: 0.0014400326554824495	current_lr: 1.953125e-06
Epoch: 184	TL: 8.359e-04	VL: 1.504e-03	SVL: 0.0014976459199671902	current_lr: 1.953125e-06
Epoch: 185	TL: 8.266e-04	VL: 1.436e-03	SVL: 0.0014418170111823575	current_lr: 9.765625e-07
Epoch: 186	TL: 8.253e-04	VL: 1.428e-03	SVL: 0.0014293715276067307	current_lr: 9.765625e-07
Epoch: 187	TL: 8.263e-04	VL: 1.428e-03	SVL: 0.0014281335238391642	current_lr: 9.765625e-07
Epoch: 188	TL: 8.252e-04	VL: 1.428e-03	SVL: 0.0014283825290578056	current_lr: 9.765625e-07
Epoch: 189	TL: 8.246e-04	VL: 1.437e-03	SVL: 0.0014358941401280704	current_lr: 9.765625e-07
Epoch: 190	TL: 8.245e-04	VL: 1.460e-03	SVL: 0.001457259944332021	current_lr: 9.765625e-07
Epoch: 191	TL: 8.245e-04	VL: 1.433e-03	SVL: 0.0014352638104808706	current_lr: 9.765625e-07
Epoch: 192	TL: 8.247e-04	VL: 1.429e-03	SVL: 0.0014296557317103184	current_lr: 9.765625e-07
Epoch: 193	TL: 8.236e-04	VL: 1.437e-03	SVL: 0.0014363151944669608	current_lr: 9.765625e-07
Epoch: 194	TL: 8.175e-04	VL: 1.438e-03	SVL: 0.0014374506346085919	current_lr: 4.8828125e-07
Epoch: 195	TL: 8.186e-04	VL: 1.434e-03	SVL: 0.0014345899950633373	current_lr: 4.8828125e-07
Epoch: 196	TL: 8.174e-04	VL: 1.442e-03	SVL: 0.0014412807429946455	current_lr: 4.8828125e-07
Epoch: 197	TL: 8.162e-04	VL: 1.425e-03	SVL: 0.0014265566202513076	current_lr: 4.8828125e-07
Epoch: 198	TL: 8.166e-04	VL: 1.433e-03	SVL: 0.001432750690902389	current_lr: 4.8828125e-07
Epoch: 199	TL: 8.168e-04	VL: 1.426e-03	SVL: 0.0014264897383178391	current_lr: 4.8828125e-07
Epoch: 200	TL: 8.174e-04	VL: 1.430e-03	SVL: 0.0014299907473417633	current_lr: 4.8828125e-07
Epoch: 201	TL: 8.172e-04	VL: 1.422e-03	SVL: 0.0014228543951878203	current_lr: 4.8828125e-07
Epoch: 202	TL: 8.172e-04	VL: 1.426e-03	SVL: 0.0014252751894272295	current_lr: 4.8828125e-07
Epoch: 203	TL: 8.166e-04	VL: 1.432e-03	SVL: 0.0014315091521290633	current_lr: 4.8828125e-07
Epoch: 204	TL: 8.170e-04	VL: 1.431e-03	SVL: 0.0014306937900259863	current_lr: 4.8828125e-07
Epoch: 205	TL: 8.172e-04	VL: 1.421e-03	SVL: 0.0014217368671007433	current_lr: 4.8828125e-07
Epoch: 206	TL: 8.176e-04	VL: 1.424e-03	SVL: 0.0014233384830624608	current_lr: 4.8828125e-07
Epoch: 207	TL: 8.152e-04	VL: 1.442e-03	SVL: 0.0014404752681937889	current_lr: 4.8828125e-07
Epoch: 208	TL: 8.158e-04	VL: 1.421e-03	SVL: 0.0014233654827901432	current_lr: 4.8828125e-07
Epoch: 209	TL: 8.151e-04	VL: 1.425e-03	SVL: 0.0014244937619669112	current_lr: 4.8828125e-07
Epoch: 210	TL: 8.160e-04	VL: 1.427e-03	SVL: 0.0014270646520565238	current_lr: 4.8828125e-07
Epoch: 211	TL: 8.157e-04	VL: 1.429e-03	SVL: 0.001428658296546442	current_lr: 4.8828125e-07
Epoch: 212	TL: 8.121e-04	VL: 1.430e-03	SVL: 0.0014297048069915278	current_lr: 2.44140625e-07
Epoch: 213	TL: 8.117e-04	VL: 1.427e-03	SVL: 0.0014270679829307504	current_lr: 2.44140625e-07
Epoch: 214	TL: 8.113e-04	VL: 1.425e-03	SVL: 0.0014248243582028956	current_lr: 2.44140625e-07
Epoch: 215	TL: 8.123e-04	VL: 1.425e-03	SVL: 0.0014247446418978653	current_lr: 2.44140625e-07
Epoch: 216	TL: 8.121e-04	VL: 1.429e-03	SVL: 0.0014284772789595315	current_lr: 2.44140625e-07
Epoch: 217	TL: 8.116e-04	VL: 1.422e-03	SVL: 0.0014222260228407163	current_lr: 2.44140625e-07
Epoch: 218	TL: 8.099e-04	VL: 1.422e-03	SVL: 0.0014224551271558978	current_lr: 1.220703125e-07
Epoch: 219	TL: 8.104e-04	VL: 1.423e-03	SVL: 0.0014233023126042008	current_lr: 1.220703125e-07
Epoch: 220	TL: 8.100e-04	VL: 1.427e-03	SVL: 0.0014262792034856094	current_lr: 1.220703125e-07
Epoch: 221	TL: 8.100e-04	VL: 1.425e-03	SVL: 0.001424778739650166	current_lr: 1.220703125e-07
Epoch: 222	TL: 8.100e-04	VL: 1.421e-03	SVL: 0.0014211886636454974	current_lr: 1.220703125e-07
Epoch: 223	TL: 8.097e-04	VL: 1.422e-03	SVL: 0.0014215599679156055	current_lr: 1.220703125e-07
Epoch: 224	TL: 8.097e-04	VL: 1.421e-03	SVL: 0.001420608242980678	current_lr: 1.220703125e-07
Epoch: 225	TL: 8.096e-04	VL: 1.423e-03	SVL: 0.0014227381023399076	current_lr: 1.220703125e-07
Epoch: 226	TL: 8.102e-04	VL: 1.424e-03	SVL: 0.0014242211249732182	current_lr: 1.220703125e-07
Epoch: 227	TL: 8.096e-04	VL: 1.423e-03	SVL: 0.0014234552660312575	current_lr: 1.220703125e-07
Epoch: 228	TL: 8.100e-04	VL: 1.421e-03	SVL: 0.0014208208612474435	current_lr: 1.220703125e-07
Epoch: 229	TL: 8.099e-04	VL: 1.422e-03	SVL: 0.0014219574695018195	current_lr: 1.220703125e-07
Epoch: 230	TL: 8.094e-04	VL: 1.423e-03	SVL: 0.0014227863359966603	current_lr: 1.220703125e-07
Epoch: 231	TL: 8.090e-04	VL: 1.421e-03	SVL: 0.0014211373524717363	current_lr: 6.103515625e-08
Epoch: 232	TL: 8.086e-04	VL: 1.423e-03	SVL: 0.0014230966992860225	current_lr: 6.103515625e-08
Epoch: 233	TL: 8.086e-04	VL: 1.422e-03	SVL: 0.001422157415823988	current_lr: 6.103515625e-08
Epoch: 234	TL: 8.084e-04	VL: 1.422e-03	SVL: 0.001422461977906709	current_lr: 6.103515625e-08
Epoch: 235	TL: 8.085e-04	VL: 1.423e-03	SVL: 0.0014225957957215791	current_lr: 6.103515625e-08
Epoch: 236	TL: 8.083e-04	VL: 1.425e-03	SVL: 0.001424531763467269	current_lr: 6.103515625e-08
Epoch: 237	TL: 8.081e-04	VL: 1.424e-03	SVL: 0.0014236564033898787	current_lr: 3.0517578125e-08
Epoch: 238	TL: 8.079e-04	VL: 1.421e-03	SVL: 0.0014215519534913012	current_lr: 3.0517578125e-08
Epoch: 239	TL: 8.080e-04	VL: 1.422e-03	SVL: 0.0014220261155304045	current_lr: 3.0517578125e-08
Epoch: 240	TL: 8.080e-04	VL: 1.424e-03	SVL: 0.001423935113536683	current_lr: 3.0517578125e-08
Epoch: 241	TL: 8.081e-04	VL: 1.422e-03	SVL: 0.0014220120034801331	current_lr: 3.0517578125e-08
Epoch: 242	TL: 8.079e-04	VL: 1.422e-03	SVL: 0.001422415464740866	current_lr: 3.0517578125e-08
Epoch: 243	TL: 8.078e-04	VL: 1.422e-03	SVL: 0.0014216292827945822	current_lr: 1.52587890625e-08
Epoch: 244	TL: 8.076e-04	VL: 1.423e-03	SVL: 0.001422536043819009	current_lr: 1.52587890625e-08
Epoch: 245	TL: 8.077e-04	VL: 1.422e-03	SVL: 0.0014225030808147012	current_lr: 1.52587890625e-08
Epoch: 246	TL: 8.077e-04	VL: 1.423e-03	SVL: 0.001422609926745258	current_lr: 1.52587890625e-08
Epoch: 247	TL: 8.077e-04	VL: 1.422e-03	SVL: 0.0014222893477961384	current_lr: 1.52587890625e-08
Epoch: 248	TL: 8.075e-04	VL: 1.423e-03	SVL: 0.00142290050508067	current_lr: 1.52587890625e-08
Epoch: 249	TL: 8.076e-04	VL: 1.422e-03	SVL: 0.0014220554633155315	current_lr: 1.52587890625e-08
Epoch: 250	TL: 8.077e-04	VL: 1.422e-03	SVL: 0.0014222775678159282	current_lr: 1.52587890625e-08
Epoch: 251	TL: 8.076e-04	VL: 1.422e-03	SVL: 0.0014219058154058602	current_lr: 1.52587890625e-08
Epoch: 252	TL: 8.076e-04	VL: 1.422e-03	SVL: 0.0014223428761763587	current_lr: 1.52587890625e-08
Epoch: 253	TL: 8.079e-04	VL: 1.422e-03	SVL: 0.001422362528202963	current_lr: 1.52587890625e-08
Epoch: 254	TL: 8.078e-04	VL: 1.422e-03	SVL: 0.0014220659098980858	current_lr: 1.52587890625e-08
Epoch: 255	TL: 8.077e-04	VL: 1.421e-03	SVL: 0.0014215261348283095	current_lr: 1.52587890625e-08
Early stopping triggered after 255 epochs.
Test MAE: 23.240
