Fri Dec 20 00:34:37 2024       
+-----------------------------------------------------------------------------------------+
| NVIDIA-SMI 565.57.01              Driver Version: 565.57.01      CUDA Version: 12.7     |
|-----------------------------------------+------------------------+----------------------+
| GPU  Name                 Persistence-M | Bus-Id          Disp.A | Volatile Uncorr. ECC |
| Fan  Temp   Perf          Pwr:Usage/Cap |           Memory-Usage | GPU-Util  Compute M. |
|                                         |                        |               MIG M. |
|=========================================+========================+======================|
|   0  Tesla V100-SXM2-32GB           On  |   00000000:16:00.0 Off |                    0 |
| N/A   37C    P0             44W /  300W |       1MiB /  32768MiB |      0%   E. Process |
|                                         |                        |                  N/A |
+-----------------------------------------+------------------------+----------------------+
                                                                                         
+-----------------------------------------------------------------------------------------+
| Processes:                                                                              |
|  GPU   GI   CI        PID   Type   Process name                              GPU Memory |
|        ID   ID                                                               Usage      |
|=========================================================================================|
|  No running processes found                                                             |
+-----------------------------------------------------------------------------------------+
cuda
Tesla V100-SXM2-32GB
PaiNN(
  (zi): Embedding(100, 128)
  (Lm): Message(
    (Ls): Sequential(
      (0): Linear(in_features=128, out_features=128, bias=True)
      (1): SiLU()
      (2): Dropout(p=0.5, inplace=False)
      (3): Linear(in_features=128, out_features=384, bias=True)
    )
    (Lrbf): Sequential(
      (0): Linear(in_features=20, out_features=384, bias=True)
    )
  )
  (Lu): Update(
    (Luu): Linear(in_features=3, out_features=3, bias=False)
    (Luv): Linear(in_features=3, out_features=3, bias=False)
    (Ls): Sequential(
      (0): Linear(in_features=256, out_features=128, bias=True)
      (1): SiLU()
      (2): Dropout(p=0.5, inplace=False)
      (3): Linear(in_features=128, out_features=384, bias=True)
    )
  )
  (Lr): Sequential(
    (0): Linear(in_features=128, out_features=64, bias=True)
    (1): SiLU()
    (2): Dropout(p=0.5, inplace=False)
    (3): Linear(in_features=64, out_features=1, bias=True)
  )
)
Epoch: 1	TL: 6.556e-01	VL: 1.127e-01	 1.127e-01	 lr:0.0002
Epoch: 2	TL: 6.640e-02	VL: 4.714e-02	 7.991e-02	 lr:0.0002
Epoch: 3	TL: 3.524e-02	VL: 2.699e-02	 5.345e-02	 lr:0.0002
Epoch: 4	TL: 2.388e-02	VL: 2.633e-02	 3.989e-02	 lr:0.0002
Epoch: 5	TL: 1.890e-02	VL: 1.734e-02	 2.861e-02	 lr:0.0002
Epoch: 6	TL: 1.550e-02	VL: 1.245e-02	 2.053e-02	 lr:0.0002
Epoch: 7	TL: 1.415e-02	VL: 1.627e-02	 1.840e-02	 lr:0.0002
Epoch: 8	TL: 1.171e-02	VL: 1.015e-02	 1.427e-02	 lr:0.0002
Epoch: 9	TL: 1.082e-02	VL: 9.396e-03	 1.183e-02	 lr:0.0002
Epoch: 10	TL: 9.438e-03	VL: 9.039e-03	 1.044e-02	 lr:0.0002
Epoch: 11	TL: 8.477e-03	VL: 6.144e-03	 8.291e-03	 lr:0.0002
Epoch: 12	TL: 7.063e-03	VL: 1.448e-02	 1.138e-02	 lr:0.0002
Epoch: 13	TL: 6.382e-03	VL: 6.444e-03	 8.914e-03	 lr:0.0002
Epoch: 14	TL: 6.540e-03	VL: 5.213e-03	 7.063e-03	 lr:0.0002
Epoch: 15	TL: 5.149e-03	VL: 5.379e-03	 6.221e-03	 lr:0.0002
Epoch: 16	TL: 5.020e-03	VL: 4.800e-03	 5.510e-03	 lr:0.0002
Epoch: 17	TL: 4.874e-03	VL: 3.728e-03	 4.619e-03	 lr:0.0002
Epoch: 18	TL: 4.305e-03	VL: 4.313e-03	 4.466e-03	 lr:0.0002
Epoch: 19	TL: 4.296e-03	VL: 3.990e-03	 4.228e-03	 lr:0.0002
Epoch: 20	TL: 4.246e-03	VL: 3.371e-03	 3.800e-03	 lr:0.0002
Epoch: 21	TL: 3.850e-03	VL: 4.062e-03	 3.931e-03	 lr:0.0002
Epoch: 22	TL: 3.763e-03	VL: 3.580e-03	 3.755e-03	 lr:0.0002
Epoch: 23	TL: 3.468e-03	VL: 3.041e-03	 3.398e-03	 lr:0.0002
Epoch: 24	TL: 3.549e-03	VL: 4.238e-03	 3.818e-03	 lr:0.0002
Epoch: 25	TL: 3.225e-03	VL: 2.981e-03	 3.399e-03	 lr:0.0002
Epoch: 26	TL: 3.277e-03	VL: 6.799e-03	 5.099e-03	 lr:0.0002
Epoch: 27	TL: 3.056e-03	VL: 3.483e-03	 4.291e-03	 lr:0.0002
Epoch: 28	TL: 2.791e-03	VL: 2.858e-03	 3.574e-03	 lr:0.0002
Epoch: 29	TL: 3.194e-03	VL: 2.567e-03	 3.070e-03	 lr:0.0002
Epoch: 30	TL: 2.668e-03	VL: 2.666e-03	 2.868e-03	 lr:0.0002
Epoch: 31	TL: 2.861e-03	VL: 3.157e-03	 3.013e-03	 lr:0.0002
Epoch: 32	TL: 2.599e-03	VL: 3.220e-03	 3.116e-03	 lr:0.0002
Epoch: 33	TL: 2.593e-03	VL: 3.991e-03	 3.553e-03	 lr:0.0002
Epoch: 34	TL: 2.429e-03	VL: 2.390e-03	 2.972e-03	 lr:0.0002
Epoch: 35	TL: 2.377e-03	VL: 3.117e-03	 3.044e-03	 lr:0.0002
Epoch: 36	TL: 2.360e-03	VL: 2.060e-03	 2.552e-03	 lr:0.0002
Epoch: 37	TL: 2.362e-03	VL: 2.627e-03	 2.590e-03	 lr:0.0002
Epoch: 38	TL: 2.158e-03	VL: 2.324e-03	 2.457e-03	 lr:0.0002
Epoch: 39	TL: 2.233e-03	VL: 2.510e-03	 2.483e-03	 lr:0.0002
Epoch: 40	TL: 2.090e-03	VL: 2.879e-03	 2.681e-03	 lr:0.0002
Epoch: 41	TL: 2.057e-03	VL: 2.324e-03	 2.503e-03	 lr:0.0002
Epoch: 42	TL: 2.025e-03	VL: 2.065e-03	 2.284e-03	 lr:0.0002
Epoch: 43	TL: 2.036e-03	VL: 3.624e-03	 2.954e-03	 lr:0.0002
Epoch: 44	TL: 1.956e-03	VL: 3.316e-03	 3.135e-03	 lr:0.0002
Epoch: 45	TL: 1.870e-03	VL: 1.991e-03	 2.563e-03	 lr:0.0002
Epoch: 46	TL: 1.797e-03	VL: 1.915e-03	 2.239e-03	 lr:0.0002
Epoch: 47	TL: 1.801e-03	VL: 2.514e-03	 2.377e-03	 lr:0.0002
Epoch: 48	TL: 1.706e-03	VL: 2.965e-03	 2.671e-03	 lr:0.0002
Epoch: 49	TL: 1.803e-03	VL: 1.737e-03	 2.204e-03	 lr:0.0002
Epoch: 50	TL: 1.718e-03	VL: 1.806e-03	 2.005e-03	 lr:0.0002
Epoch: 51	TL: 1.763e-03	VL: 2.292e-03	 2.149e-03	 lr:0.0002
Epoch: 52	TL: 1.544e-03	VL: 1.677e-03	 1.913e-03	 lr:0.0002
Epoch: 53	TL: 1.743e-03	VL: 2.806e-03	 2.359e-03	 lr:0.0002
Epoch: 54	TL: 1.603e-03	VL: 2.677e-03	 2.518e-03	 lr:0.0002
Epoch: 55	TL: 1.513e-03	VL: 1.836e-03	 2.177e-03	 lr:0.0002
Epoch: 56	TL: 1.561e-03	VL: 2.200e-03	 2.189e-03	 lr:0.0002
Epoch: 57	TL: 1.510e-03	VL: 1.578e-03	 1.883e-03	 lr:0.0002
Epoch: 58	TL: 1.560e-03	VL: 2.101e-03	 1.992e-03	 lr:0.0002
Epoch: 59	TL: 1.494e-03	VL: 1.584e-03	 1.788e-03	 lr:0.0002
Epoch: 60	TL: 1.464e-03	VL: 1.990e-03	 1.889e-03	 lr:0.0002
Epoch: 61	TL: 1.416e-03	VL: 1.707e-03	 1.798e-03	 lr:0.0002
Epoch: 62	TL: 1.373e-03	VL: 1.941e-03	 1.870e-03	 lr:0.0002
Epoch: 63	TL: 1.438e-03	VL: 1.728e-03	 1.799e-03	 lr:0.0002
Epoch: 64	TL: 1.369e-03	VL: 1.647e-03	 1.723e-03	 lr:0.0002
Epoch: 65	TL: 1.387e-03	VL: 1.590e-03	 1.656e-03	 lr:0.0002
Epoch: 66	TL: 1.319e-03	VL: 2.543e-03	 2.100e-03	 lr:0.0002
Epoch: 67	TL: 1.307e-03	VL: 1.412e-03	 1.756e-03	 lr:0.0002
Epoch: 68	TL: 1.315e-03	VL: 1.479e-03	 1.617e-03	 lr:0.0002
Epoch: 69	TL: 1.223e-03	VL: 1.392e-03	 1.505e-03	 lr:0.0002
Epoch: 70	TL: 1.336e-03	VL: 1.452e-03	 1.478e-03	 lr:0.0002
Epoch: 71	TL: 1.289e-03	VL: 1.762e-03	 1.620e-03	 lr:0.0002
Epoch: 72	TL: 1.250e-03	VL: 2.869e-03	 2.245e-03	 lr:0.0002
Epoch: 73	TL: 1.212e-03	VL: 2.291e-03	 2.268e-03	 lr:0.0002
Epoch: 74	TL: 1.161e-03	VL: 1.855e-03	 2.061e-03	 lr:0.0002
Epoch: 75	TL: 1.174e-03	VL: 1.224e-03	 1.643e-03	 lr:0.0002
Epoch: 76	TL: 1.158e-03	VL: 1.593e-03	 1.618e-03	 lr:0.0002
Epoch: 77	TL: 1.170e-03	VL: 1.369e-03	 1.494e-03	 lr:0.0002
Epoch: 78	TL: 1.100e-03	VL: 1.834e-03	 1.664e-03	 lr:0.0002
Epoch: 79	TL: 1.212e-03	VL: 1.227e-03	 1.445e-03	 lr:0.0002
Epoch: 80	TL: 1.117e-03	VL: 1.457e-03	 1.451e-03	 lr:0.0002
Epoch: 81	TL: 1.127e-03	VL: 1.473e-03	 1.462e-03	 lr:0.0002
Epoch: 82	TL: 1.092e-03	VL: 1.630e-03	 1.546e-03	 lr:0.0002
Epoch: 83	TL: 1.155e-03	VL: 1.498e-03	 1.522e-03	 lr:0.0002
Epoch: 84	TL: 1.046e-03	VL: 1.405e-03	 1.464e-03	 lr:0.0002
Epoch: 85	TL: 1.059e-03	VL: 1.304e-03	 1.384e-03	 lr:0.0002
Epoch: 86	TL: 1.070e-03	VL: 3.956e-03	 2.670e-03	 lr:0.0002
Epoch: 87	TL: 1.023e-03	VL: 1.297e-03	 1.983e-03	 lr:0.0002
Epoch: 88	TL: 1.028e-03	VL: 1.336e-03	 1.660e-03	 lr:0.0002
Epoch: 89	TL: 1.075e-03	VL: 4.392e-03	 3.026e-03	 lr:0.0002
Epoch: 90	TL: 1.015e-03	VL: 1.110e-03	 2.068e-03	 lr:0.0002
Epoch: 91	TL: 9.873e-04	VL: 1.147e-03	 1.608e-03	 lr:0.0002
Epoch: 92	TL: 1.021e-03	VL: 1.765e-03	 1.686e-03	 lr:0.0002
Epoch: 93	TL: 9.534e-04	VL: 1.224e-03	 1.455e-03	 lr:0.0002
Epoch: 94	TL: 9.799e-04	VL: 1.344e-03	 1.400e-03	 lr:0.0002
Epoch: 95	TL: 1.012e-03	VL: 1.348e-03	 1.374e-03	 lr:0.0002
Epoch: 96	TL: 9.396e-04	VL: 1.565e-03	 1.469e-03	 lr:0.0002
Epoch: 97	TL: 9.156e-04	VL: 3.266e-03	 2.367e-03	 lr:0.0002
Epoch: 98	TL: 1.042e-03	VL: 1.580e-03	 1.974e-03	 lr:0.0002
Epoch: 99	TL: 9.064e-04	VL: 1.280e-03	 1.627e-03	 lr:0.0002
Epoch: 100	TL: 9.567e-04	VL: 1.234e-03	 1.431e-03	 lr:0.0002
Epoch: 101	TL: 1.000e-03	VL: 1.140e-03	 1.285e-03	 lr:0.0002
Epoch: 102	TL: 8.525e-04	VL: 1.324e-03	 1.305e-03	 lr:0.0002
Epoch: 103	TL: 9.654e-04	VL: 1.034e-03	 1.169e-03	 lr:0.0002
Epoch: 104	TL: 8.870e-04	VL: 1.338e-03	 1.254e-03	 lr:0.0002
Epoch: 105	TL: 8.727e-04	VL: 1.409e-03	 1.331e-03	 lr:0.0002
Epoch: 106	TL: 9.394e-04	VL: 1.014e-03	 1.173e-03	 lr:0.0002
Epoch: 107	TL: 8.687e-04	VL: 1.069e-03	 1.121e-03	 lr:0.0002
Epoch: 108	TL: 9.252e-04	VL: 1.711e-03	 1.416e-03	 lr:0.0002
Epoch: 109	TL: 8.667e-04	VL: 1.338e-03	 1.377e-03	 lr:0.0002
Epoch: 110	TL: 8.573e-04	VL: 1.061e-03	 1.219e-03	 lr:0.0002
Epoch: 111	TL: 8.641e-04	VL: 1.109e-03	 1.164e-03	 lr:0.0002
Epoch: 112	TL: 9.009e-04	VL: 1.224e-03	 1.194e-03	 lr:0.0002
Epoch: 113	TL: 8.781e-04	VL: 1.219e-03	 1.207e-03	 lr:0.0002
Epoch: 114	TL: 8.269e-04	VL: 1.130e-03	 1.169e-03	 lr:0.0002
Epoch: 115	TL: 8.666e-04	VL: 1.761e-03	 1.465e-03	 lr:0.0002
Epoch: 116	TL: 9.266e-04	VL: 2.379e-03	 1.922e-03	 lr:0.0002
Epoch: 117	TL: 8.033e-04	VL: 1.898e-03	 1.910e-03	 lr:0.0002
Epoch: 118	TL: 8.546e-04	VL: 1.127e-03	 1.519e-03	 lr:0.0002
Epoch: 119	TL: 8.665e-04	VL: 2.512e-03	 2.016e-03	 lr:0.0002
Epoch: 120	TL: 7.715e-04	VL: 2.085e-03	 2.050e-03	 lr:0.0002
Epoch: 121	TL: 8.447e-04	VL: 1.171e-03	 1.611e-03	 lr:0.0002
Epoch: 122	TL: 8.361e-04	VL: 9.971e-04	 1.304e-03	 lr:0.0002
Epoch: 123	TL: 7.756e-04	VL: 1.095e-03	 1.200e-03	 lr:0.0002
Epoch: 124	TL: 7.947e-04	VL: 1.002e-03	 1.101e-03	 lr:0.0002
Epoch: 125	TL: 7.970e-04	VL: 2.315e-03	 1.708e-03	 lr:0.0002
Epoch: 126	TL: 8.393e-04	VL: 1.131e-03	 1.419e-03	 lr:0.0002
Epoch: 127	TL: 7.687e-04	VL: 1.305e-03	 1.362e-03	 lr:0.0002
Epoch: 128	TL: 8.263e-04	VL: 1.140e-03	 1.251e-03	 lr:0.0002
Epoch: 129	TL: 7.127e-04	VL: 1.112e-03	 1.181e-03	 lr:0.0002
Epoch: 130	TL: 7.588e-04	VL: 1.067e-03	 1.124e-03	 lr:0.0002
Epoch: 131	TL: 7.570e-04	VL: 1.266e-03	 1.195e-03	 lr:0.0002
Epoch: 132	TL: 7.415e-04	VL: 1.174e-03	 1.185e-03	 lr:0.0002
Epoch: 133	TL: 7.426e-04	VL: 1.097e-03	 1.141e-03	 lr:0.0002
Epoch: 134	TL: 7.525e-04	VL: 1.260e-03	 1.201e-03	 lr:0.0002
Epoch: 135	TL: 7.330e-04	VL: 1.011e-03	 1.106e-03	 lr:0.0002
Epoch: 136	TL: 7.571e-04	VL: 2.140e-03	 1.623e-03	 lr:0.0002
Epoch: 137	TL: 7.468e-04	VL: 1.021e-03	 1.322e-03	 lr:0.0002
Epoch: 138	TL: 7.351e-04	VL: 1.121e-03	 1.221e-03	 lr:0.0002
Epoch: 139	TL: 7.491e-04	VL: 9.826e-04	 1.102e-03	 lr:0.0002
Epoch: 140	TL: 7.029e-04	VL: 1.036e-03	 1.069e-03	 lr:0.0002
Epoch: 141	TL: 7.355e-04	VL: 1.005e-03	 1.037e-03	 lr:0.0002
Epoch: 142	TL: 7.357e-04	VL: 1.136e-03	 1.086e-03	 lr:0.0002
Epoch: 143	TL: 7.668e-04	VL: 1.148e-03	 1.117e-03	 lr:0.0002
Epoch: 144	TL: 6.867e-04	VL: 1.036e-03	 1.077e-03	 lr:0.0002
Epoch: 145	TL: 7.181e-04	VL: 1.120e-03	 1.098e-03	 lr:0.0002
Epoch: 146	TL: 7.027e-04	VL: 1.017e-03	 1.058e-03	 lr:0.0002
Epoch: 147	TL: 7.202e-04	VL: 1.397e-03	 1.228e-03	 lr:0.0002
Epoch: 148	TL: 6.959e-04	VL: 1.224e-03	 1.226e-03	 lr:0.0002
Epoch: 149	TL: 7.704e-04	VL: 1.037e-03	 1.132e-03	 lr:0.0002
Epoch: 150	TL: 6.645e-04	VL: 1.138e-03	 1.135e-03	 lr:0.0002
Epoch: 151	TL: 6.753e-04	VL: 1.133e-03	 1.134e-03	 lr:0.0002
Epoch: 152	TL: 6.568e-04	VL: 1.210e-03	 1.172e-03	 lr:0.0002
Epoch: 153	TL: 6.443e-04	VL: 1.159e-03	 1.166e-03	 lr:0.0002
Epoch: 154	TL: 7.488e-04	VL: 9.868e-04	 1.076e-03	 lr:0.0002
Epoch: 155	TL: 6.608e-04	VL: 1.072e-03	 1.074e-03	 lr:0.0002
Epoch: 156	TL: 6.826e-04	VL: 1.108e-03	 1.091e-03	 lr:0.0002
Epoch: 157	TL: 6.269e-04	VL: 1.387e-03	 1.239e-03	 lr:0.0002
Epoch: 158	TL: 6.491e-04	VL: 1.116e-03	 1.178e-03	 lr:0.0002
Epoch: 159	TL: 7.015e-04	VL: 1.668e-03	 1.423e-03	 lr:0.0002
Epoch: 160	TL: 6.302e-04	VL: 1.038e-03	 1.230e-03	 lr:0.0002
Epoch: 161	TL: 6.537e-04	VL: 8.844e-04	 1.057e-03	 lr:0.0002
Epoch: 162	TL: 6.301e-04	VL: 1.442e-03	 1.250e-03	 lr:0.0002
Epoch: 163	TL: 3.219e-04	VL: 7.839e-04	 1.017e-03	 lr:0.0001
Epoch: 164	TL: 3.585e-04	VL: 8.149e-04	 9.159e-04	 lr:0.0001
Epoch: 165	TL: 3.733e-04	VL: 8.352e-04	 8.755e-04	 lr:0.0001
Epoch: 166	TL: 3.582e-04	VL: 8.429e-04	 8.592e-04	 lr:0.0001
Epoch: 167	TL: 3.543e-04	VL: 8.103e-04	 8.347e-04	 lr:0.0001
Epoch: 168	TL: 3.721e-04	VL: 7.939e-04	 8.143e-04	 lr:0.0001
Epoch: 169	TL: 3.520e-04	VL: 8.196e-04	 8.170e-04	 lr:0.0001
Epoch: 170	TL: 3.586e-04	VL: 9.445e-04	 8.807e-04	 lr:0.0001
Epoch: 171	TL: 3.574e-04	VL: 8.107e-04	 8.457e-04	 lr:0.0001
Epoch: 172	TL: 3.532e-04	VL: 8.500e-04	 8.479e-04	 lr:0.0001
Epoch: 173	TL: 3.337e-04	VL: 7.500e-04	 7.989e-04	 lr:0.0001
Epoch: 174	TL: 3.552e-04	VL: 7.848e-04	 7.919e-04	 lr:0.0001
Epoch: 175	TL: 3.378e-04	VL: 8.771e-04	 8.345e-04	 lr:0.0001
Epoch: 176	TL: 3.488e-04	VL: 7.909e-04	 8.127e-04	 lr:0.0001
Epoch: 177	TL: 3.556e-04	VL: 7.561e-04	 7.844e-04	 lr:0.0001
Epoch: 178	TL: 3.463e-04	VL: 7.412e-04	 7.628e-04	 lr:0.0001
Epoch: 179	TL: 3.262e-04	VL: 7.702e-04	 7.665e-04	 lr:0.0001
Epoch: 180	TL: 3.434e-04	VL: 7.520e-04	 7.592e-04	 lr:0.0001
Epoch: 181	TL: 3.470e-04	VL: 7.602e-04	 7.597e-04	 lr:0.0001
Epoch: 182	TL: 3.357e-04	VL: 7.400e-04	 7.498e-04	 lr:0.0001
Epoch: 183	TL: 3.455e-04	VL: 8.963e-04	 8.231e-04	 lr:0.0001
Epoch: 184	TL: 3.207e-04	VL: 7.121e-04	 7.676e-04	 lr:0.0001
Epoch: 185	TL: 3.360e-04	VL: 7.499e-04	 7.587e-04	 lr:0.0001
Epoch: 186	TL: 3.302e-04	VL: 8.817e-04	 8.202e-04	 lr:0.0001
Epoch: 187	TL: 3.335e-04	VL: 7.912e-04	 8.057e-04	 lr:0.0001
Epoch: 188	TL: 3.394e-04	VL: 7.658e-04	 7.858e-04	 lr:0.0001
Epoch: 189	TL: 3.239e-04	VL: 7.076e-04	 7.467e-04	 lr:0.0001
Epoch: 190	TL: 3.198e-04	VL: 9.708e-04	 8.587e-04	 lr:0.0001
Epoch: 191	TL: 3.373e-04	VL: 7.068e-04	 7.828e-04	 lr:0.0001
Epoch: 192	TL: 3.246e-04	VL: 7.071e-04	 7.449e-04	 lr:0.0001
Epoch: 193	TL: 3.224e-04	VL: 7.911e-04	 7.680e-04	 lr:0.0001
Epoch: 194	TL: 3.219e-04	VL: 7.857e-04	 7.768e-04	 lr:0.0001
Epoch: 195	TL: 3.197e-04	VL: 7.785e-04	 7.777e-04	 lr:0.0001
Epoch: 196	TL: 3.125e-04	VL: 9.087e-04	 8.432e-04	 lr:0.0001
Epoch: 197	TL: 3.124e-04	VL: 7.463e-04	 7.948e-04	 lr:0.0001
Epoch: 198	TL: 3.135e-04	VL: 7.838e-04	 7.893e-04	 lr:0.0001
Epoch: 199	TL: 3.133e-04	VL: 8.600e-04	 8.246e-04	 lr:0.0001
Epoch: 200	TL: 3.260e-04	VL: 7.194e-04	 7.720e-04	 lr:0.0001
Epoch: 201	TL: 2.969e-04	VL: 6.966e-04	 7.343e-04	 lr:0.0001
Epoch: 202	TL: 3.264e-04	VL: 7.859e-04	 7.601e-04	 lr:0.0001
Epoch: 203	TL: 3.007e-04	VL: 7.095e-04	 7.348e-04	 lr:0.0001
Epoch: 204	TL: 3.041e-04	VL: 9.399e-04	 8.373e-04	 lr:0.0001
Epoch: 205	TL: 3.024e-04	VL: 8.460e-04	 8.417e-04	 lr:0.0001
Epoch: 206	TL: 3.143e-04	VL: 7.263e-04	 7.840e-04	 lr:0.0001
Epoch: 207	TL: 3.069e-04	VL: 9.278e-04	 8.559e-04	 lr:0.0001
Epoch: 208	TL: 3.150e-04	VL: 7.280e-04	 7.919e-04	 lr:0.0001
Epoch: 209	TL: 3.054e-04	VL: 6.807e-04	 7.363e-04	 lr:0.0001
Epoch: 210	TL: 3.040e-04	VL: 7.982e-04	 7.673e-04	 lr:0.0001
Epoch: 211	TL: 2.960e-04	VL: 7.413e-04	 7.543e-04	 lr:0.0001
Epoch: 212	TL: 3.020e-04	VL: 7.066e-04	 7.304e-04	 lr:0.0001
Epoch: 213	TL: 3.057e-04	VL: 8.102e-04	 7.703e-04	 lr:0.0001
Epoch: 214	TL: 3.111e-04	VL: 6.952e-04	 7.328e-04	 lr:0.0001
Epoch: 215	TL: 2.943e-04	VL: 7.101e-04	 7.214e-04	 lr:0.0001
Epoch: 216	TL: 3.071e-04	VL: 7.547e-04	 7.381e-04	 lr:0.0001
Epoch: 217	TL: 3.020e-04	VL: 7.252e-04	 7.316e-04	 lr:0.0001
Epoch: 218	TL: 2.954e-04	VL: 7.417e-04	 7.367e-04	 lr:0.0001
Epoch: 219	TL: 2.990e-04	VL: 7.950e-04	 7.658e-04	 lr:0.0001
Epoch: 220	TL: 2.925e-04	VL: 7.817e-04	 7.738e-04	 lr:0.0001
Epoch: 221	TL: 2.987e-04	VL: 7.381e-04	 7.559e-04	 lr:0.0001
Epoch: 222	TL: 2.942e-04	VL: 6.886e-04	 7.223e-04	 lr:0.0001
Epoch: 223	TL: 2.904e-04	VL: 7.595e-04	 7.409e-04	 lr:0.0001
Epoch: 224	TL: 2.914e-04	VL: 8.071e-04	 7.740e-04	 lr:0.0001
Epoch: 225	TL: 3.017e-04	VL: 8.313e-04	 8.026e-04	 lr:0.0001
Epoch: 226	TL: 2.909e-04	VL: 7.331e-04	 7.678e-04	 lr:0.0001
Epoch: 227	TL: 2.988e-04	VL: 9.300e-04	 8.489e-04	 lr:0.0001
Epoch: 228	TL: 2.797e-04	VL: 7.510e-04	 8.000e-04	 lr:0.0001
Epoch: 229	TL: 2.689e-04	VL: 9.214e-04	 8.607e-04	 lr:0.0001
Epoch: 230	TL: 3.143e-04	VL: 7.095e-04	 7.851e-04	 lr:0.0001
Epoch: 231	TL: 2.720e-04	VL: 7.094e-04	 7.472e-04	 lr:0.0001
Epoch: 232	TL: 2.970e-04	VL: 7.685e-04	 7.579e-04	 lr:0.0001
Epoch: 233	TL: 2.827e-04	VL: 8.508e-04	 8.043e-04	 lr:0.0001
Epoch: 234	TL: 2.832e-04	VL: 7.217e-04	 7.630e-04	 lr:0.0001
Epoch: 235	TL: 2.810e-04	VL: 8.224e-04	 7.927e-04	 lr:0.0001
Epoch: 236	TL: 2.796e-04	VL: 7.513e-04	 7.720e-04	 lr:0.0001
Epoch: 237	TL: 1.738e-04	VL: 6.873e-04	 7.297e-04	 lr:5e-05
Epoch: 238	TL: 1.906e-04	VL: 6.611e-04	 6.954e-04	 lr:5e-05
Epoch: 239	TL: 1.907e-04	VL: 6.381e-04	 6.667e-04	 lr:5e-05
Epoch: 240	TL: 1.882e-04	VL: 6.437e-04	 6.552e-04	 lr:5e-05
Epoch: 241	TL: 1.865e-04	VL: 6.378e-04	 6.465e-04	 lr:5e-05
Epoch: 242	TL: 1.898e-04	VL: 6.485e-04	 6.475e-04	 lr:5e-05
Epoch: 243	TL: 1.952e-04	VL: 6.560e-04	 6.517e-04	 lr:5e-05
Epoch: 244	TL: 1.859e-04	VL: 6.468e-04	 6.493e-04	 lr:5e-05
Epoch: 245	TL: 1.931e-04	VL: 6.479e-04	 6.486e-04	 lr:5e-05
Epoch: 246	TL: 1.854e-04	VL: 6.481e-04	 6.483e-04	 lr:5e-05
Epoch: 247	TL: 1.862e-04	VL: 6.388e-04	 6.436e-04	 lr:5e-05
Epoch: 248	TL: 1.840e-04	VL: 6.597e-04	 6.516e-04	 lr:5e-05
Epoch: 249	TL: 1.853e-04	VL: 6.580e-04	 6.548e-04	 lr:5e-05
Epoch: 250	TL: 1.887e-04	VL: 6.524e-04	 6.536e-04	 lr:5e-05
Epoch: 251	TL: 1.860e-04	VL: 6.185e-04	 6.360e-04	 lr:5e-05
Epoch: 252	TL: 1.765e-04	VL: 6.244e-04	 6.302e-04	 lr:5e-05
Epoch: 253	TL: 1.866e-04	VL: 6.578e-04	 6.440e-04	 lr:5e-05
Epoch: 254	TL: 1.807e-04	VL: 6.342e-04	 6.391e-04	 lr:5e-05
Epoch: 255	TL: 1.845e-04	VL: 7.424e-04	 6.908e-04	 lr:5e-05
Epoch: 256	TL: 1.856e-04	VL: 6.852e-04	 6.880e-04	 lr:5e-05
Epoch: 257	TL: 1.796e-04	VL: 6.764e-04	 6.822e-04	 lr:5e-05
Epoch: 258	TL: 1.795e-04	VL: 6.429e-04	 6.626e-04	 lr:5e-05
Epoch: 259	TL: 1.801e-04	VL: 6.414e-04	 6.520e-04	 lr:5e-05
Epoch: 260	TL: 1.812e-04	VL: 6.240e-04	 6.380e-04	 lr:5e-05
Epoch: 261	TL: 1.753e-04	VL: 6.378e-04	 6.379e-04	 lr:5e-05
Epoch: 262	TL: 1.805e-04	VL: 6.379e-04	 6.379e-04	 lr:5e-05
Epoch: 263	TL: 1.831e-04	VL: 6.330e-04	 6.354e-04	 lr:5e-05
Epoch: 264	TL: 1.784e-04	VL: 6.261e-04	 6.307e-04	 lr:5e-05
Epoch: 265	TL: 1.770e-04	VL: 6.442e-04	 6.375e-04	 lr:5e-05
Epoch: 266	TL: 1.736e-04	VL: 6.338e-04	 6.356e-04	 lr:5e-05
Epoch: 267	TL: 1.766e-04	VL: 6.129e-04	 6.243e-04	 lr:5e-05
Epoch: 268	TL: 1.774e-04	VL: 6.347e-04	 6.295e-04	 lr:5e-05
Epoch: 269	TL: 1.743e-04	VL: 6.515e-04	 6.405e-04	 lr:5e-05
Epoch: 270	TL: 1.756e-04	VL: 6.558e-04	 6.481e-04	 lr:5e-05
Epoch: 271	TL: 1.799e-04	VL: 6.478e-04	 6.480e-04	 lr:5e-05
Epoch: 272	TL: 1.729e-04	VL: 6.160e-04	 6.320e-04	 lr:5e-05
Epoch: 273	TL: 1.761e-04	VL: 6.222e-04	 6.271e-04	 lr:5e-05
Epoch: 274	TL: 1.731e-04	VL: 6.486e-04	 6.379e-04	 lr:5e-05
Epoch: 275	TL: 1.732e-04	VL: 6.257e-04	 6.318e-04	 lr:5e-05
Epoch: 276	TL: 1.720e-04	VL: 6.461e-04	 6.389e-04	 lr:5e-05
Epoch: 277	TL: 1.816e-04	VL: 6.812e-04	 6.601e-04	 lr:5e-05
Epoch: 278	TL: 1.680e-04	VL: 6.312e-04	 6.456e-04	 lr:5e-05
Epoch: 279	TL: 1.728e-04	VL: 6.227e-04	 6.342e-04	 lr:5e-05
Epoch: 280	TL: 1.677e-04	VL: 6.157e-04	 6.249e-04	 lr:5e-05
Epoch: 281	TL: 1.710e-04	VL: 6.417e-04	 6.333e-04	 lr:5e-05
Epoch: 282	TL: 1.703e-04	VL: 7.798e-04	 7.065e-04	 lr:5e-05
Epoch: 283	TL: 1.718e-04	VL: 6.181e-04	 6.623e-04	 lr:5e-05
Epoch: 284	TL: 1.696e-04	VL: 6.263e-04	 6.443e-04	 lr:5e-05
Epoch: 285	TL: 1.681e-04	VL: 6.477e-04	 6.460e-04	 lr:5e-05
Epoch: 286	TL: 1.740e-04	VL: 6.521e-04	 6.490e-04	 lr:5e-05
Epoch: 287	TL: 1.668e-04	VL: 6.320e-04	 6.405e-04	 lr:5e-05
Epoch: 288	TL: 1.664e-04	VL: 6.225e-04	 6.315e-04	 lr:5e-05
Epoch: 289	TL: 1.329e-04	VL: 6.379e-04	 6.347e-04	 lr:2.5e-05
Epoch: 290	TL: 1.352e-04	VL: 6.101e-04	 6.224e-04	 lr:2.5e-05
Epoch: 291	TL: 1.337e-04	VL: 6.040e-04	 6.132e-04	 lr:2.5e-05
Epoch: 292	TL: 1.334e-04	VL: 6.010e-04	 6.071e-04	 lr:2.5e-05
Epoch: 293	TL: 1.350e-04	VL: 6.028e-04	 6.049e-04	 lr:2.5e-05
Epoch: 294	TL: 1.339e-04	VL: 6.077e-04	 6.063e-04	 lr:2.5e-05
Epoch: 295	TL: 1.352e-04	VL: 6.651e-04	 6.357e-04	 lr:2.5e-05
Epoch: 296	TL: 1.325e-04	VL: 6.020e-04	 6.188e-04	 lr:2.5e-05
Epoch: 297	TL: 1.346e-04	VL: 6.123e-04	 6.156e-04	 lr:2.5e-05
Epoch: 298	TL: 1.340e-04	VL: 6.022e-04	 6.089e-04	 lr:2.5e-05
Epoch: 299	TL: 1.321e-04	VL: 6.052e-04	 6.071e-04	 lr:2.5e-05
Epoch: 300	TL: 1.341e-04	VL: 6.022e-04	 6.046e-04	 lr:2.5e-05
Epoch: 301	TL: 1.304e-04	VL: 5.969e-04	 6.008e-04	 lr:2.5e-05
Epoch: 302	TL: 1.342e-04	VL: 6.080e-04	 6.044e-04	 lr:2.5e-05
Epoch: 303	TL: 1.317e-04	VL: 6.263e-04	 6.154e-04	 lr:2.5e-05
Epoch: 304	TL: 1.310e-04	VL: 6.382e-04	 6.268e-04	 lr:2.5e-05
Epoch: 305	TL: 1.321e-04	VL: 6.231e-04	 6.249e-04	 lr:2.5e-05
Epoch: 306	TL: 1.299e-04	VL: 6.476e-04	 6.363e-04	 lr:2.5e-05
Epoch: 307	TL: 1.308e-04	VL: 6.005e-04	 6.184e-04	 lr:2.5e-05
Epoch: 308	TL: 1.325e-04	VL: 5.997e-04	 6.091e-04	 lr:2.5e-05
Epoch: 309	TL: 1.300e-04	VL: 6.029e-04	 6.060e-04	 lr:2.5e-05
Epoch: 310	TL: 1.317e-04	VL: 5.935e-04	 5.997e-04	 lr:2.5e-05
Epoch: 311	TL: 1.286e-04	VL: 6.157e-04	 6.077e-04	 lr:2.5e-05
Epoch: 312	TL: 1.306e-04	VL: 5.942e-04	 6.009e-04	 lr:2.5e-05
Epoch: 313	TL: 1.304e-04	VL: 5.952e-04	 5.981e-04	 lr:2.5e-05
Epoch: 314	TL: 1.279e-04	VL: 6.111e-04	 6.046e-04	 lr:2.5e-05
Epoch: 315	TL: 1.296e-04	VL: 5.901e-04	 5.973e-04	 lr:2.5e-05
Epoch: 316	TL: 1.300e-04	VL: 6.130e-04	 6.051e-04	 lr:2.5e-05
Epoch: 317	TL: 1.306e-04	VL: 5.925e-04	 5.988e-04	 lr:2.5e-05
Epoch: 318	TL: 1.274e-04	VL: 5.943e-04	 5.966e-04	 lr:2.5e-05
Epoch: 319	TL: 1.277e-04	VL: 5.992e-04	 5.979e-04	 lr:2.5e-05
Epoch: 320	TL: 1.279e-04	VL: 6.124e-04	 6.052e-04	 lr:2.5e-05
Epoch: 321	TL: 1.278e-04	VL: 5.966e-04	 6.009e-04	 lr:2.5e-05
Epoch: 322	TL: 1.282e-04	VL: 6.107e-04	 6.058e-04	 lr:2.5e-05
Epoch: 323	TL: 1.285e-04	VL: 5.883e-04	 5.970e-04	 lr:2.5e-05
Epoch: 324	TL: 1.283e-04	VL: 6.029e-04	 6.000e-04	 lr:2.5e-05
Epoch: 325	TL: 1.268e-04	VL: 5.997e-04	 5.998e-04	 lr:2.5e-05
Epoch: 326	TL: 1.256e-04	VL: 5.997e-04	 5.998e-04	 lr:2.5e-05
Epoch: 327	TL: 1.270e-04	VL: 6.025e-04	 6.012e-04	 lr:2.5e-05
Epoch: 328	TL: 1.273e-04	VL: 6.019e-04	 6.015e-04	 lr:2.5e-05
Epoch: 329	TL: 1.254e-04	VL: 6.138e-04	 6.077e-04	 lr:2.5e-05
Epoch: 330	TL: 1.260e-04	VL: 5.870e-04	 5.973e-04	 lr:2.5e-05
Epoch: 331	TL: 1.286e-04	VL: 5.957e-04	 5.965e-04	 lr:2.5e-05
Epoch: 332	TL: 1.244e-04	VL: 5.887e-04	 5.926e-04	 lr:2.5e-05
Epoch: 333	TL: 1.266e-04	VL: 6.147e-04	 6.036e-04	 lr:2.5e-05
Epoch: 334	TL: 1.253e-04	VL: 6.026e-04	 6.031e-04	 lr:2.5e-05
Epoch: 335	TL: 1.249e-04	VL: 6.159e-04	 6.095e-04	 lr:2.5e-05
Epoch: 336	TL: 1.283e-04	VL: 6.039e-04	 6.067e-04	 lr:2.5e-05
Epoch: 337	TL: 1.208e-04	VL: 5.940e-04	 6.003e-04	 lr:2.5e-05
Epoch: 338	TL: 1.240e-04	VL: 6.259e-04	 6.131e-04	 lr:2.5e-05
Epoch: 339	TL: 1.244e-04	VL: 6.051e-04	 6.091e-04	 lr:2.5e-05
Epoch: 340	TL: 1.245e-04	VL: 5.970e-04	 6.031e-04	 lr:2.5e-05
Epoch: 341	TL: 1.276e-04	VL: 5.852e-04	 5.941e-04	 lr:2.5e-05
Epoch: 342	TL: 1.224e-04	VL: 5.920e-04	 5.931e-04	 lr:2.5e-05
Epoch: 343	TL: 1.240e-04	VL: 6.122e-04	 6.027e-04	 lr:2.5e-05
Epoch: 344	TL: 1.246e-04	VL: 5.982e-04	 6.004e-04	 lr:2.5e-05
Epoch: 345	TL: 1.214e-04	VL: 6.050e-04	 6.027e-04	 lr:2.5e-05
Epoch: 346	TL: 1.240e-04	VL: 5.987e-04	 6.007e-04	 lr:2.5e-05
Epoch: 347	TL: 1.228e-04	VL: 6.198e-04	 6.103e-04	 lr:2.5e-05
Epoch: 348	TL: 1.217e-04	VL: 5.979e-04	 6.041e-04	 lr:2.5e-05
Epoch: 349	TL: 1.230e-04	VL: 6.185e-04	 6.113e-04	 lr:2.5e-05
Epoch: 350	TL: 1.212e-04	VL: 5.963e-04	 6.038e-04	 lr:2.5e-05
Epoch: 351	TL: 1.242e-04	VL: 5.811e-04	 5.925e-04	 lr:2.5e-05
Epoch: 352	TL: 1.214e-04	VL: 5.972e-04	 5.949e-04	 lr:2.5e-05
Epoch: 353	TL: 1.206e-04	VL: 5.831e-04	 5.890e-04	 lr:2.5e-05
Epoch: 354	TL: 1.234e-04	VL: 6.025e-04	 5.957e-04	 lr:2.5e-05
Epoch: 355	TL: 1.230e-04	VL: 5.847e-04	 5.902e-04	 lr:2.5e-05
Epoch: 356	TL: 1.223e-04	VL: 6.155e-04	 6.029e-04	 lr:2.5e-05
Epoch: 357	TL: 1.204e-04	VL: 5.888e-04	 5.958e-04	 lr:2.5e-05
Epoch: 358	TL: 1.234e-04	VL: 6.021e-04	 5.989e-04	 lr:2.5e-05
Epoch: 359	TL: 1.201e-04	VL: 6.154e-04	 6.072e-04	 lr:2.5e-05
Epoch: 360	TL: 1.212e-04	VL: 5.909e-04	 5.991e-04	 lr:2.5e-05
Epoch: 361	TL: 1.207e-04	VL: 6.018e-04	 6.004e-04	 lr:2.5e-05
Epoch: 362	TL: 1.198e-04	VL: 6.255e-04	 6.129e-04	 lr:2.5e-05
Epoch: 363	TL: 1.218e-04	VL: 5.953e-04	 6.041e-04	 lr:2.5e-05
Epoch: 364	TL: 1.201e-04	VL: 5.874e-04	 5.958e-04	 lr:2.5e-05
Epoch: 365	TL: 1.196e-04	VL: 6.065e-04	 6.011e-04	 lr:2.5e-05
Epoch: 366	TL: 1.197e-04	VL: 5.879e-04	 5.945e-04	 lr:2.5e-05
Epoch: 367	TL: 1.183e-04	VL: 6.314e-04	 6.129e-04	 lr:2.5e-05
Epoch: 368	TL: 1.218e-04	VL: 5.908e-04	 6.019e-04	 lr:2.5e-05
Epoch: 369	TL: 1.204e-04	VL: 6.405e-04	 6.212e-04	 lr:2.5e-05
Epoch: 370	TL: 1.210e-04	VL: 5.857e-04	 6.035e-04	 lr:2.5e-05
Epoch: 371	TL: 1.169e-04	VL: 5.926e-04	 5.981e-04	 lr:2.5e-05
Epoch: 372	TL: 1.186e-04	VL: 5.933e-04	 5.957e-04	 lr:2.5e-05
Epoch: 373	TL: 1.170e-04	VL: 5.864e-04	 5.910e-04	 lr:2.5e-05
Epoch: 374	TL: 1.202e-04	VL: 5.980e-04	 5.945e-04	 lr:2.5e-05
Epoch: 375	TL: 1.031e-04	VL: 5.784e-04	 5.865e-04	 lr:1.25e-05
Epoch: 376	TL: 1.026e-04	VL: 5.764e-04	 5.815e-04	 lr:1.25e-05
Epoch: 377	TL: 1.031e-04	VL: 5.765e-04	 5.790e-04	 lr:1.25e-05
Epoch: 378	TL: 1.047e-04	VL: 5.769e-04	 5.779e-04	 lr:1.25e-05
Epoch: 379	TL: 1.033e-04	VL: 6.150e-04	 5.965e-04	 lr:1.25e-05
Epoch: 380	TL: 1.043e-04	VL: 5.777e-04	 5.871e-04	 lr:1.25e-05
Epoch: 381	TL: 1.031e-04	VL: 6.037e-04	 5.954e-04	 lr:1.25e-05
Epoch: 382	TL: 1.034e-04	VL: 5.863e-04	 5.908e-04	 lr:1.25e-05
Epoch: 383	TL: 1.024e-04	VL: 5.787e-04	 5.848e-04	 lr:1.25e-05
Epoch: 384	TL: 1.038e-04	VL: 5.906e-04	 5.877e-04	 lr:1.25e-05
Epoch: 385	TL: 1.026e-04	VL: 5.844e-04	 5.860e-04	 lr:1.25e-05
Epoch: 386	TL: 1.040e-04	VL: 5.696e-04	 5.778e-04	 lr:1.25e-05
Epoch: 387	TL: 1.027e-04	VL: 5.740e-04	 5.759e-04	 lr:1.25e-05
Epoch: 388	TL: 1.021e-04	VL: 5.725e-04	 5.742e-04	 lr:1.25e-05
Epoch: 389	TL: 1.020e-04	VL: 5.821e-04	 5.782e-04	 lr:1.25e-05
Epoch: 390	TL: 1.025e-04	VL: 5.837e-04	 5.809e-04	 lr:1.25e-05
Epoch: 391	TL: 1.026e-04	VL: 5.729e-04	 5.769e-04	 lr:1.25e-05
Epoch: 392	TL: 1.030e-04	VL: 5.819e-04	 5.794e-04	 lr:1.25e-05
Epoch: 393	TL: 1.016e-04	VL: 5.740e-04	 5.767e-04	 lr:1.25e-05
Epoch: 394	TL: 1.023e-04	VL: 5.825e-04	 5.796e-04	 lr:1.25e-05
Epoch: 395	TL: 1.022e-04	VL: 5.763e-04	 5.779e-04	 lr:1.25e-05
Epoch: 396	TL: 1.025e-04	VL: 5.764e-04	 5.771e-04	 lr:1.25e-05
Epoch: 397	TL: 1.009e-04	VL: 5.785e-04	 5.778e-04	 lr:1.25e-05
Epoch: 398	TL: 1.013e-04	VL: 5.843e-04	 5.811e-04	 lr:1.25e-05
Epoch: 399	TL: 1.016e-04	VL: 5.875e-04	 5.843e-04	 lr:1.25e-05
Epoch: 400	TL: 1.017e-04	VL: 5.727e-04	 5.785e-04	 lr:1.25e-05
Epoch: 401	TL: 1.015e-04	VL: 5.868e-04	 5.826e-04	 lr:1.25e-05
Epoch: 402	TL: 1.022e-04	VL: 5.754e-04	 5.790e-04	 lr:1.25e-05
Epoch: 403	TL: 1.015e-04	VL: 5.709e-04	 5.750e-04	 lr:1.25e-05
Epoch: 404	TL: 1.015e-04	VL: 5.826e-04	 5.788e-04	 lr:1.25e-05
Epoch: 405	TL: 1.020e-04	VL: 5.681e-04	 5.734e-04	 lr:1.25e-05
Epoch: 406	TL: 1.010e-04	VL: 5.748e-04	 5.741e-04	 lr:1.25e-05
Epoch: 407	TL: 1.007e-04	VL: 5.814e-04	 5.778e-04	 lr:1.25e-05
Epoch: 408	TL: 1.012e-04	VL: 5.826e-04	 5.802e-04	 lr:1.25e-05
Epoch: 409	TL: 1.006e-04	VL: 5.816e-04	 5.809e-04	 lr:1.25e-05
Epoch: 410	TL: 1.005e-04	VL: 5.717e-04	 5.763e-04	 lr:1.25e-05
Epoch: 411	TL: 1.006e-04	VL: 5.972e-04	 5.867e-04	 lr:1.25e-05
Epoch: 412	TL: 1.006e-04	VL: 5.711e-04	 5.789e-04	 lr:1.25e-05
Epoch: 413	TL: 1.013e-04	VL: 5.731e-04	 5.760e-04	 lr:1.25e-05
Epoch: 414	TL: 1.004e-04	VL: 5.779e-04	 5.770e-04	 lr:1.25e-05
Epoch: 415	TL: 1.003e-04	VL: 5.871e-04	 5.820e-04	 lr:1.25e-05
Epoch: 416	TL: 9.980e-05	VL: 5.842e-04	 5.831e-04	 lr:1.25e-05
Epoch: 417	TL: 1.002e-04	VL: 5.843e-04	 5.837e-04	 lr:1.25e-05
Epoch: 418	TL: 1.002e-04	VL: 6.040e-04	 5.939e-04	 lr:1.25e-05
Epoch: 419	TL: 1.002e-04	VL: 5.689e-04	 5.814e-04	 lr:1.25e-05
Epoch: 420	TL: 1.006e-04	VL: 5.905e-04	 5.860e-04	 lr:1.25e-05
Epoch: 421	TL: 9.932e-05	VL: 5.755e-04	 5.807e-04	 lr:1.25e-05
Epoch: 422	TL: 9.936e-05	VL: 5.778e-04	 5.793e-04	 lr:1.25e-05
Epoch: 423	TL: 1.002e-04	VL: 5.751e-04	 5.772e-04	 lr:1.25e-05
Epoch: 424	TL: 9.953e-05	VL: 5.683e-04	 5.727e-04	 lr:1.25e-05
Epoch: 425	TL: 9.871e-05	VL: 5.814e-04	 5.770e-04	 lr:1.25e-05
Epoch: 426	TL: 9.908e-05	VL: 5.733e-04	 5.752e-04	 lr:1.25e-05
Epoch: 427	TL: 9.848e-05	VL: 5.781e-04	 5.767e-04	 lr:1.25e-05
Epoch: 428	TL: 9.968e-05	VL: 5.634e-04	 5.700e-04	 lr:1.25e-05
Epoch: 429	TL: 9.880e-05	VL: 5.727e-04	 5.714e-04	 lr:1.25e-05
Epoch: 430	TL: 9.946e-05	VL: 5.742e-04	 5.728e-04	 lr:1.25e-05
Epoch: 431	TL: 9.826e-05	VL: 5.757e-04	 5.743e-04	 lr:1.25e-05
Epoch: 432	TL: 9.847e-05	VL: 5.747e-04	 5.745e-04	 lr:1.25e-05
Epoch: 433	TL: 9.914e-05	VL: 5.796e-04	 5.770e-04	 lr:1.25e-05
Epoch: 434	TL: 9.802e-05	VL: 5.933e-04	 5.852e-04	 lr:1.25e-05
Epoch: 435	TL: 9.904e-05	VL: 5.762e-04	 5.807e-04	 lr:1.25e-05
Epoch: 436	TL: 9.831e-05	VL: 5.756e-04	 5.781e-04	 lr:1.25e-05
Epoch: 437	TL: 9.876e-05	VL: 5.696e-04	 5.739e-04	 lr:1.25e-05
Epoch: 438	TL: 9.797e-05	VL: 5.879e-04	 5.809e-04	 lr:1.25e-05
Epoch: 439	TL: 9.894e-05	VL: 5.784e-04	 5.797e-04	 lr:1.25e-05
Epoch: 440	TL: 9.752e-05	VL: 5.780e-04	 5.788e-04	 lr:1.25e-05
Epoch: 441	TL: 9.810e-05	VL: 5.766e-04	 5.777e-04	 lr:1.25e-05
Epoch: 442	TL: 9.817e-05	VL: 5.836e-04	 5.807e-04	 lr:1.25e-05
Epoch: 443	TL: 9.814e-05	VL: 5.739e-04	 5.773e-04	 lr:1.25e-05
Epoch: 444	TL: 9.794e-05	VL: 5.795e-04	 5.784e-04	 lr:1.25e-05
Epoch: 445	TL: 9.830e-05	VL: 5.699e-04	 5.741e-04	 lr:1.25e-05
Epoch: 446	TL: 9.725e-05	VL: 5.690e-04	 5.715e-04	 lr:1.25e-05
Epoch: 447	TL: 9.765e-05	VL: 5.787e-04	 5.751e-04	 lr:1.25e-05
Epoch: 448	TL: 9.688e-05	VL: 5.723e-04	 5.737e-04	 lr:1.25e-05
Epoch: 449	TL: 9.803e-05	VL: 5.750e-04	 5.744e-04	 lr:1.25e-05
Epoch: 450	TL: 9.016e-05	VL: 5.732e-04	 5.738e-04	 lr:6.25e-06
Epoch: 451	TL: 8.987e-05	VL: 5.631e-04	 5.684e-04	 lr:6.25e-06
Epoch: 452	TL: 9.081e-05	VL: 5.635e-04	 5.660e-04	 lr:6.25e-06
Epoch: 453	TL: 8.999e-05	VL: 5.661e-04	 5.660e-04	 lr:6.25e-06
Epoch: 454	TL: 9.026e-05	VL: 5.681e-04	 5.670e-04	 lr:6.25e-06
Epoch: 455	TL: 9.064e-05	VL: 5.673e-04	 5.672e-04	 lr:6.25e-06
Epoch: 456	TL: 8.972e-05	VL: 5.716e-04	 5.694e-04	 lr:6.25e-06
Epoch: 457	TL: 9.091e-05	VL: 5.734e-04	 5.714e-04	 lr:6.25e-06
Epoch: 458	TL: 9.025e-05	VL: 5.625e-04	 5.669e-04	 lr:6.25e-06
Epoch: 459	TL: 9.009e-05	VL: 5.684e-04	 5.677e-04	 lr:6.25e-06
Epoch: 460	TL: 9.032e-05	VL: 5.714e-04	 5.695e-04	 lr:6.25e-06
Epoch: 461	TL: 8.994e-05	VL: 5.656e-04	 5.676e-04	 lr:6.25e-06
Epoch: 462	TL: 8.928e-05	VL: 5.783e-04	 5.729e-04	 lr:6.25e-06
Epoch: 463	TL: 8.970e-05	VL: 5.666e-04	 5.698e-04	 lr:6.25e-06
Epoch: 464	TL: 8.958e-05	VL: 5.670e-04	 5.684e-04	 lr:6.25e-06
Epoch: 465	TL: 8.990e-05	VL: 5.672e-04	 5.678e-04	 lr:6.25e-06
Epoch: 466	TL: 9.009e-05	VL: 5.714e-04	 5.696e-04	 lr:6.25e-06
Epoch: 467	TL: 8.941e-05	VL: 5.629e-04	 5.663e-04	 lr:6.25e-06
Epoch: 468	TL: 8.959e-05	VL: 5.682e-04	 5.672e-04	 lr:6.25e-06
Epoch: 469	TL: 8.983e-05	VL: 5.658e-04	 5.665e-04	 lr:6.25e-06
Epoch: 470	TL: 8.958e-05	VL: 5.708e-04	 5.687e-04	 lr:6.25e-06
Epoch: 471	TL: 8.943e-05	VL: 5.663e-04	 5.675e-04	 lr:6.25e-06
Epoch: 472	TL: 8.955e-05	VL: 5.654e-04	 5.664e-04	 lr:6.25e-06
Epoch: 473	TL: 8.958e-05	VL: 5.701e-04	 5.683e-04	 lr:6.25e-06
Epoch: 474	TL: 8.583e-05	VL: 5.623e-04	 5.653e-04	 lr:3.125e-06
Epoch: 475	TL: 8.548e-05	VL: 5.612e-04	 5.632e-04	 lr:3.125e-06
Epoch: 476	TL: 8.551e-05	VL: 5.624e-04	 5.628e-04	 lr:3.125e-06
Epoch: 477	TL: 8.569e-05	VL: 5.671e-04	 5.650e-04	 lr:3.125e-06
Epoch: 478	TL: 8.560e-05	VL: 5.655e-04	 5.652e-04	 lr:3.125e-06
Epoch: 479	TL: 8.566e-05	VL: 5.630e-04	 5.641e-04	 lr:3.125e-06
Epoch: 480	TL: 8.562e-05	VL: 5.686e-04	 5.664e-04	 lr:3.125e-06
Epoch: 481	TL: 8.584e-05	VL: 5.655e-04	 5.659e-04	 lr:3.125e-06
Epoch: 482	TL: 8.530e-05	VL: 5.628e-04	 5.644e-04	 lr:3.125e-06
Epoch: 483	TL: 8.528e-05	VL: 5.632e-04	 5.638e-04	 lr:3.125e-06
Epoch: 484	TL: 8.536e-05	VL: 5.600e-04	 5.619e-04	 lr:3.125e-06
Epoch: 485	TL: 8.555e-05	VL: 5.629e-04	 5.624e-04	 lr:3.125e-06
Epoch: 486	TL: 8.549e-05	VL: 5.629e-04	 5.626e-04	 lr:3.125e-06
Epoch: 487	TL: 8.539e-05	VL: 5.617e-04	 5.621e-04	 lr:3.125e-06
Epoch: 488	TL: 8.514e-05	VL: 5.612e-04	 5.617e-04	 lr:3.125e-06
Epoch: 489	TL: 8.554e-05	VL: 5.627e-04	 5.622e-04	 lr:3.125e-06
Epoch: 490	TL: 8.530e-05	VL: 5.622e-04	 5.622e-04	 lr:3.125e-06
Epoch: 491	TL: 8.509e-05	VL: 5.633e-04	 5.628e-04	 lr:3.125e-06
Epoch: 492	TL: 8.535e-05	VL: 5.619e-04	 5.623e-04	 lr:3.125e-06
Epoch: 493	TL: 8.513e-05	VL: 5.635e-04	 5.629e-04	 lr:3.125e-06
Epoch: 494	TL: 8.528e-05	VL: 5.593e-04	 5.611e-04	 lr:3.125e-06
Epoch: 495	TL: 8.538e-05	VL: 5.602e-04	 5.607e-04	 lr:3.125e-06
Epoch: 496	TL: 8.512e-05	VL: 5.652e-04	 5.629e-04	 lr:3.125e-06
Epoch: 497	TL: 8.504e-05	VL: 5.639e-04	 5.634e-04	 lr:3.125e-06
Epoch: 498	TL: 8.517e-05	VL: 5.628e-04	 5.631e-04	 lr:3.125e-06
Epoch: 499	TL: 8.505e-05	VL: 5.620e-04	 5.625e-04	 lr:3.125e-06
Epoch: 500	TL: 8.504e-05	VL: 5.587e-04	 5.606e-04	 lr:3.125e-06
Epoch: 501	TL: 8.496e-05	VL: 5.638e-04	 5.622e-04	 lr:3.125e-06
Epoch: 502	TL: 8.496e-05	VL: 5.609e-04	 5.616e-04	 lr:3.125e-06
Epoch: 503	TL: 8.497e-05	VL: 5.642e-04	 5.629e-04	 lr:3.125e-06
Epoch: 504	TL: 8.501e-05	VL: 5.629e-04	 5.629e-04	 lr:3.125e-06
Epoch: 505	TL: 8.506e-05	VL: 5.618e-04	 5.624e-04	 lr:3.125e-06
Epoch: 506	TL: 8.498e-05	VL: 5.625e-04	 5.624e-04	 lr:3.125e-06
Epoch: 507	TL: 8.478e-05	VL: 5.656e-04	 5.640e-04	 lr:3.125e-06
Epoch: 508	TL: 8.492e-05	VL: 5.596e-04	 5.618e-04	 lr:3.125e-06
Epoch: 509	TL: 8.512e-05	VL: 5.613e-04	 5.616e-04	 lr:3.125e-06
Epoch: 510	TL: 8.463e-05	VL: 5.617e-04	 5.616e-04	 lr:3.125e-06
Epoch: 511	TL: 8.467e-05	VL: 5.605e-04	 5.611e-04	 lr:3.125e-06
Epoch: 512	TL: 8.482e-05	VL: 5.650e-04	 5.630e-04	 lr:3.125e-06
Epoch: 513	TL: 8.487e-05	VL: 5.648e-04	 5.639e-04	 lr:3.125e-06
Epoch: 514	TL: 8.450e-05	VL: 5.616e-04	 5.628e-04	 lr:3.125e-06
Epoch: 515	TL: 8.467e-05	VL: 5.598e-04	 5.613e-04	 lr:3.125e-06
Epoch: 516	TL: 8.492e-05	VL: 5.603e-04	 5.608e-04	 lr:3.125e-06
Epoch: 517	TL: 8.448e-05	VL: 5.630e-04	 5.619e-04	 lr:3.125e-06
Epoch: 518	TL: 8.449e-05	VL: 5.606e-04	 5.613e-04	 lr:3.125e-06
Epoch: 519	TL: 8.499e-05	VL: 5.644e-04	 5.629e-04	 lr:3.125e-06
Epoch: 520	TL: 8.507e-05	VL: 5.644e-04	 5.636e-04	 lr:3.125e-06
Epoch: 521	TL: 8.477e-05	VL: 5.620e-04	 5.628e-04	 lr:3.125e-06
Epoch: 522	TL: 8.253e-05	VL: 5.613e-04	 5.621e-04	 lr:1.5625e-06
Epoch: 523	TL: 8.250e-05	VL: 5.582e-04	 5.601e-04	 lr:1.5625e-06
Epoch: 524	TL: 8.244e-05	VL: 5.640e-04	 5.621e-04	 lr:1.5625e-06
Epoch: 525	TL: 8.276e-05	VL: 5.607e-04	 5.614e-04	 lr:1.5625e-06
Epoch: 526	TL: 8.246e-05	VL: 5.607e-04	 5.610e-04	 lr:1.5625e-06
Epoch: 527	TL: 8.264e-05	VL: 5.645e-04	 5.627e-04	 lr:1.5625e-06
Epoch: 528	TL: 8.253e-05	VL: 5.615e-04	 5.621e-04	 lr:1.5625e-06
Epoch: 529	TL: 8.230e-05	VL: 5.593e-04	 5.607e-04	 lr:1.5625e-06
Epoch: 530	TL: 8.242e-05	VL: 5.601e-04	 5.604e-04	 lr:1.5625e-06
Epoch: 531	TL: 8.258e-05	VL: 5.612e-04	 5.608e-04	 lr:1.5625e-06
Epoch: 532	TL: 8.233e-05	VL: 5.583e-04	 5.595e-04	 lr:1.5625e-06
Epoch: 533	TL: 8.252e-05	VL: 5.601e-04	 5.598e-04	 lr:1.5625e-06
Epoch: 534	TL: 8.238e-05	VL: 5.633e-04	 5.616e-04	 lr:1.5625e-06
Epoch: 535	TL: 8.242e-05	VL: 5.606e-04	 5.611e-04	 lr:1.5625e-06
Epoch: 536	TL: 8.228e-05	VL: 5.592e-04	 5.602e-04	 lr:1.5625e-06
Epoch: 537	TL: 8.251e-05	VL: 5.599e-04	 5.600e-04	 lr:1.5625e-06
Epoch: 538	TL: 8.253e-05	VL: 5.598e-04	 5.599e-04	 lr:1.5625e-06
Epoch: 539	TL: 8.236e-05	VL: 5.611e-04	 5.605e-04	 lr:1.5625e-06
Epoch: 540	TL: 8.238e-05	VL: 5.603e-04	 5.604e-04	 lr:1.5625e-06
Epoch: 541	TL: 8.225e-05	VL: 5.595e-04	 5.599e-04	 lr:1.5625e-06
Epoch: 542	TL: 8.243e-05	VL: 5.595e-04	 5.597e-04	 lr:1.5625e-06
Epoch: 543	TL: 8.221e-05	VL: 5.603e-04	 5.600e-04	 lr:1.5625e-06
Epoch: 544	TL: 8.242e-05	VL: 5.589e-04	 5.594e-04	 lr:1.5625e-06
Epoch: 545	TL: 8.220e-05	VL: 5.637e-04	 5.616e-04	 lr:1.5625e-06
Epoch: 546	TL: 8.235e-05	VL: 5.615e-04	 5.616e-04	 lr:1.5625e-06
Epoch: 547	TL: 8.253e-05	VL: 5.647e-04	 5.631e-04	 lr:1.5625e-06
Epoch: 548	TL: 8.239e-05	VL: 5.602e-04	 5.617e-04	 lr:1.5625e-06
Epoch: 549	TL: 8.217e-05	VL: 5.615e-04	 5.616e-04	 lr:1.5625e-06
Epoch: 550	TL: 8.252e-05	VL: 5.587e-04	 5.601e-04	 lr:1.5625e-06
Epoch: 551	TL: 8.213e-05	VL: 5.603e-04	 5.602e-04	 lr:1.5625e-06
Epoch: 552	TL: 8.206e-05	VL: 5.596e-04	 5.599e-04	 lr:1.5625e-06
Epoch: 553	TL: 8.191e-05	VL: 5.596e-04	 5.598e-04	 lr:1.5625e-06
Epoch: 554	TL: 8.221e-05	VL: 5.592e-04	 5.595e-04	 lr:1.5625e-06
Epoch: 555	TL: 8.233e-05	VL: 5.589e-04	 5.592e-04	 lr:1.5625e-06
Epoch: 556	TL: 8.203e-05	VL: 5.622e-04	 5.607e-04	 lr:1.5625e-06
Epoch: 557	TL: 8.208e-05	VL: 5.605e-04	 5.606e-04	 lr:1.5625e-06
Epoch: 558	TL: 8.241e-05	VL: 5.618e-04	 5.612e-04	 lr:1.5625e-06
Epoch: 559	TL: 8.213e-05	VL: 5.591e-04	 5.601e-04	 lr:1.5625e-06
Epoch: 560	TL: 8.225e-05	VL: 5.598e-04	 5.600e-04	 lr:1.5625e-06
Epoch: 561	TL: 8.199e-05	VL: 5.591e-04	 5.595e-04	 lr:1.5625e-06
Epoch: 562	TL: 8.205e-05	VL: 5.591e-04	 5.593e-04	 lr:1.5625e-06
Epoch: 563	TL: 8.202e-05	VL: 5.588e-04	 5.591e-04	 lr:1.5625e-06
Epoch: 564	TL: 8.217e-05	VL: 5.613e-04	 5.602e-04	 lr:1.5625e-06
Epoch: 565	TL: 8.209e-05	VL: 5.604e-04	 5.603e-04	 lr:1.5625e-06
Epoch: 566	TL: 8.203e-05	VL: 5.589e-04	 5.596e-04	 lr:1.5625e-06
Epoch: 567	TL: 8.215e-05	VL: 5.618e-04	 5.607e-04	 lr:1.5625e-06
Epoch: 568	TL: 8.211e-05	VL: 5.606e-04	 5.607e-04	 lr:1.5625e-06
Epoch: 569	TL: 8.193e-05	VL: 5.587e-04	 5.597e-04	 lr:1.5625e-06
Epoch: 570	TL: 8.218e-05	VL: 5.595e-04	 5.596e-04	 lr:1.5625e-06
Epoch: 571	TL: 8.209e-05	VL: 5.576e-04	 5.586e-04	 lr:1.5625e-06
Epoch: 572	TL: 8.207e-05	VL: 5.610e-04	 5.598e-04	 lr:1.5625e-06
Epoch: 573	TL: 8.200e-05	VL: 5.650e-04	 5.624e-04	 lr:1.5625e-06
Epoch: 574	TL: 8.185e-05	VL: 5.602e-04	 5.613e-04	 lr:1.5625e-06
Epoch: 575	TL: 8.188e-05	VL: 5.595e-04	 5.604e-04	 lr:1.5625e-06
Epoch: 576	TL: 8.186e-05	VL: 5.608e-04	 5.606e-04	 lr:1.5625e-06
Epoch: 577	TL: 8.189e-05	VL: 5.626e-04	 5.616e-04	 lr:1.5625e-06
Epoch: 578	TL: 8.200e-05	VL: 5.585e-04	 5.601e-04	 lr:1.5625e-06
Epoch: 579	TL: 8.193e-05	VL: 5.581e-04	 5.591e-04	 lr:1.5625e-06
Epoch: 580	TL: 8.170e-05	VL: 5.601e-04	 5.596e-04	 lr:1.5625e-06
Epoch: 581	TL: 8.191e-05	VL: 5.593e-04	 5.594e-04	 lr:1.5625e-06
Epoch: 582	TL: 8.174e-05	VL: 5.641e-04	 5.618e-04	 lr:1.5625e-06
Epoch: 583	TL: 8.184e-05	VL: 5.610e-04	 5.614e-04	 lr:1.5625e-06
Epoch: 584	TL: 8.168e-05	VL: 5.596e-04	 5.605e-04	 lr:1.5625e-06
Epoch: 585	TL: 8.172e-05	VL: 5.589e-04	 5.597e-04	 lr:1.5625e-06
Epoch: 586	TL: 8.191e-05	VL: 5.595e-04	 5.596e-04	 lr:1.5625e-06
Epoch: 587	TL: 8.186e-05	VL: 5.605e-04	 5.601e-04	 lr:1.5625e-06
Epoch: 588	TL: 8.178e-05	VL: 5.599e-04	 5.600e-04	 lr:1.5625e-06
Epoch: 589	TL: 8.185e-05	VL: 5.571e-04	 5.586e-04	 lr:1.5625e-06
Epoch: 590	TL: 8.185e-05	VL: 5.615e-04	 5.600e-04	 lr:1.5625e-06
Epoch: 591	TL: 8.161e-05	VL: 5.592e-04	 5.596e-04	 lr:1.5625e-06
Epoch: 592	TL: 8.175e-05	VL: 5.619e-04	 5.607e-04	 lr:1.5625e-06
Epoch: 593	TL: 8.188e-05	VL: 5.609e-04	 5.608e-04	 lr:1.5625e-06
Epoch: 594	TL: 8.177e-05	VL: 5.585e-04	 5.597e-04	 lr:1.5625e-06
Epoch: 595	TL: 8.162e-05	VL: 5.588e-04	 5.592e-04	 lr:1.5625e-06
Epoch: 596	TL: 8.160e-05	VL: 5.596e-04	 5.594e-04	 lr:1.5625e-06
Epoch: 597	TL: 8.167e-05	VL: 5.608e-04	 5.601e-04	 lr:1.5625e-06
Epoch: 598	TL: 8.172e-05	VL: 5.592e-04	 5.597e-04	 lr:1.5625e-06
Epoch: 599	TL: 8.152e-05	VL: 5.628e-04	 5.612e-04	 lr:1.5625e-06
Epoch: 600	TL: 8.153e-05	VL: 5.594e-04	 5.603e-04	 lr:1.5625e-06
Epoch: 601	TL: 8.163e-05	VL: 5.616e-04	 5.609e-04	 lr:1.5625e-06
Epoch: 602	TL: 8.164e-05	VL: 5.583e-04	 5.596e-04	 lr:1.5625e-06
Epoch: 603	TL: 8.155e-05	VL: 5.585e-04	 5.591e-04	 lr:1.5625e-06
Epoch: 604	TL: 8.163e-05	VL: 5.597e-04	 5.594e-04	 lr:1.5625e-06
Epoch: 605	TL: 8.145e-05	VL: 5.595e-04	 5.595e-04	 lr:1.5625e-06
Epoch: 606	TL: 8.156e-05	VL: 5.587e-04	 5.591e-04	 lr:1.5625e-06
Epoch: 607	TL: 8.163e-05	VL: 5.564e-04	 5.577e-04	 lr:1.5625e-06
Epoch: 608	TL: 8.180e-05	VL: 5.578e-04	 5.578e-04	 lr:1.5625e-06
Epoch: 609	TL: 8.151e-05	VL: 5.573e-04	 5.576e-04	 lr:1.5625e-06
Epoch: 610	TL: 8.146e-05	VL: 5.601e-04	 5.588e-04	 lr:1.5625e-06
Epoch: 611	TL: 8.173e-05	VL: 5.587e-04	 5.587e-04	 lr:1.5625e-06
Epoch: 612	TL: 8.166e-05	VL: 5.587e-04	 5.587e-04	 lr:1.5625e-06
Epoch: 613	TL: 8.147e-05	VL: 5.596e-04	 5.592e-04	 lr:1.5625e-06
Epoch: 614	TL: 8.157e-05	VL: 5.580e-04	 5.586e-04	 lr:1.5625e-06
Epoch: 615	TL: 8.142e-05	VL: 5.603e-04	 5.594e-04	 lr:1.5625e-06
Epoch: 616	TL: 8.138e-05	VL: 5.585e-04	 5.590e-04	 lr:1.5625e-06
Epoch: 617	TL: 8.152e-05	VL: 5.586e-04	 5.588e-04	 lr:1.5625e-06
Epoch: 618	TL: 8.131e-05	VL: 5.591e-04	 5.589e-04	 lr:1.5625e-06
Epoch: 619	TL: 8.137e-05	VL: 5.583e-04	 5.586e-04	 lr:1.5625e-06
Epoch: 620	TL: 8.149e-05	VL: 5.606e-04	 5.596e-04	 lr:1.5625e-06
Epoch: 621	TL: 8.137e-05	VL: 5.588e-04	 5.592e-04	 lr:1.5625e-06
Epoch: 622	TL: 8.135e-05	VL: 5.579e-04	 5.586e-04	 lr:1.5625e-06
Epoch: 623	TL: 8.129e-05	VL: 5.587e-04	 5.586e-04	 lr:1.5625e-06
Epoch: 624	TL: 8.127e-05	VL: 5.599e-04	 5.593e-04	 lr:1.5625e-06
Epoch: 625	TL: 8.144e-05	VL: 5.583e-04	 5.588e-04	 lr:1.5625e-06
Epoch: 626	TL: 8.128e-05	VL: 5.598e-04	 5.593e-04	 lr:1.5625e-06
Epoch: 627	TL: 8.139e-05	VL: 5.568e-04	 5.580e-04	 lr:1.5625e-06
Epoch: 628	TL: 8.133e-05	VL: 5.572e-04	 5.576e-04	 lr:1.5625e-06
Epoch: 629	TL: 8.122e-05	VL: 5.603e-04	 5.589e-04	 lr:1.5625e-06
Epoch: 630	TL: 8.122e-05	VL: 5.574e-04	 5.582e-04	 lr:1.5625e-06
Epoch: 631	TL: 8.017e-05	VL: 5.575e-04	 5.578e-04	 lr:7.8125e-07
Epoch: 632	TL: 8.018e-05	VL: 5.567e-04	 5.573e-04	 lr:7.8125e-07
Epoch: 633	TL: 8.014e-05	VL: 5.570e-04	 5.571e-04	 lr:7.8125e-07
Epoch: 634	TL: 8.012e-05	VL: 5.571e-04	 5.571e-04	 lr:7.8125e-07
Epoch: 635	TL: 8.013e-05	VL: 5.592e-04	 5.582e-04	 lr:7.8125e-07
Epoch: 636	TL: 8.020e-05	VL: 5.576e-04	 5.579e-04	 lr:7.8125e-07
Epoch: 637	TL: 8.011e-05	VL: 5.576e-04	 5.577e-04	 lr:7.8125e-07
Epoch: 638	TL: 8.033e-05	VL: 5.566e-04	 5.572e-04	 lr:7.8125e-07
Epoch: 639	TL: 8.005e-05	VL: 5.590e-04	 5.581e-04	 lr:7.8125e-07
Epoch: 640	TL: 8.020e-05	VL: 5.587e-04	 5.584e-04	 lr:7.8125e-07
Epoch: 641	TL: 8.017e-05	VL: 5.566e-04	 5.575e-04	 lr:7.8125e-07
Epoch: 642	TL: 8.017e-05	VL: 5.580e-04	 5.577e-04	 lr:7.8125e-07
Epoch: 643	TL: 7.996e-05	VL: 5.570e-04	 5.573e-04	 lr:7.8125e-07
Epoch: 644	TL: 8.010e-05	VL: 5.595e-04	 5.584e-04	 lr:7.8125e-07
Epoch: 645	TL: 8.012e-05	VL: 5.593e-04	 5.589e-04	 lr:7.8125e-07
Epoch: 646	TL: 8.013e-05	VL: 5.570e-04	 5.580e-04	 lr:7.8125e-07
Epoch: 647	TL: 8.013e-05	VL: 5.567e-04	 5.574e-04	 lr:7.8125e-07
Epoch: 648	TL: 8.014e-05	VL: 5.583e-04	 5.578e-04	 lr:7.8125e-07
Epoch: 649	TL: 8.007e-05	VL: 5.591e-04	 5.585e-04	 lr:7.8125e-07
Epoch: 650	TL: 8.004e-05	VL: 5.576e-04	 5.581e-04	 lr:7.8125e-07
Epoch: 651	TL: 8.006e-05	VL: 5.587e-04	 5.584e-04	 lr:7.8125e-07
Epoch: 652	TL: 7.998e-05	VL: 5.596e-04	 5.590e-04	 lr:7.8125e-07
Epoch: 653	TL: 8.002e-05	VL: 5.587e-04	 5.588e-04	 lr:7.8125e-07
Epoch: 654	TL: 8.017e-05	VL: 5.576e-04	 5.582e-04	 lr:7.8125e-07
Epoch: 655	TL: 7.941e-05	VL: 5.567e-04	 5.575e-04	 lr:3.90625e-07
Epoch: 656	TL: 7.946e-05	VL: 5.569e-04	 5.572e-04	 lr:3.90625e-07
Epoch: 657	TL: 7.945e-05	VL: 5.569e-04	 5.570e-04	 lr:3.90625e-07
Epoch: 658	TL: 7.948e-05	VL: 5.565e-04	 5.568e-04	 lr:3.90625e-07
Epoch: 659	TL: 7.947e-05	VL: 5.574e-04	 5.571e-04	 lr:3.90625e-07
Epoch: 660	TL: 7.946e-05	VL: 5.567e-04	 5.569e-04	 lr:3.90625e-07
Epoch: 661	TL: 7.944e-05	VL: 5.577e-04	 5.573e-04	 lr:3.90625e-07
Epoch: 662	TL: 7.948e-05	VL: 5.574e-04	 5.573e-04	 lr:3.90625e-07
Epoch: 663	TL: 7.954e-05	VL: 5.580e-04	 5.577e-04	 lr:3.90625e-07
Epoch: 664	TL: 7.945e-05	VL: 5.570e-04	 5.573e-04	 lr:3.90625e-07
Epoch: 665	TL: 7.941e-05	VL: 5.575e-04	 5.574e-04	 lr:3.90625e-07
Epoch: 666	TL: 7.942e-05	VL: 5.566e-04	 5.570e-04	 lr:3.90625e-07
Epoch: 667	TL: 7.945e-05	VL: 5.574e-04	 5.572e-04	 lr:3.90625e-07
Epoch: 668	TL: 7.947e-05	VL: 5.578e-04	 5.575e-04	 lr:3.90625e-07
Epoch: 669	TL: 7.938e-05	VL: 5.582e-04	 5.578e-04	 lr:3.90625e-07
Epoch: 670	TL: 7.944e-05	VL: 5.575e-04	 5.577e-04	 lr:3.90625e-07
Epoch: 671	TL: 7.947e-05	VL: 5.574e-04	 5.576e-04	 lr:3.90625e-07
Epoch: 672	TL: 7.942e-05	VL: 5.578e-04	 5.577e-04	 lr:3.90625e-07
Epoch: 673	TL: 7.949e-05	VL: 5.569e-04	 5.573e-04	 lr:3.90625e-07
Epoch: 674	TL: 7.946e-05	VL: 5.575e-04	 5.574e-04	 lr:3.90625e-07
Epoch: 675	TL: 7.938e-05	VL: 5.586e-04	 5.580e-04	 lr:3.90625e-07
Epoch: 676	TL: 7.946e-05	VL: 5.579e-04	 5.579e-04	 lr:3.90625e-07
Epoch: 677	TL: 7.932e-05	VL: 5.561e-04	 5.570e-04	 lr:3.90625e-07
Epoch: 678	TL: 7.940e-05	VL: 5.568e-04	 5.569e-04	 lr:3.90625e-07
Epoch: 679	TL: 7.936e-05	VL: 5.570e-04	 5.569e-04	 lr:3.90625e-07
Epoch: 680	TL: 7.906e-05	VL: 5.577e-04	 5.573e-04	 lr:1.953125e-07
Epoch: 681	TL: 7.908e-05	VL: 5.573e-04	 5.573e-04	 lr:1.953125e-07
Epoch: 682	TL: 7.902e-05	VL: 5.572e-04	 5.573e-04	 lr:1.953125e-07
Epoch: 683	TL: 7.906e-05	VL: 5.572e-04	 5.572e-04	 lr:1.953125e-07
Epoch: 684	TL: 7.909e-05	VL: 5.582e-04	 5.577e-04	 lr:1.953125e-07
Epoch: 685	TL: 7.910e-05	VL: 5.586e-04	 5.581e-04	 lr:1.953125e-07
Epoch: 686	TL: 7.902e-05	VL: 5.571e-04	 5.576e-04	 lr:1.953125e-07
Epoch: 687	TL: 7.908e-05	VL: 5.576e-04	 5.576e-04	 lr:1.953125e-07
Epoch: 688	TL: 7.902e-05	VL: 5.581e-04	 5.579e-04	 lr:1.953125e-07
Epoch: 689	TL: 7.905e-05	VL: 5.571e-04	 5.575e-04	 lr:1.953125e-07
Epoch: 690	TL: 7.905e-05	VL: 5.575e-04	 5.575e-04	 lr:1.953125e-07
Epoch: 691	TL: 7.896e-05	VL: 5.576e-04	 5.576e-04	 lr:1.953125e-07
Epoch: 692	TL: 7.908e-05	VL: 5.567e-04	 5.571e-04	 lr:1.953125e-07
Epoch: 693	TL: 7.903e-05	VL: 5.567e-04	 5.569e-04	 lr:1.953125e-07
Epoch: 694	TL: 7.910e-05	VL: 5.565e-04	 5.567e-04	 lr:1.953125e-07
Epoch: 695	TL: 7.901e-05	VL: 5.567e-04	 5.567e-04	 lr:1.953125e-07
Epoch: 696	TL: 7.901e-05	VL: 5.572e-04	 5.570e-04	 lr:1.953125e-07
Epoch: 697	TL: 7.897e-05	VL: 5.576e-04	 5.573e-04	 lr:1.953125e-07
Epoch: 698	TL: 7.906e-05	VL: 5.573e-04	 5.573e-04	 lr:1.953125e-07
Epoch: 699	TL: 7.909e-05	VL: 5.575e-04	 5.574e-04	 lr:1.953125e-07
Epoch: 700	TL: 7.896e-05	VL: 5.581e-04	 5.577e-04	 lr:1.953125e-07
Epoch: 701	TL: 7.904e-05	VL: 5.571e-04	 5.574e-04	 lr:1.953125e-07
Epoch: 702	TL: 7.904e-05	VL: 5.569e-04	 5.571e-04	 lr:1.953125e-07
Epoch: 703	TL: 7.906e-05	VL: 5.574e-04	 5.573e-04	 lr:1.953125e-07
Epoch: 704	TL: 7.904e-05	VL: 5.581e-04	 5.577e-04	 lr:1.953125e-07
Epoch: 705	TL: 7.900e-05	VL: 5.566e-04	 5.571e-04	 lr:1.953125e-07
Epoch: 706	TL: 7.907e-05	VL: 5.569e-04	 5.570e-04	 lr:1.953125e-07
Epoch: 707	TL: 7.908e-05	VL: 5.570e-04	 5.570e-04	 lr:1.953125e-07
Epoch: 708	TL: 7.900e-05	VL: 5.575e-04	 5.573e-04	 lr:1.953125e-07
Epoch: 709	TL: 7.908e-05	VL: 5.575e-04	 5.574e-04	 lr:1.953125e-07
Epoch: 710	TL: 7.900e-05	VL: 5.570e-04	 5.572e-04	 lr:1.953125e-07
Epoch: 711	TL: 7.900e-05	VL: 5.578e-04	 5.575e-04	 lr:1.953125e-07
Epoch: 712	TL: 7.907e-05	VL: 5.579e-04	 5.577e-04	 lr:1.953125e-07
Epoch: 713	TL: 7.903e-05	VL: 5.574e-04	 5.575e-04	 lr:1.953125e-07
Epoch: 714	TL: 7.903e-05	VL: 5.579e-04	 5.577e-04	 lr:1.953125e-07
Epoch: 715	TL: 7.903e-05	VL: 5.572e-04	 5.575e-04	 lr:1.953125e-07
Epoch: 716	TL: 7.897e-05	VL: 5.573e-04	 5.574e-04	 lr:1.953125e-07
Epoch: 717	TL: 7.892e-05	VL: 5.575e-04	 5.575e-04	 lr:9.765625e-08
Epoch: 718	TL: 7.884e-05	VL: 5.569e-04	 5.572e-04	 lr:9.765625e-08
Epoch: 719	TL: 7.885e-05	VL: 5.573e-04	 5.572e-04	 lr:9.765625e-08
Epoch: 720	TL: 7.888e-05	VL: 5.568e-04	 5.570e-04	 lr:9.765625e-08
Epoch: 721	TL: 7.892e-05	VL: 5.571e-04	 5.571e-04	 lr:9.765625e-08
Epoch: 722	TL: 7.883e-05	VL: 5.568e-04	 5.569e-04	 lr:9.765625e-08
Epoch: 723	TL: 7.884e-05	VL: 5.571e-04	 5.570e-04	 lr:9.765625e-08
Epoch: 724	TL: 7.885e-05	VL: 5.573e-04	 5.572e-04	 lr:9.765625e-08
Epoch: 725	TL: 7.881e-05	VL: 5.567e-04	 5.569e-04	 lr:9.765625e-08
Epoch: 726	TL: 7.883e-05	VL: 5.573e-04	 5.571e-04	 lr:9.765625e-08
Epoch: 727	TL: 7.884e-05	VL: 5.571e-04	 5.571e-04	 lr:9.765625e-08
Epoch: 728	TL: 7.887e-05	VL: 5.569e-04	 5.570e-04	 lr:9.765625e-08
Epoch: 729	TL: 7.890e-05	VL: 5.573e-04	 5.572e-04	 lr:9.765625e-08
Epoch: 730	TL: 7.889e-05	VL: 5.567e-04	 5.569e-04	 lr:9.765625e-08
Epoch: 731	TL: 7.883e-05	VL: 5.573e-04	 5.571e-04	 lr:9.765625e-08
Epoch: 732	TL: 7.886e-05	VL: 5.567e-04	 5.569e-04	 lr:9.765625e-08
Epoch: 733	TL: 7.887e-05	VL: 5.572e-04	 5.570e-04	 lr:9.765625e-08
Epoch: 734	TL: 7.886e-05	VL: 5.569e-04	 5.569e-04	 lr:9.765625e-08
Epoch: 735	TL: 7.890e-05	VL: 5.571e-04	 5.570e-04	 lr:9.765625e-08
Epoch: 736	TL: 7.884e-05	VL: 5.571e-04	 5.571e-04	 lr:9.765625e-08
Epoch: 737	TL: 7.888e-05	VL: 5.566e-04	 5.568e-04	 lr:9.765625e-08
Epoch: 738	TL: 7.876e-05	VL: 5.572e-04	 5.570e-04	 lr:4.8828125e-08
Epoch: 739	TL: 7.879e-05	VL: 5.570e-04	 5.570e-04	 lr:4.8828125e-08
Epoch: 740	TL: 7.876e-05	VL: 5.563e-04	 5.566e-04	 lr:4.8828125e-08
Epoch: 741	TL: 7.875e-05	VL: 5.568e-04	 5.567e-04	 lr:4.8828125e-08
Epoch: 742	TL: 7.875e-05	VL: 5.572e-04	 5.570e-04	 lr:4.8828125e-08
Epoch: 743	TL: 7.876e-05	VL: 5.570e-04	 5.570e-04	 lr:4.8828125e-08
Epoch: 744	TL: 7.877e-05	VL: 5.569e-04	 5.570e-04	 lr:4.8828125e-08
Epoch: 745	TL: 7.878e-05	VL: 5.570e-04	 5.570e-04	 lr:4.8828125e-08
Epoch: 746	TL: 7.877e-05	VL: 5.563e-04	 5.567e-04	 lr:4.8828125e-08
Epoch: 747	TL: 7.880e-05	VL: 5.570e-04	 5.568e-04	 lr:4.8828125e-08
Epoch: 748	TL: 7.879e-05	VL: 5.575e-04	 5.571e-04	 lr:4.8828125e-08
Epoch: 749	TL: 7.877e-05	VL: 5.573e-04	 5.572e-04	 lr:4.8828125e-08
Epoch: 750	TL: 7.874e-05	VL: 5.570e-04	 5.571e-04	 lr:4.8828125e-08
Epoch: 751	TL: 7.886e-05	VL: 5.577e-04	 5.574e-04	 lr:4.8828125e-08
Epoch: 752	TL: 7.882e-05	VL: 5.569e-04	 5.571e-04	 lr:4.8828125e-08
Epoch: 753	TL: 7.875e-05	VL: 5.568e-04	 5.570e-04	 lr:4.8828125e-08
Epoch: 754	TL: 7.874e-05	VL: 5.573e-04	 5.571e-04	 lr:4.8828125e-08
Epoch: 755	TL: 7.877e-05	VL: 5.567e-04	 5.569e-04	 lr:4.8828125e-08
Epoch: 756	TL: 7.879e-05	VL: 5.571e-04	 5.570e-04	 lr:4.8828125e-08
Epoch: 757	TL: 7.879e-05	VL: 5.574e-04	 5.572e-04	 lr:4.8828125e-08
Epoch: 758	TL: 7.880e-05	VL: 5.572e-04	 5.572e-04	 lr:4.8828125e-08
Epoch: 759	TL: 7.880e-05	VL: 5.569e-04	 5.570e-04	 lr:4.8828125e-08
Epoch: 760	TL: 7.879e-05	VL: 5.564e-04	 5.567e-04	 lr:4.8828125e-08
Epoch: 761	TL: 7.872e-05	VL: 5.572e-04	 5.570e-04	 lr:4.8828125e-08
Epoch: 762	TL: 7.871e-05	VL: 5.571e-04	 5.570e-04	 lr:2.44140625e-08
Epoch: 763	TL: 7.867e-05	VL: 5.569e-04	 5.570e-04	 lr:2.44140625e-08
Epoch: 764	TL: 7.874e-05	VL: 5.567e-04	 5.568e-04	 lr:2.44140625e-08
Epoch: 765	TL: 7.874e-05	VL: 5.570e-04	 5.569e-04	 lr:2.44140625e-08
Epoch: 766	TL: 7.872e-05	VL: 5.573e-04	 5.571e-04	 lr:2.44140625e-08
Epoch: 767	TL: 7.870e-05	VL: 5.573e-04	 5.572e-04	 lr:2.44140625e-08
Epoch: 768	TL: 7.872e-05	VL: 5.567e-04	 5.569e-04	 lr:2.44140625e-08
Epoch: 769	TL: 7.875e-05	VL: 5.570e-04	 5.570e-04	 lr:2.44140625e-08
Epoch: 770	TL: 7.872e-05	VL: 5.568e-04	 5.569e-04	 lr:2.44140625e-08
Epoch: 771	TL: 7.873e-05	VL: 5.574e-04	 5.572e-04	 lr:2.44140625e-08
Epoch: 772	TL: 7.870e-05	VL: 5.571e-04	 5.571e-04	 lr:2.44140625e-08
Epoch: 773	TL: 7.876e-05	VL: 5.568e-04	 5.569e-04	 lr:2.44140625e-08
Epoch: 774	TL: 7.872e-05	VL: 5.569e-04	 5.569e-04	 lr:2.44140625e-08
Epoch: 775	TL: 7.872e-05	VL: 5.570e-04	 5.569e-04	 lr:2.44140625e-08
Epoch: 776	TL: 7.871e-05	VL: 5.568e-04	 5.569e-04	 lr:2.44140625e-08
Epoch: 777	TL: 7.871e-05	VL: 5.567e-04	 5.568e-04	 lr:2.44140625e-08
Epoch: 778	TL: 7.867e-05	VL: 5.572e-04	 5.570e-04	 lr:2.44140625e-08
Epoch: 779	TL: 7.872e-05	VL: 5.568e-04	 5.569e-04	 lr:2.44140625e-08
Epoch: 780	TL: 7.874e-05	VL: 5.572e-04	 5.570e-04	 lr:2.44140625e-08
Epoch: 781	TL: 7.869e-05	VL: 5.573e-04	 5.572e-04	 lr:2.44140625e-08
Epoch: 782	TL: 7.871e-05	VL: 5.572e-04	 5.572e-04	 lr:2.44140625e-08
Epoch: 783	TL: 7.867e-05	VL: 5.568e-04	 5.570e-04	 lr:1.220703125e-08
Epoch: 784	TL: 7.869e-05	VL: 5.566e-04	 5.568e-04	 lr:1.220703125e-08
Epoch: 785	TL: 7.867e-05	VL: 5.567e-04	 5.568e-04	 lr:1.220703125e-08
Epoch: 786	TL: 7.873e-05	VL: 5.568e-04	 5.568e-04	 lr:1.220703125e-08
Epoch: 787	TL: 7.868e-05	VL: 5.570e-04	 5.569e-04	 lr:1.220703125e-08
Epoch: 788	TL: 7.871e-05	VL: 5.565e-04	 5.567e-04	 lr:1.220703125e-08
Epoch: 789	TL: 7.869e-05	VL: 5.569e-04	 5.568e-04	 lr:1.220703125e-08
Epoch: 790	TL: 7.869e-05	VL: 5.569e-04	 5.568e-04	 lr:1.220703125e-08
Epoch: 791	TL: 7.868e-05	VL: 5.569e-04	 5.569e-04	 lr:1.220703125e-08
Epoch: 792	TL: 7.869e-05	VL: 5.569e-04	 5.569e-04	 lr:1.220703125e-08
Epoch: 793	TL: 7.874e-05	VL: 5.571e-04	 5.570e-04	 lr:1.220703125e-08
Epoch: 794	TL: 7.868e-05	VL: 5.572e-04	 5.571e-04	 lr:1.220703125e-08
Epoch: 795	TL: 7.871e-05	VL: 5.569e-04	 5.570e-04	 lr:1.220703125e-08
Epoch: 796	TL: 7.871e-05	VL: 5.569e-04	 5.570e-04	 lr:1.220703125e-08
Epoch: 797	TL: 7.876e-05	VL: 5.570e-04	 5.570e-04	 lr:1.220703125e-08
Epoch: 798	TL: 7.868e-05	VL: 5.569e-04	 5.570e-04	 lr:1.220703125e-08
Epoch: 799	TL: 7.868e-05	VL: 5.568e-04	 5.569e-04	 lr:1.220703125e-08
Epoch: 800	TL: 7.868e-05	VL: 5.568e-04	 5.569e-04	 lr:1.220703125e-08
Epoch: 801	TL: 7.870e-05	VL: 5.569e-04	 5.569e-04	 lr:1.220703125e-08
Epoch: 802	TL: 7.871e-05	VL: 5.569e-04	 5.569e-04	 lr:1.220703125e-08
Epoch: 803	TL: 7.870e-05	VL: 5.571e-04	 5.570e-04	 lr:1.220703125e-08
Epoch: 804	TL: 7.874e-05	VL: 5.568e-04	 5.569e-04	 lr:1.220703125e-08
Epoch: 805	TL: 7.870e-05	VL: 5.567e-04	 5.568e-04	 lr:1.220703125e-08
Epoch: 806	TL: 7.873e-05	VL: 5.567e-04	 5.568e-04	 lr:1.220703125e-08
Epoch: 807	TL: 7.870e-05	VL: 5.569e-04	 5.568e-04	 lr:1.220703125e-08
Epoch: 808	TL: 7.870e-05	VL: 5.571e-04	 5.570e-04	 lr:1.220703125e-08
Epoch: 809	TL: 7.871e-05	VL: 5.568e-04	 5.569e-04	 lr:1.220703125e-08
Epoch: 810	TL: 7.868e-05	VL: 5.568e-04	 5.569e-04	 lr:1.220703125e-08
Epoch: 811	TL: 7.870e-05	VL: 5.570e-04	 5.569e-04	 lr:1.220703125e-08
Epoch: 812	TL: 7.876e-05	VL: 5.570e-04	 5.569e-04	 lr:1.220703125e-08
Epoch: 813	TL: 7.869e-05	VL: 5.572e-04	 5.571e-04	 lr:1.220703125e-08
Epoch: 814	TL: 7.870e-05	VL: 5.569e-04	 5.570e-04	 lr:1.220703125e-08
Epoch: 815	TL: 7.870e-05	VL: 5.573e-04	 5.571e-04	 lr:1.220703125e-08
Epoch: 816	TL: 7.870e-05	VL: 5.568e-04	 5.570e-04	 lr:1.220703125e-08
Epoch: 817	TL: 7.871e-05	VL: 5.566e-04	 5.568e-04	 lr:1.220703125e-08
Epoch: 818	TL: 7.871e-05	VL: 5.570e-04	 5.569e-04	 lr:1.220703125e-08
Epoch: 819	TL: 7.870e-05	VL: 5.571e-04	 5.570e-04	 lr:1.220703125e-08
Epoch: 820	TL: 7.872e-05	VL: 5.572e-04	 5.571e-04	 lr:1.220703125e-08
Epoch: 821	TL: 7.864e-05	VL: 5.572e-04	 5.572e-04	 lr:1.220703125e-08
Epoch: 822	TL: 7.870e-05	VL: 5.569e-04	 5.570e-04	 lr:1.220703125e-08
Epoch: 823	TL: 7.866e-05	VL: 5.569e-04	 5.570e-04	 lr:1.220703125e-08
Epoch: 824	TL: 7.868e-05	VL: 5.572e-04	 5.571e-04	 lr:1.220703125e-08
Epoch: 825	TL: 7.870e-05	VL: 5.570e-04	 5.570e-04	 lr:1.220703125e-08
Epoch: 826	TL: 7.871e-05	VL: 5.572e-04	 5.571e-04	 lr:1.220703125e-08
Epoch: 827	TL: 7.867e-05	VL: 5.567e-04	 5.569e-04	 lr:1.220703125e-08
Epoch: 828	TL: 7.869e-05	VL: 5.567e-04	 5.568e-04	 lr:1.220703125e-08
Epoch: 829	TL: 7.870e-05	VL: 5.570e-04	 5.569e-04	 lr:1.220703125e-08
Epoch: 830	TL: 7.869e-05	VL: 5.570e-04	 5.570e-04	 lr:1.220703125e-08
Epoch: 831	TL: 7.871e-05	VL: 5.568e-04	 5.569e-04	 lr:1.220703125e-08
Epoch: 832	TL: 7.874e-05	VL: 5.567e-04	 5.568e-04	 lr:1.220703125e-08
Epoch: 833	TL: 7.868e-05	VL: 5.569e-04	 5.568e-04	 lr:1.220703125e-08
Epoch: 834	TL: 7.871e-05	VL: 5.568e-04	 5.568e-04	 lr:1.220703125e-08
Epoch: 835	TL: 7.867e-05	VL: 5.568e-04	 5.568e-04	 lr:1.220703125e-08
Epoch: 836	TL: 7.873e-05	VL: 5.570e-04	 5.569e-04	 lr:1.220703125e-08
Epoch: 837	TL: 7.864e-05	VL: 5.569e-04	 5.569e-04	 lr:1.220703125e-08
Epoch: 838	TL: 7.869e-05	VL: 5.573e-04	 5.571e-04	 lr:1.220703125e-08
Epoch: 839	TL: 7.868e-05	VL: 5.568e-04	 5.570e-04	 lr:1.220703125e-08
Epoch: 840	TL: 7.870e-05	VL: 5.573e-04	 5.571e-04	 lr:1.220703125e-08
Epoch: 841	TL: 7.871e-05	VL: 5.568e-04	 5.570e-04	 lr:1.220703125e-08
Epoch: 842	TL: 7.868e-05	VL: 5.571e-04	 5.571e-04	 lr:1.220703125e-08
Epoch: 843	TL: 7.871e-05	VL: 5.568e-04	 5.569e-04	 lr:1.220703125e-08
Epoch: 844	TL: 7.870e-05	VL: 5.570e-04	 5.569e-04	 lr:1.220703125e-08
Epoch: 845	TL: 7.872e-05	VL: 5.570e-04	 5.569e-04	 lr:1.220703125e-08
Epoch: 846	TL: 7.864e-05	VL: 5.572e-04	 5.571e-04	 lr:1.220703125e-08
Epoch: 847	TL: 7.870e-05	VL: 5.573e-04	 5.572e-04	 lr:1.220703125e-08
Epoch: 848	TL: 7.869e-05	VL: 5.568e-04	 5.570e-04	 lr:1.220703125e-08
Epoch: 849	TL: 7.873e-05	VL: 5.569e-04	 5.569e-04	 lr:1.220703125e-08
Epoch: 850	TL: 7.868e-05	VL: 5.568e-04	 5.569e-04	 lr:1.220703125e-08
Epoch: 851	TL: 7.868e-05	VL: 5.572e-04	 5.570e-04	 lr:1.220703125e-08
Epoch: 852	TL: 7.868e-05	VL: 5.572e-04	 5.571e-04	 lr:1.220703125e-08
Epoch: 853	TL: 7.867e-05	VL: 5.569e-04	 5.570e-04	 lr:1.220703125e-08
Epoch: 854	TL: 7.865e-05	VL: 5.569e-04	 5.569e-04	 lr:1.220703125e-08
Epoch: 855	TL: 7.871e-05	VL: 5.574e-04	 5.572e-04	 lr:1.220703125e-08
Epoch: 856	TL: 7.864e-05	VL: 5.572e-04	 5.572e-04	 lr:1.220703125e-08
Epoch: 857	TL: 7.866e-05	VL: 5.570e-04	 5.571e-04	 lr:1.220703125e-08
Epoch: 858	TL: 7.872e-05	VL: 5.567e-04	 5.569e-04	 lr:1.220703125e-08
Epoch: 859	TL: 7.864e-05	VL: 5.573e-04	 5.571e-04	 lr:1.220703125e-08
Epoch: 860	TL: 7.869e-05	VL: 5.566e-04	 5.569e-04	 lr:1.220703125e-08
Epoch: 861	TL: 7.868e-05	VL: 5.575e-04	 5.572e-04	 lr:1.220703125e-08
Epoch: 862	TL: 7.871e-05	VL: 5.571e-04	 5.572e-04	 lr:1.220703125e-08
Epoch: 863	TL: 7.869e-05	VL: 5.569e-04	 5.570e-04	 lr:1.220703125e-08
Epoch: 864	TL: 7.872e-05	VL: 5.572e-04	 5.571e-04	 lr:1.220703125e-08
Epoch: 865	TL: 7.869e-05	VL: 5.571e-04	 5.571e-04	 lr:1.220703125e-08
Epoch: 866	TL: 7.875e-05	VL: 5.569e-04	 5.570e-04	 lr:1.220703125e-08
Epoch: 867	TL: 7.869e-05	VL: 5.568e-04	 5.569e-04	 lr:1.220703125e-08
Epoch: 868	TL: 7.869e-05	VL: 5.568e-04	 5.569e-04	 lr:1.220703125e-08
Epoch: 869	TL: 7.871e-05	VL: 5.569e-04	 5.569e-04	 lr:1.220703125e-08
Epoch: 870	TL: 7.868e-05	VL: 5.569e-04	 5.569e-04	 lr:1.220703125e-08
Epoch: 871	TL: 7.868e-05	VL: 5.571e-04	 5.570e-04	 lr:1.220703125e-08
Epoch: 872	TL: 7.870e-05	VL: 5.572e-04	 5.571e-04	 lr:1.220703125e-08
Epoch: 873	TL: 7.867e-05	VL: 5.571e-04	 5.571e-04	 lr:1.220703125e-08
Epoch: 874	TL: 7.875e-05	VL: 5.571e-04	 5.571e-04	 lr:1.220703125e-08
Epoch: 875	TL: 7.869e-05	VL: 5.573e-04	 5.572e-04	 lr:1.220703125e-08
Epoch: 876	TL: 7.870e-05	VL: 5.573e-04	 5.572e-04	 lr:1.220703125e-08
Epoch: 877	TL: 7.868e-05	VL: 5.569e-04	 5.571e-04	 lr:1.220703125e-08
Epoch: 878	TL: 7.866e-05	VL: 5.568e-04	 5.570e-04	 lr:1.220703125e-08
Epoch: 879	TL: 7.871e-05	VL: 5.570e-04	 5.570e-04	 lr:1.220703125e-08
Epoch: 880	TL: 7.869e-05	VL: 5.568e-04	 5.569e-04	 lr:1.220703125e-08
Epoch: 881	TL: 7.868e-05	VL: 5.574e-04	 5.571e-04	 lr:1.220703125e-08
Epoch: 882	TL: 7.866e-05	VL: 5.570e-04	 5.571e-04	 lr:1.220703125e-08
Epoch: 883	TL: 7.866e-05	VL: 5.569e-04	 5.570e-04	 lr:1.220703125e-08
Epoch: 884	TL: 7.869e-05	VL: 5.567e-04	 5.568e-04	 lr:1.220703125e-08
Epoch: 885	TL: 7.863e-05	VL: 5.573e-04	 5.571e-04	 lr:1.220703125e-08
Epoch: 886	TL: 7.873e-05	VL: 5.572e-04	 5.571e-04	 lr:1.220703125e-08
Epoch: 887	TL: 7.869e-05	VL: 5.569e-04	 5.570e-04	 lr:1.220703125e-08
Epoch: 888	TL: 7.869e-05	VL: 5.570e-04	 5.570e-04	 lr:1.220703125e-08
Epoch: 889	TL: 7.868e-05	VL: 5.568e-04	 5.569e-04	 lr:1.220703125e-08
Epoch: 890	TL: 7.869e-05	VL: 5.575e-04	 5.572e-04	 lr:1.220703125e-08
Epoch: 891	TL: 7.871e-05	VL: 5.574e-04	 5.573e-04	 lr:1.220703125e-08
Epoch: 892	TL: 7.871e-05	VL: 5.569e-04	 5.571e-04	 lr:1.220703125e-08
Epoch: 893	TL: 7.869e-05	VL: 5.572e-04	 5.571e-04	 lr:1.220703125e-08
Epoch: 894	TL: 7.866e-05	VL: 5.564e-04	 5.568e-04	 lr:1.220703125e-08
Epoch: 895	TL: 7.870e-05	VL: 5.566e-04	 5.567e-04	 lr:1.220703125e-08
Epoch: 896	TL: 7.874e-05	VL: 5.569e-04	 5.568e-04	 lr:1.220703125e-08
Epoch: 897	TL: 7.868e-05	VL: 5.572e-04	 5.570e-04	 lr:1.220703125e-08
Epoch: 898	TL: 7.868e-05	VL: 5.571e-04	 5.570e-04	 lr:1.220703125e-08
Epoch: 899	TL: 7.868e-05	VL: 5.571e-04	 5.571e-04	 lr:1.220703125e-08
Epoch: 900	TL: 7.866e-05	VL: 5.574e-04	 5.572e-04	 lr:1.220703125e-08
Epoch: 901	TL: 7.869e-05	VL: 5.571e-04	 5.572e-04	 lr:1.220703125e-08
Epoch: 902	TL: 7.867e-05	VL: 5.567e-04	 5.569e-04	 lr:1.220703125e-08
Epoch: 903	TL: 7.868e-05	VL: 5.569e-04	 5.569e-04	 lr:1.220703125e-08
Epoch: 904	TL: 7.871e-05	VL: 5.571e-04	 5.570e-04	 lr:1.220703125e-08
Epoch: 905	TL: 7.869e-05	VL: 5.569e-04	 5.570e-04	 lr:1.220703125e-08
Epoch: 906	TL: 7.867e-05	VL: 5.569e-04	 5.570e-04	 lr:1.220703125e-08
Epoch: 907	TL: 7.868e-05	VL: 5.570e-04	 5.570e-04	 lr:1.220703125e-08
Epoch: 908	TL: 7.871e-05	VL: 5.568e-04	 5.569e-04	 lr:1.220703125e-08
Epoch: 909	TL: 7.864e-05	VL: 5.568e-04	 5.569e-04	 lr:1.220703125e-08
Epoch: 910	TL: 7.868e-05	VL: 5.570e-04	 5.569e-04	 lr:1.220703125e-08
Epoch: 911	TL: 7.867e-05	VL: 5.567e-04	 5.568e-04	 lr:1.220703125e-08
Epoch: 912	TL: 7.867e-05	VL: 5.570e-04	 5.569e-04	 lr:1.220703125e-08
Epoch: 913	TL: 7.867e-05	VL: 5.569e-04	 5.569e-04	 lr:1.220703125e-08
Epoch: 914	TL: 7.868e-05	VL: 5.569e-04	 5.569e-04	 lr:1.220703125e-08
Epoch: 915	TL: 7.868e-05	VL: 5.568e-04	 5.568e-04	 lr:1.220703125e-08
Epoch: 916	TL: 7.867e-05	VL: 5.568e-04	 5.568e-04	 lr:1.220703125e-08
Epoch: 917	TL: 7.869e-05	VL: 5.570e-04	 5.569e-04	 lr:1.220703125e-08
Epoch: 918	TL: 7.869e-05	VL: 5.568e-04	 5.568e-04	 lr:1.220703125e-08
Epoch: 919	TL: 7.872e-05	VL: 5.573e-04	 5.571e-04	 lr:1.220703125e-08
Epoch: 920	TL: 7.869e-05	VL: 5.565e-04	 5.568e-04	 lr:1.220703125e-08
Epoch: 921	TL: 7.865e-05	VL: 5.569e-04	 5.569e-04	 lr:1.220703125e-08
Epoch: 922	TL: 7.869e-05	VL: 5.569e-04	 5.569e-04	 lr:1.220703125e-08
Epoch: 923	TL: 7.866e-05	VL: 5.569e-04	 5.569e-04	 lr:1.220703125e-08
Epoch: 924	TL: 7.869e-05	VL: 5.574e-04	 5.572e-04	 lr:1.220703125e-08
Epoch: 925	TL: 7.871e-05	VL: 5.567e-04	 5.569e-04	 lr:1.220703125e-08
Epoch: 926	TL: 7.871e-05	VL: 5.569e-04	 5.569e-04	 lr:1.220703125e-08
Epoch: 927	TL: 7.866e-05	VL: 5.568e-04	 5.569e-04	 lr:1.220703125e-08
Epoch: 928	TL: 7.871e-05	VL: 5.571e-04	 5.570e-04	 lr:1.220703125e-08
Epoch: 929	TL: 7.867e-05	VL: 5.568e-04	 5.569e-04	 lr:1.220703125e-08
Epoch: 930	TL: 7.868e-05	VL: 5.567e-04	 5.568e-04	 lr:1.220703125e-08
Epoch: 931	TL: 7.872e-05	VL: 5.566e-04	 5.567e-04	 lr:1.220703125e-08
Epoch: 932	TL: 7.863e-05	VL: 5.568e-04	 5.568e-04	 lr:1.220703125e-08
Epoch: 933	TL: 7.868e-05	VL: 5.569e-04	 5.568e-04	 lr:1.220703125e-08
Epoch: 934	TL: 7.867e-05	VL: 5.570e-04	 5.569e-04	 lr:1.220703125e-08
Epoch: 935	TL: 7.870e-05	VL: 5.570e-04	 5.569e-04	 lr:1.220703125e-08
Epoch: 936	TL: 7.871e-05	VL: 5.570e-04	 5.570e-04	 lr:1.220703125e-08
Epoch: 937	TL: 7.866e-05	VL: 5.570e-04	 5.570e-04	 lr:1.220703125e-08
Epoch: 938	TL: 7.867e-05	VL: 5.574e-04	 5.572e-04	 lr:1.220703125e-08
Epoch: 939	TL: 7.866e-05	VL: 5.568e-04	 5.570e-04	 lr:1.220703125e-08
Epoch: 940	TL: 7.868e-05	VL: 5.569e-04	 5.569e-04	 lr:1.220703125e-08
Epoch: 941	TL: 7.870e-05	VL: 5.568e-04	 5.569e-04	 lr:1.220703125e-08
Epoch: 942	TL: 7.867e-05	VL: 5.566e-04	 5.567e-04	 lr:1.220703125e-08
Epoch: 943	TL: 7.867e-05	VL: 5.568e-04	 5.568e-04	 lr:1.220703125e-08
Epoch: 944	TL: 7.868e-05	VL: 5.570e-04	 5.569e-04	 lr:1.220703125e-08
Epoch: 945	TL: 7.864e-05	VL: 5.567e-04	 5.568e-04	 lr:1.220703125e-08
Epoch: 946	TL: 7.868e-05	VL: 5.571e-04	 5.570e-04	 lr:1.220703125e-08
Epoch: 947	TL: 7.871e-05	VL: 5.569e-04	 5.569e-04	 lr:1.220703125e-08
Epoch: 948	TL: 7.869e-05	VL: 5.568e-04	 5.569e-04	 lr:1.220703125e-08
Epoch: 949	TL: 7.868e-05	VL: 5.567e-04	 5.568e-04	 lr:1.220703125e-08
Epoch: 950	TL: 7.866e-05	VL: 5.569e-04	 5.568e-04	 lr:1.220703125e-08
Epoch: 951	TL: 7.867e-05	VL: 5.572e-04	 5.570e-04	 lr:1.220703125e-08
Epoch: 952	TL: 7.869e-05	VL: 5.570e-04	 5.570e-04	 lr:1.220703125e-08
Epoch: 953	TL: 7.869e-05	VL: 5.570e-04	 5.570e-04	 lr:1.220703125e-08
Epoch: 954	TL: 7.868e-05	VL: 5.570e-04	 5.570e-04	 lr:1.220703125e-08
Epoch: 955	TL: 7.870e-05	VL: 5.567e-04	 5.568e-04	 lr:1.220703125e-08
Epoch: 956	TL: 7.865e-05	VL: 5.570e-04	 5.569e-04	 lr:1.220703125e-08
Epoch: 957	TL: 7.869e-05	VL: 5.571e-04	 5.570e-04	 lr:1.220703125e-08
Epoch: 958	TL: 7.869e-05	VL: 5.569e-04	 5.569e-04	 lr:1.220703125e-08
Epoch: 959	TL: 7.865e-05	VL: 5.570e-04	 5.570e-04	 lr:1.220703125e-08
Epoch: 960	TL: 7.868e-05	VL: 5.572e-04	 5.571e-04	 lr:1.220703125e-08
Epoch: 961	TL: 7.870e-05	VL: 5.571e-04	 5.571e-04	 lr:1.220703125e-08
Epoch: 962	TL: 7.865e-05	VL: 5.573e-04	 5.572e-04	 lr:1.220703125e-08
Epoch: 963	TL: 7.866e-05	VL: 5.567e-04	 5.570e-04	 lr:1.220703125e-08
Epoch: 964	TL: 7.869e-05	VL: 5.571e-04	 5.570e-04	 lr:1.220703125e-08
Epoch: 965	TL: 7.873e-05	VL: 5.571e-04	 5.571e-04	 lr:1.220703125e-08
Epoch: 966	TL: 7.871e-05	VL: 5.570e-04	 5.571e-04	 lr:1.220703125e-08
Epoch: 967	TL: 7.870e-05	VL: 5.573e-04	 5.572e-04	 lr:1.220703125e-08
Epoch: 968	TL: 7.863e-05	VL: 5.567e-04	 5.570e-04	 lr:1.220703125e-08
Epoch: 969	TL: 7.868e-05	VL: 5.570e-04	 5.570e-04	 lr:1.220703125e-08
Epoch: 970	TL: 7.872e-05	VL: 5.573e-04	 5.572e-04	 lr:1.220703125e-08
Epoch: 971	TL: 7.869e-05	VL: 5.572e-04	 5.572e-04	 lr:1.220703125e-08
Epoch: 972	TL: 7.867e-05	VL: 5.571e-04	 5.572e-04	 lr:1.220703125e-08
Epoch: 973	TL: 7.864e-05	VL: 5.568e-04	 5.570e-04	 lr:1.220703125e-08
Epoch: 974	TL: 7.872e-05	VL: 5.571e-04	 5.570e-04	 lr:1.220703125e-08
Epoch: 975	TL: 7.864e-05	VL: 5.569e-04	 5.570e-04	 lr:1.220703125e-08
Epoch: 976	TL: 7.870e-05	VL: 5.569e-04	 5.570e-04	 lr:1.220703125e-08
Epoch: 977	TL: 7.865e-05	VL: 5.568e-04	 5.569e-04	 lr:1.220703125e-08
Epoch: 978	TL: 7.867e-05	VL: 5.569e-04	 5.569e-04	 lr:1.220703125e-08
Epoch: 979	TL: 7.868e-05	VL: 5.565e-04	 5.567e-04	 lr:1.220703125e-08
Epoch: 980	TL: 7.870e-05	VL: 5.570e-04	 5.568e-04	 lr:1.220703125e-08
Epoch: 981	TL: 7.868e-05	VL: 5.573e-04	 5.571e-04	 lr:1.220703125e-08
Epoch: 982	TL: 7.872e-05	VL: 5.574e-04	 5.572e-04	 lr:1.220703125e-08
Epoch: 983	TL: 7.870e-05	VL: 5.568e-04	 5.570e-04	 lr:1.220703125e-08
Epoch: 984	TL: 7.868e-05	VL: 5.572e-04	 5.571e-04	 lr:1.220703125e-08
Epoch: 985	TL: 7.869e-05	VL: 5.575e-04	 5.573e-04	 lr:1.220703125e-08
Epoch: 986	TL: 7.868e-05	VL: 5.571e-04	 5.572e-04	 lr:1.220703125e-08
Epoch: 987	TL: 7.869e-05	VL: 5.568e-04	 5.570e-04	 lr:1.220703125e-08
Epoch: 988	TL: 7.867e-05	VL: 5.569e-04	 5.570e-04	 lr:1.220703125e-08
Epoch: 989	TL: 7.871e-05	VL: 5.573e-04	 5.571e-04	 lr:1.220703125e-08
Epoch: 990	TL: 7.869e-05	VL: 5.568e-04	 5.570e-04	 lr:1.220703125e-08
Epoch: 991	TL: 7.867e-05	VL: 5.573e-04	 5.571e-04	 lr:1.220703125e-08
Epoch: 992	TL: 7.869e-05	VL: 5.569e-04	 5.570e-04	 lr:1.220703125e-08
Epoch: 993	TL: 7.869e-05	VL: 5.570e-04	 5.570e-04	 lr:1.220703125e-08
Epoch: 994	TL: 7.865e-05	VL: 5.571e-04	 5.570e-04	 lr:1.220703125e-08
Epoch: 995	TL: 7.868e-05	VL: 5.571e-04	 5.571e-04	 lr:1.220703125e-08
Epoch: 996	TL: 7.867e-05	VL: 5.566e-04	 5.568e-04	 lr:1.220703125e-08
Epoch: 997	TL: 7.866e-05	VL: 5.573e-04	 5.570e-04	 lr:1.220703125e-08
Epoch: 998	TL: 7.868e-05	VL: 5.572e-04	 5.571e-04	 lr:1.220703125e-08
Epoch: 999	TL: 7.867e-05	VL: 5.570e-04	 5.570e-04	 lr:1.220703125e-08
Epoch: 1000	TL: 7.865e-05	VL: 5.571e-04	 5.570e-04	 lr:1.220703125e-08
Test MAE: 11.511
