Thu Dec 19 14:56:13 2024       
+-----------------------------------------------------------------------------------------+
| NVIDIA-SMI 565.57.01              Driver Version: 565.57.01      CUDA Version: 12.7     |
|-----------------------------------------+------------------------+----------------------+
| GPU  Name                 Persistence-M | Bus-Id          Disp.A | Volatile Uncorr. ECC |
| Fan  Temp   Perf          Pwr:Usage/Cap |           Memory-Usage | GPU-Util  Compute M. |
|                                         |                        |               MIG M. |
|=========================================+========================+======================|
|   0  Tesla V100-SXM2-32GB           On  |   00000000:3B:00.0 Off |                    0 |
| N/A   40C    P0             44W /  300W |       1MiB /  32768MiB |      0%   E. Process |
|                                         |                        |                  N/A |
+-----------------------------------------+------------------------+----------------------+
                                                                                         
+-----------------------------------------------------------------------------------------+
| Processes:                                                                              |
|  GPU   GI   CI        PID   Type   Process name                              GPU Memory |
|        ID   ID                                                               Usage      |
|=========================================================================================|
|  No running processes found                                                             |
+-----------------------------------------------------------------------------------------+
cuda
Tesla V100-SXM2-32GB
PaiNN(
  (zi): Embedding(100, 128)
  (Lm): Message(
    (Ls): Sequential(
      (0): Linear(in_features=128, out_features=128, bias=True)
      (1): SiLU()
      (2): Dropout(p=0.5, inplace=False)
      (3): Linear(in_features=128, out_features=384, bias=True)
    )
    (Lrbf): Sequential(
      (0): Linear(in_features=20, out_features=384, bias=True)
    )
  )
  (Lu): Update(
    (Luu): Linear(in_features=3, out_features=3, bias=False)
    (Luv): Linear(in_features=3, out_features=3, bias=False)
    (Ls): Sequential(
      (0): Linear(in_features=256, out_features=128, bias=True)
      (1): SiLU()
      (2): Dropout(p=0.5, inplace=False)
      (3): Linear(in_features=128, out_features=384, bias=True)
    )
  )
  (Lr): Sequential(
    (0): Linear(in_features=128, out_features=64, bias=True)
    (1): SiLU()
    (2): Dropout(p=0.5, inplace=False)
    (3): Linear(in_features=64, out_features=1, bias=True)
  )
)
Epoch: 1	TL: 4.794e-01	VL: 7.419e-02	 7.419e-02	 lr:0.0005
Epoch: 2	TL: 4.747e-02	VL: 3.309e-02	 7.008e-02	 lr:0.0005
Epoch: 3	TL: 2.249e-02	VL: 3.993e-02	 6.706e-02	 lr:0.0005
Epoch: 4	TL: 1.533e-02	VL: 1.939e-02	 6.230e-02	 lr:0.0005
Epoch: 5	TL: 1.206e-02	VL: 1.671e-02	 5.774e-02	 lr:0.0005
Epoch: 6	TL: 1.042e-02	VL: 6.269e-03	 5.259e-02	 lr:0.0005
Epoch: 7	TL: 9.323e-03	VL: 6.612e-03	 4.799e-02	 lr:0.0005
Epoch: 8	TL: 8.328e-03	VL: 1.240e-02	 4.443e-02	 lr:0.0005
Epoch: 9	TL: 7.305e-03	VL: 7.361e-03	 4.073e-02	 lr:0.0005
Epoch: 10	TL: 7.219e-03	VL: 5.836e-03	 3.724e-02	 lr:0.0005
Epoch: 11	TL: 6.546e-03	VL: 7.748e-03	 3.429e-02	 lr:0.0005
Epoch: 12	TL: 5.847e-03	VL: 1.033e-02	 3.189e-02	 lr:0.0005
Epoch: 13	TL: 5.637e-03	VL: 5.690e-03	 2.927e-02	 lr:0.0005
Epoch: 14	TL: 5.696e-03	VL: 5.806e-03	 2.692e-02	 lr:0.0005
Epoch: 15	TL: 4.769e-03	VL: 3.448e-03	 2.458e-02	 lr:0.0005
Epoch: 16	TL: 4.725e-03	VL: 5.602e-03	 2.268e-02	 lr:0.0005
Epoch: 17	TL: 4.640e-03	VL: 3.317e-03	 2.074e-02	 lr:0.0005
Epoch: 18	TL: 4.544e-03	VL: 3.583e-03	 1.903e-02	 lr:0.0005
Epoch: 19	TL: 3.820e-03	VL: 5.383e-03	 1.766e-02	 lr:0.0005
Epoch: 20	TL: 3.863e-03	VL: 3.050e-03	 1.620e-02	 lr:0.0005
Epoch: 21	TL: 3.858e-03	VL: 3.473e-03	 1.493e-02	 lr:0.0005
Epoch: 22	TL: 3.585e-03	VL: 3.081e-03	 1.374e-02	 lr:0.0005
Epoch: 23	TL: 3.560e-03	VL: 2.519e-03	 1.262e-02	 lr:0.0005
Epoch: 24	TL: 3.349e-03	VL: 2.730e-03	 1.163e-02	 lr:0.0005
Epoch: 25	TL: 3.411e-03	VL: 2.796e-03	 1.075e-02	 lr:0.0005
Epoch: 26	TL: 3.073e-03	VL: 6.207e-03	 1.029e-02	 lr:0.0005
Epoch: 27	TL: 3.137e-03	VL: 2.771e-03	 9.542e-03	 lr:0.0005
Epoch: 28	TL: 2.885e-03	VL: 2.157e-03	 8.803e-03	 lr:0.0005
Epoch: 29	TL: 2.904e-03	VL: 2.041e-03	 8.127e-03	 lr:0.0005
Epoch: 30	TL: 2.713e-03	VL: 4.289e-03	 7.743e-03	 lr:0.0005
Epoch: 31	TL: 2.948e-03	VL: 2.731e-03	 7.242e-03	 lr:0.0005
Epoch: 32	TL: 2.771e-03	VL: 4.598e-03	 6.978e-03	 lr:0.0005
Epoch: 33	TL: 2.562e-03	VL: 4.284e-03	 6.708e-03	 lr:0.0005
Epoch: 34	TL: 2.555e-03	VL: 2.604e-03	 6.298e-03	 lr:0.0005
Epoch: 35	TL: 2.660e-03	VL: 2.531e-03	 5.921e-03	 lr:0.0005
Epoch: 36	TL: 2.439e-03	VL: 1.957e-03	 5.525e-03	 lr:0.0005
Epoch: 37	TL: 2.696e-03	VL: 1.754e-03	 5.148e-03	 lr:0.0005
Epoch: 38	TL: 2.231e-03	VL: 4.149e-03	 5.048e-03	 lr:0.0005
Epoch: 39	TL: 2.531e-03	VL: 3.226e-03	 4.866e-03	 lr:0.0005
Epoch: 40	TL: 2.151e-03	VL: 2.812e-03	 4.660e-03	 lr:0.0005
Epoch: 41	TL: 2.136e-03	VL: 2.997e-03	 4.494e-03	 lr:0.0005
Epoch: 42	TL: 2.240e-03	VL: 2.768e-03	 4.321e-03	 lr:0.0005
Epoch: 43	TL: 2.163e-03	VL: 2.122e-03	 4.101e-03	 lr:0.0005
Epoch: 44	TL: 2.349e-03	VL: 3.107e-03	 4.002e-03	 lr:0.0005
Epoch: 45	TL: 1.929e-03	VL: 3.126e-03	 3.914e-03	 lr:0.0005
Epoch: 46	TL: 2.064e-03	VL: 1.814e-03	 3.704e-03	 lr:0.0005
Epoch: 47	TL: 2.012e-03	VL: 2.554e-03	 3.589e-03	 lr:0.0005
Epoch: 48	TL: 2.122e-03	VL: 2.877e-03	 3.518e-03	 lr:0.0005
Epoch: 49	TL: 1.864e-03	VL: 1.687e-03	 3.335e-03	 lr:0.0005
Epoch: 50	TL: 1.936e-03	VL: 2.080e-03	 3.209e-03	 lr:0.0005
Epoch: 51	TL: 1.967e-03	VL: 1.428e-03	 3.031e-03	 lr:0.0005
Epoch: 52	TL: 1.749e-03	VL: 3.135e-03	 3.042e-03	 lr:0.0005
Epoch: 53	TL: 1.869e-03	VL: 1.817e-03	 2.919e-03	 lr:0.0005
Epoch: 54	TL: 1.714e-03	VL: 5.088e-03	 3.136e-03	 lr:0.0005
Epoch: 55	TL: 1.910e-03	VL: 1.407e-03	 2.963e-03	 lr:0.0005
Epoch: 56	TL: 1.797e-03	VL: 1.698e-03	 2.837e-03	 lr:0.0005
Epoch: 57	TL: 1.758e-03	VL: 1.397e-03	 2.693e-03	 lr:0.0005
Epoch: 58	TL: 1.570e-03	VL: 2.848e-03	 2.708e-03	 lr:0.0005
Epoch: 59	TL: 1.762e-03	VL: 2.287e-03	 2.666e-03	 lr:0.0005
Epoch: 60	TL: 1.530e-03	VL: 1.755e-03	 2.575e-03	 lr:0.0005
Epoch: 61	TL: 1.484e-03	VL: 1.394e-03	 2.457e-03	 lr:0.0005
Epoch: 62	TL: 1.643e-03	VL: 2.551e-03	 2.466e-03	 lr:0.0005
Epoch: 63	TL: 1.602e-03	VL: 5.509e-03	 2.771e-03	 lr:0.0005
Epoch: 64	TL: 1.524e-03	VL: 1.410e-03	 2.634e-03	 lr:0.0005
Epoch: 65	TL: 1.748e-03	VL: 1.810e-03	 2.552e-03	 lr:0.0005
Epoch: 66	TL: 1.478e-03	VL: 1.586e-03	 2.455e-03	 lr:0.0005
Epoch: 67	TL: 1.620e-03	VL: 1.951e-03	 2.405e-03	 lr:0.0005
Epoch: 68	TL: 1.499e-03	VL: 3.360e-03	 2.500e-03	 lr:0.0005
Epoch: 69	TL: 1.494e-03	VL: 2.027e-03	 2.453e-03	 lr:0.0005
Epoch: 70	TL: 1.421e-03	VL: 1.552e-03	 2.363e-03	 lr:0.0005
Epoch: 71	TL: 1.409e-03	VL: 1.226e-03	 2.249e-03	 lr:0.0005
Epoch: 72	TL: 1.452e-03	VL: 2.101e-03	 2.235e-03	 lr:0.0005
Epoch: 73	TL: 1.397e-03	VL: 1.685e-03	 2.180e-03	 lr:0.0005
Epoch: 74	TL: 1.443e-03	VL: 1.481e-03	 2.110e-03	 lr:0.0005
Epoch: 75	TL: 1.480e-03	VL: 1.972e-03	 2.096e-03	 lr:0.0005
Epoch: 76	TL: 1.301e-03	VL: 1.471e-03	 2.034e-03	 lr:0.0005
Epoch: 77	TL: 1.319e-03	VL: 1.573e-03	 1.987e-03	 lr:0.0005
Epoch: 78	TL: 1.408e-03	VL: 1.397e-03	 1.928e-03	 lr:0.0005
Epoch: 79	TL: 1.365e-03	VL: 1.149e-03	 1.850e-03	 lr:0.0005
Epoch: 80	TL: 1.256e-03	VL: 2.006e-03	 1.866e-03	 lr:0.0005
Epoch: 81	TL: 1.458e-03	VL: 1.962e-03	 1.876e-03	 lr:0.0005
Epoch: 82	TL: 1.198e-03	VL: 2.365e-03	 1.925e-03	 lr:0.0005
Epoch: 83	TL: 1.240e-03	VL: 1.646e-03	 1.897e-03	 lr:0.0005
Epoch: 84	TL: 1.343e-03	VL: 1.450e-03	 1.852e-03	 lr:0.0005
Epoch: 85	TL: 1.263e-03	VL: 1.498e-03	 1.817e-03	 lr:0.0005
Epoch: 86	TL: 1.399e-03	VL: 2.004e-03	 1.835e-03	 lr:0.0005
Epoch: 87	TL: 1.021e-03	VL: 1.405e-03	 1.792e-03	 lr:0.0005
Epoch: 88	TL: 1.299e-03	VL: 1.459e-03	 1.759e-03	 lr:0.0005
Epoch: 89	TL: 1.285e-03	VL: 1.636e-03	 1.747e-03	 lr:0.0005
Epoch: 90	TL: 1.175e-03	VL: 1.552e-03	 1.727e-03	 lr:0.0005
Epoch: 91	TL: 1.194e-03	VL: 1.848e-03	 1.739e-03	 lr:0.0005
Epoch: 92	TL: 1.113e-03	VL: 1.600e-03	 1.725e-03	 lr:0.0005
Epoch: 93	TL: 1.831e-03	VL: 1.503e-03	 1.703e-03	 lr:0.0005
Epoch: 94	TL: 1.102e-03	VL: 1.207e-03	 1.654e-03	 lr:0.0005
Epoch: 95	TL: 1.292e-03	VL: 1.752e-03	 1.663e-03	 lr:0.0005
Epoch: 96	TL: 1.094e-03	VL: 1.820e-03	 1.679e-03	 lr:0.0005
Epoch: 97	TL: 1.305e-03	VL: 2.570e-03	 1.768e-03	 lr:0.0005
Epoch: 98	TL: 1.263e-03	VL: 1.105e-03	 1.702e-03	 lr:0.0005
Epoch: 99	TL: 1.090e-03	VL: 1.320e-03	 1.664e-03	 lr:0.0005
Epoch: 100	TL: 1.037e-03	VL: 1.492e-03	 1.647e-03	 lr:0.0005
Epoch: 101	TL: 1.288e-03	VL: 1.262e-03	 1.608e-03	 lr:0.0005
Epoch: 102	TL: 1.181e-03	VL: 1.697e-03	 1.617e-03	 lr:0.0005
Epoch: 103	TL: 1.044e-03	VL: 2.676e-03	 1.723e-03	 lr:0.0005
Epoch: 104	TL: 1.043e-03	VL: 2.177e-03	 1.768e-03	 lr:0.0005
Epoch: 105	TL: 1.127e-03	VL: 1.378e-03	 1.729e-03	 lr:0.0005
Epoch: 106	TL: 1.089e-03	VL: 1.697e-03	 1.726e-03	 lr:0.0005
Epoch: 107	TL: 1.064e-03	VL: 1.621e-03	 1.716e-03	 lr:0.0005
Epoch: 108	TL: 1.118e-03	VL: 1.386e-03	 1.683e-03	 lr:0.0005
Epoch: 109	TL: 1.048e-03	VL: 1.329e-03	 1.647e-03	 lr:0.0005
Epoch: 110	TL: 1.217e-03	VL: 1.158e-03	 1.598e-03	 lr:0.0005
Epoch: 111	TL: 9.713e-04	VL: 1.219e-03	 1.560e-03	 lr:0.0005
Epoch: 112	TL: 1.129e-03	VL: 1.262e-03	 1.530e-03	 lr:0.0005
Epoch: 113	TL: 9.756e-04	VL: 1.380e-03	 1.515e-03	 lr:0.0005
Epoch: 114	TL: 1.090e-03	VL: 1.451e-03	 1.509e-03	 lr:0.0005
Epoch: 115	TL: 9.694e-04	VL: 1.521e-03	 1.510e-03	 lr:0.0005
Epoch: 116	TL: 1.083e-03	VL: 4.100e-03	 1.769e-03	 lr:0.0005
Epoch: 117	TL: 1.078e-03	VL: 1.703e-03	 1.763e-03	 lr:0.0005
Epoch: 118	TL: 9.409e-04	VL: 1.493e-03	 1.736e-03	 lr:0.0005
Epoch: 119	TL: 1.011e-03	VL: 1.048e-03	 1.667e-03	 lr:0.0005
Epoch: 120	TL: 9.786e-04	VL: 1.595e-03	 1.660e-03	 lr:0.0005
Epoch: 121	TL: 1.014e-03	VL: 1.066e-03	 1.600e-03	 lr:0.0005
Epoch: 122	TL: 1.041e-03	VL: 1.176e-03	 1.558e-03	 lr:0.0005
Epoch: 123	TL: 9.452e-04	VL: 1.834e-03	 1.586e-03	 lr:0.0005
Epoch: 124	TL: 9.919e-04	VL: 1.095e-03	 1.536e-03	 lr:0.0005
Epoch: 125	TL: 9.716e-04	VL: 1.492e-03	 1.532e-03	 lr:0.0005
Epoch: 126	TL: 9.641e-04	VL: 1.064e-03	 1.485e-03	 lr:0.0005
Epoch: 127	TL: 8.916e-04	VL: 1.803e-03	 1.517e-03	 lr:0.0005
Epoch: 128	TL: 1.030e-03	VL: 2.114e-03	 1.577e-03	 lr:0.0005
Epoch: 129	TL: 8.473e-04	VL: 1.034e-03	 1.522e-03	 lr:0.0005
Epoch: 130	TL: 9.129e-04	VL: 1.281e-03	 1.498e-03	 lr:0.0005
Epoch: 131	TL: 9.540e-04	VL: 1.668e-03	 1.515e-03	 lr:0.0005
Epoch: 132	TL: 9.368e-04	VL: 2.407e-03	 1.605e-03	 lr:0.0005
Epoch: 133	TL: 9.475e-04	VL: 1.266e-03	 1.571e-03	 lr:0.0005
Epoch: 134	TL: 9.417e-04	VL: 1.087e-03	 1.522e-03	 lr:0.0005
Epoch: 135	TL: 9.286e-04	VL: 1.132e-03	 1.483e-03	 lr:0.0005
Epoch: 136	TL: 8.302e-04	VL: 1.199e-03	 1.455e-03	 lr:0.0005
Epoch: 137	TL: 8.899e-04	VL: 1.743e-03	 1.484e-03	 lr:0.0005
Epoch: 138	TL: 9.199e-04	VL: 1.601e-03	 1.495e-03	 lr:0.0005
Epoch: 139	TL: 8.538e-04	VL: 2.242e-03	 1.570e-03	 lr:0.0005
Epoch: 140	TL: 9.257e-04	VL: 2.046e-03	 1.618e-03	 lr:0.0005
Epoch: 141	TL: 9.279e-04	VL: 1.240e-03	 1.580e-03	 lr:0.0005
Epoch: 142	TL: 8.939e-04	VL: 1.356e-03	 1.557e-03	 lr:0.0005
Epoch: 143	TL: 8.489e-04	VL: 1.313e-03	 1.533e-03	 lr:0.0005
Epoch: 144	TL: 8.523e-04	VL: 1.431e-03	 1.523e-03	 lr:0.0005
Epoch: 145	TL: 9.381e-04	VL: 1.056e-03	 1.476e-03	 lr:0.0005
Epoch: 146	TL: 8.524e-04	VL: 1.061e-03	 1.435e-03	 lr:0.0005
Epoch: 147	TL: 8.574e-04	VL: 1.321e-03	 1.423e-03	 lr:0.0005
Epoch: 148	TL: 8.748e-04	VL: 1.076e-03	 1.389e-03	 lr:0.0005
Epoch: 149	TL: 8.431e-04	VL: 1.120e-03	 1.362e-03	 lr:0.0005
Epoch: 150	TL: 8.800e-04	VL: 1.218e-03	 1.347e-03	 lr:0.0005
Epoch: 151	TL: 8.850e-04	VL: 1.212e-03	 1.334e-03	 lr:0.0005
Epoch: 152	TL: 8.614e-04	VL: 1.858e-03	 1.386e-03	 lr:0.0005
Epoch: 153	TL: 8.386e-04	VL: 1.065e-03	 1.354e-03	 lr:0.0005
Epoch: 154	TL: 8.458e-04	VL: 1.908e-03	 1.409e-03	 lr:0.0005
Epoch: 155	TL: 9.118e-04	VL: 1.128e-03	 1.381e-03	 lr:0.0005
Epoch: 156	TL: 8.239e-04	VL: 1.777e-03	 1.421e-03	 lr:0.0005
Epoch: 157	TL: 7.436e-04	VL: 2.092e-03	 1.488e-03	 lr:0.0005
Epoch: 158	TL: 8.233e-04	VL: 1.161e-03	 1.455e-03	 lr:0.0005
Epoch: 159	TL: 8.698e-04	VL: 1.086e-03	 1.418e-03	 lr:0.0005
Epoch: 160	TL: 7.972e-04	VL: 1.129e-03	 1.390e-03	 lr:0.0005
Epoch: 161	TL: 8.440e-04	VL: 1.128e-03	 1.363e-03	 lr:0.0005
Epoch: 162	TL: 8.679e-04	VL: 1.267e-03	 1.354e-03	 lr:0.0005
Epoch: 163	TL: 7.900e-04	VL: 2.488e-03	 1.467e-03	 lr:0.0005
Epoch: 164	TL: 7.777e-04	VL: 1.638e-03	 1.484e-03	 lr:0.0005
Epoch: 165	TL: 7.886e-04	VL: 1.074e-03	 1.443e-03	 lr:0.0005
Epoch: 166	TL: 8.487e-04	VL: 1.393e-03	 1.438e-03	 lr:0.0005
Epoch: 167	TL: 7.564e-04	VL: 1.152e-03	 1.410e-03	 lr:0.0005
Epoch: 168	TL: 2.916e-04	VL: 7.645e-04	 1.345e-03	 lr:0.00025
Epoch: 169	TL: 3.459e-04	VL: 8.834e-04	 1.299e-03	 lr:0.00025
Epoch: 170	TL: 3.569e-04	VL: 7.873e-04	 1.248e-03	 lr:0.00025
Epoch: 171	TL: 3.739e-04	VL: 7.623e-04	 1.199e-03	 lr:0.00025
Epoch: 172	TL: 3.489e-04	VL: 8.989e-04	 1.169e-03	 lr:0.00025
Epoch: 173	TL: 3.491e-04	VL: 8.467e-04	 1.137e-03	 lr:0.00025
Epoch: 174	TL: 3.817e-04	VL: 1.128e-03	 1.136e-03	 lr:0.00025
Epoch: 175	TL: 3.408e-04	VL: 9.697e-04	 1.119e-03	 lr:0.00025
Epoch: 176	TL: 3.422e-04	VL: 7.493e-04	 1.082e-03	 lr:0.00025
Epoch: 177	TL: 3.547e-04	VL: 9.709e-04	 1.071e-03	 lr:0.00025
Epoch: 178	TL: 3.522e-04	VL: 9.335e-04	 1.058e-03	 lr:0.00025
Epoch: 179	TL: 3.416e-04	VL: 1.382e-03	 1.090e-03	 lr:0.00025
Epoch: 180	TL: 3.561e-04	VL: 7.490e-04	 1.056e-03	 lr:0.00025
Epoch: 181	TL: 3.232e-04	VL: 8.346e-04	 1.034e-03	 lr:0.00025
Epoch: 182	TL: 3.458e-04	VL: 8.763e-04	 1.018e-03	 lr:0.00025
Epoch: 183	TL: 3.248e-04	VL: 1.394e-03	 1.056e-03	 lr:0.00025
Epoch: 184	TL: 3.462e-04	VL: 7.819e-04	 1.028e-03	 lr:0.00025
Epoch: 185	TL: 3.279e-04	VL: 8.457e-04	 1.010e-03	 lr:0.00025
Epoch: 186	TL: 3.387e-04	VL: 9.280e-04	 1.002e-03	 lr:0.00025
Epoch: 187	TL: 3.383e-04	VL: 8.073e-04	 9.823e-04	 lr:0.00025
Epoch: 188	TL: 3.415e-04	VL: 7.365e-04	 9.577e-04	 lr:0.00025
Epoch: 189	TL: 3.225e-04	VL: 7.716e-04	 9.391e-04	 lr:0.00025
Epoch: 190	TL: 3.254e-04	VL: 7.329e-04	 9.185e-04	 lr:0.00025
Epoch: 191	TL: 3.182e-04	VL: 7.768e-04	 9.043e-04	 lr:0.00025
Epoch: 192	TL: 3.191e-04	VL: 8.204e-04	 8.959e-04	 lr:0.00025
Epoch: 193	TL: 3.351e-04	VL: 8.463e-04	 8.910e-04	 lr:0.00025
Epoch: 194	TL: 3.321e-04	VL: 7.644e-04	 8.783e-04	 lr:0.00025
Epoch: 195	TL: 3.292e-04	VL: 7.254e-04	 8.630e-04	 lr:0.00025
Epoch: 196	TL: 2.997e-04	VL: 7.076e-04	 8.475e-04	 lr:0.00025
Epoch: 197	TL: 3.361e-04	VL: 7.895e-04	 8.417e-04	 lr:0.00025
Epoch: 198	TL: 3.177e-04	VL: 7.715e-04	 8.347e-04	 lr:0.00025
Epoch: 199	TL: 3.152e-04	VL: 8.236e-04	 8.336e-04	 lr:0.00025
Epoch: 200	TL: 3.011e-04	VL: 7.115e-04	 8.213e-04	 lr:0.00025
Epoch: 201	TL: 3.124e-04	VL: 8.000e-04	 8.192e-04	 lr:0.00025
Epoch: 202	TL: 3.120e-04	VL: 8.784e-04	 8.251e-04	 lr:0.00025
Epoch: 203	TL: 3.043e-04	VL: 6.887e-04	 8.115e-04	 lr:0.00025
Epoch: 204	TL: 3.227e-04	VL: 8.531e-04	 8.156e-04	 lr:0.00025
Epoch: 205	TL: 3.231e-04	VL: 7.963e-04	 8.137e-04	 lr:0.00025
Epoch: 206	TL: 3.191e-04	VL: 8.559e-04	 8.179e-04	 lr:0.00025
Epoch: 207	TL: 2.965e-04	VL: 7.167e-04	 8.078e-04	 lr:0.00025
Epoch: 208	TL: 3.151e-04	VL: 7.664e-04	 8.037e-04	 lr:0.00025
Epoch: 209	TL: 3.000e-04	VL: 7.163e-04	 7.949e-04	 lr:0.00025
Epoch: 210	TL: 3.201e-04	VL: 7.573e-04	 7.912e-04	 lr:0.00025
Epoch: 211	TL: 3.134e-04	VL: 9.189e-04	 8.039e-04	 lr:0.00025
Epoch: 212	TL: 3.113e-04	VL: 7.818e-04	 8.017e-04	 lr:0.00025
Epoch: 213	TL: 2.908e-04	VL: 7.860e-04	 8.001e-04	 lr:0.00025
Epoch: 214	TL: 3.012e-04	VL: 7.117e-04	 7.913e-04	 lr:0.00025
Epoch: 215	TL: 3.079e-04	VL: 7.088e-04	 7.831e-04	 lr:0.00025
Epoch: 216	TL: 3.120e-04	VL: 1.007e-03	 8.055e-04	 lr:0.00025
Epoch: 217	TL: 2.917e-04	VL: 7.578e-04	 8.007e-04	 lr:0.00025
Epoch: 218	TL: 3.149e-04	VL: 8.432e-04	 8.050e-04	 lr:0.00025
Epoch: 219	TL: 3.058e-04	VL: 7.596e-04	 8.004e-04	 lr:0.00025
Epoch: 220	TL: 2.739e-04	VL: 8.330e-04	 8.037e-04	 lr:0.00025
Epoch: 221	TL: 3.304e-04	VL: 8.522e-04	 8.085e-04	 lr:0.00025
Epoch: 222	TL: 3.099e-04	VL: 1.221e-03	 8.497e-04	 lr:0.00025
Epoch: 223	TL: 2.881e-04	VL: 8.585e-04	 8.506e-04	 lr:0.00025
Epoch: 224	TL: 2.958e-04	VL: 7.346e-04	 8.390e-04	 lr:0.00025
Epoch: 225	TL: 3.163e-04	VL: 1.126e-03	 8.677e-04	 lr:0.00025
Epoch: 226	TL: 2.984e-04	VL: 7.318e-04	 8.541e-04	 lr:0.00025
Epoch: 227	TL: 2.934e-04	VL: 7.669e-04	 8.454e-04	 lr:0.00025
Epoch: 228	TL: 3.020e-04	VL: 1.068e-03	 8.677e-04	 lr:0.00025
Epoch: 229	TL: 2.681e-04	VL: 7.875e-04	 8.597e-04	 lr:0.00025
Epoch: 230	TL: 3.133e-04	VL: 9.805e-04	 8.717e-04	 lr:0.00025
Epoch: 231	TL: 3.016e-04	VL: 6.849e-04	 8.531e-04	 lr:0.00025
Epoch: 232	TL: 1.428e-04	VL: 6.529e-04	 8.331e-04	 lr:0.000125
Epoch: 233	TL: 1.508e-04	VL: 6.331e-04	 8.131e-04	 lr:0.000125
Epoch: 234	TL: 1.649e-04	VL: 6.705e-04	 7.988e-04	 lr:0.000125
Epoch: 235	TL: 1.570e-04	VL: 6.419e-04	 7.831e-04	 lr:0.000125
Epoch: 236	TL: 1.584e-04	VL: 6.713e-04	 7.719e-04	 lr:0.000125
Epoch: 237	TL: 1.546e-04	VL: 6.666e-04	 7.614e-04	 lr:0.000125
Epoch: 238	TL: 1.624e-04	VL: 7.135e-04	 7.566e-04	 lr:0.000125
Epoch: 239	TL: 1.568e-04	VL: 7.172e-04	 7.527e-04	 lr:0.000125
Epoch: 240	TL: 1.550e-04	VL: 7.148e-04	 7.489e-04	 lr:0.000125
Epoch: 241	TL: 1.647e-04	VL: 6.364e-04	 7.376e-04	 lr:0.000125
Epoch: 242	TL: 1.577e-04	VL: 6.312e-04	 7.270e-04	 lr:0.000125
Epoch: 243	TL: 1.564e-04	VL: 6.475e-04	 7.190e-04	 lr:0.000125
Epoch: 244	TL: 1.591e-04	VL: 6.664e-04	 7.138e-04	 lr:0.000125
Epoch: 245	TL: 1.538e-04	VL: 6.627e-04	 7.087e-04	 lr:0.000125
Epoch: 246	TL: 1.549e-04	VL: 6.534e-04	 7.031e-04	 lr:0.000125
Epoch: 247	TL: 1.485e-04	VL: 6.385e-04	 6.967e-04	 lr:0.000125
Epoch: 248	TL: 1.519e-04	VL: 6.440e-04	 6.914e-04	 lr:0.000125
Epoch: 249	TL: 1.575e-04	VL: 6.573e-04	 6.880e-04	 lr:0.000125
Epoch: 250	TL: 1.455e-04	VL: 6.364e-04	 6.828e-04	 lr:0.000125
Epoch: 251	TL: 1.539e-04	VL: 6.888e-04	 6.834e-04	 lr:0.000125
Epoch: 252	TL: 1.540e-04	VL: 6.456e-04	 6.797e-04	 lr:0.000125
Epoch: 253	TL: 1.505e-04	VL: 6.541e-04	 6.771e-04	 lr:0.000125
Epoch: 254	TL: 1.525e-04	VL: 6.278e-04	 6.722e-04	 lr:0.000125
Epoch: 255	TL: 1.469e-04	VL: 6.524e-04	 6.702e-04	 lr:0.000125
Epoch: 256	TL: 1.544e-04	VL: 6.767e-04	 6.708e-04	 lr:0.000125
Epoch: 257	TL: 1.431e-04	VL: 6.374e-04	 6.675e-04	 lr:0.000125
Epoch: 258	TL: 1.493e-04	VL: 6.639e-04	 6.671e-04	 lr:0.000125
Epoch: 259	TL: 1.482e-04	VL: 6.891e-04	 6.693e-04	 lr:0.000125
Epoch: 260	TL: 1.471e-04	VL: 6.944e-04	 6.718e-04	 lr:0.000125
Epoch: 261	TL: 1.478e-04	VL: 7.070e-04	 6.754e-04	 lr:0.000125
Epoch: 262	TL: 1.432e-04	VL: 7.268e-04	 6.805e-04	 lr:0.000125
Epoch: 263	TL: 1.503e-04	VL: 7.018e-04	 6.826e-04	 lr:0.000125
Epoch: 264	TL: 1.412e-04	VL: 7.165e-04	 6.860e-04	 lr:0.000125
Epoch: 265	TL: 1.524e-04	VL: 6.848e-04	 6.859e-04	 lr:0.000125
Epoch: 266	TL: 1.406e-04	VL: 6.462e-04	 6.819e-04	 lr:0.000125
Epoch: 267	TL: 1.433e-04	VL: 7.504e-04	 6.888e-04	 lr:0.000125
Epoch: 268	TL: 1.512e-04	VL: 6.593e-04	 6.858e-04	 lr:0.000125
Epoch: 269	TL: 1.401e-04	VL: 6.638e-04	 6.836e-04	 lr:0.000125
Epoch: 270	TL: 1.461e-04	VL: 8.547e-04	 7.007e-04	 lr:0.000125
Epoch: 271	TL: 1.440e-04	VL: 6.670e-04	 6.974e-04	 lr:0.000125
Epoch: 272	TL: 1.388e-04	VL: 6.707e-04	 6.947e-04	 lr:0.000125
Epoch: 273	TL: 1.439e-04	VL: 7.079e-04	 6.960e-04	 lr:0.000125
Epoch: 274	TL: 1.440e-04	VL: 6.396e-04	 6.904e-04	 lr:0.000125
Epoch: 275	TL: 9.399e-05	VL: 6.132e-04	 6.827e-04	 lr:6.25e-05
Epoch: 276	TL: 9.690e-05	VL: 6.281e-04	 6.772e-04	 lr:6.25e-05
Epoch: 277	TL: 9.813e-05	VL: 6.542e-04	 6.749e-04	 lr:6.25e-05
Epoch: 278	TL: 9.789e-05	VL: 6.171e-04	 6.691e-04	 lr:6.25e-05
Epoch: 279	TL: 9.617e-05	VL: 6.164e-04	 6.638e-04	 lr:6.25e-05
Epoch: 280	TL: 9.802e-05	VL: 6.104e-04	 6.585e-04	 lr:6.25e-05
Epoch: 281	TL: 9.984e-05	VL: 6.713e-04	 6.598e-04	 lr:6.25e-05
Epoch: 282	TL: 9.771e-05	VL: 6.184e-04	 6.556e-04	 lr:6.25e-05
Epoch: 283	TL: 9.562e-05	VL: 6.347e-04	 6.535e-04	 lr:6.25e-05
Epoch: 284	TL: 9.820e-05	VL: 6.145e-04	 6.496e-04	 lr:6.25e-05
Epoch: 285	TL: 9.326e-05	VL: 6.270e-04	 6.474e-04	 lr:6.25e-05
Epoch: 286	TL: 9.602e-05	VL: 6.340e-04	 6.460e-04	 lr:6.25e-05
Epoch: 287	TL: 9.488e-05	VL: 6.203e-04	 6.435e-04	 lr:6.25e-05
Epoch: 288	TL: 9.728e-05	VL: 6.126e-04	 6.404e-04	 lr:6.25e-05
Epoch: 289	TL: 9.554e-05	VL: 6.349e-04	 6.398e-04	 lr:6.25e-05
Epoch: 290	TL: 9.327e-05	VL: 6.105e-04	 6.369e-04	 lr:6.25e-05
Epoch: 291	TL: 9.383e-05	VL: 6.195e-04	 6.352e-04	 lr:6.25e-05
Epoch: 292	TL: 9.532e-05	VL: 6.135e-04	 6.330e-04	 lr:6.25e-05
Epoch: 293	TL: 9.298e-05	VL: 6.066e-04	 6.303e-04	 lr:6.25e-05
Epoch: 294	TL: 9.513e-05	VL: 6.487e-04	 6.322e-04	 lr:6.25e-05
Epoch: 295	TL: 9.278e-05	VL: 6.171e-04	 6.307e-04	 lr:6.25e-05
Epoch: 296	TL: 9.508e-05	VL: 6.401e-04	 6.316e-04	 lr:6.25e-05
Epoch: 297	TL: 9.473e-05	VL: 6.381e-04	 6.323e-04	 lr:6.25e-05
Epoch: 298	TL: 9.073e-05	VL: 6.163e-04	 6.307e-04	 lr:6.25e-05
Epoch: 299	TL: 9.261e-05	VL: 6.078e-04	 6.284e-04	 lr:6.25e-05
Epoch: 300	TL: 9.223e-05	VL: 6.383e-04	 6.294e-04	 lr:6.25e-05
Epoch: 301	TL: 9.274e-05	VL: 6.213e-04	 6.286e-04	 lr:6.25e-05
Epoch: 302	TL: 9.125e-05	VL: 6.127e-04	 6.270e-04	 lr:6.25e-05
Epoch: 303	TL: 9.415e-05	VL: 6.089e-04	 6.252e-04	 lr:6.25e-05
Epoch: 304	TL: 9.074e-05	VL: 6.165e-04	 6.243e-04	 lr:6.25e-05
Epoch: 305	TL: 9.093e-05	VL: 6.142e-04	 6.233e-04	 lr:6.25e-05
Epoch: 306	TL: 9.098e-05	VL: 6.056e-04	 6.215e-04	 lr:6.25e-05
Epoch: 307	TL: 9.252e-05	VL: 6.157e-04	 6.209e-04	 lr:6.25e-05
Epoch: 308	TL: 8.918e-05	VL: 6.354e-04	 6.224e-04	 lr:6.25e-05
Epoch: 309	TL: 8.977e-05	VL: 6.110e-04	 6.212e-04	 lr:6.25e-05
Epoch: 310	TL: 9.005e-05	VL: 6.235e-04	 6.214e-04	 lr:6.25e-05
Epoch: 311	TL: 9.301e-05	VL: 6.177e-04	 6.211e-04	 lr:6.25e-05
Epoch: 312	TL: 9.108e-05	VL: 6.326e-04	 6.222e-04	 lr:6.25e-05
Epoch: 313	TL: 8.989e-05	VL: 6.097e-04	 6.210e-04	 lr:6.25e-05
Epoch: 314	TL: 8.861e-05	VL: 6.098e-04	 6.199e-04	 lr:6.25e-05
Epoch: 315	TL: 8.963e-05	VL: 6.179e-04	 6.197e-04	 lr:6.25e-05
Epoch: 316	TL: 9.092e-05	VL: 6.386e-04	 6.215e-04	 lr:6.25e-05
Epoch: 317	TL: 9.000e-05	VL: 6.333e-04	 6.227e-04	 lr:6.25e-05
Epoch: 318	TL: 8.800e-05	VL: 6.331e-04	 6.238e-04	 lr:6.25e-05
Epoch: 319	TL: 9.084e-05	VL: 6.026e-04	 6.216e-04	 lr:6.25e-05
Epoch: 320	TL: 8.866e-05	VL: 6.162e-04	 6.211e-04	 lr:6.25e-05
Epoch: 321	TL: 8.898e-05	VL: 6.136e-04	 6.203e-04	 lr:6.25e-05
Epoch: 322	TL: 8.731e-05	VL: 6.216e-04	 6.205e-04	 lr:6.25e-05
Epoch: 323	TL: 8.739e-05	VL: 6.225e-04	 6.207e-04	 lr:6.25e-05
Epoch: 324	TL: 8.905e-05	VL: 6.073e-04	 6.193e-04	 lr:6.25e-05
Epoch: 325	TL: 8.808e-05	VL: 6.389e-04	 6.213e-04	 lr:6.25e-05
Epoch: 326	TL: 8.684e-05	VL: 5.979e-04	 6.190e-04	 lr:6.25e-05
Epoch: 327	TL: 8.750e-05	VL: 6.153e-04	 6.186e-04	 lr:6.25e-05
Epoch: 328	TL: 8.759e-05	VL: 6.145e-04	 6.182e-04	 lr:6.25e-05
Epoch: 329	TL: 8.753e-05	VL: 6.067e-04	 6.170e-04	 lr:6.25e-05
Epoch: 330	TL: 8.652e-05	VL: 6.038e-04	 6.157e-04	 lr:6.25e-05
Epoch: 331	TL: 8.554e-05	VL: 6.329e-04	 6.174e-04	 lr:6.25e-05
Epoch: 332	TL: 8.649e-05	VL: 5.915e-04	 6.148e-04	 lr:6.25e-05
Epoch: 333	TL: 8.647e-05	VL: 6.103e-04	 6.144e-04	 lr:6.25e-05
Epoch: 334	TL: 8.655e-05	VL: 6.149e-04	 6.144e-04	 lr:6.25e-05
Epoch: 335	TL: 8.461e-05	VL: 6.787e-04	 6.209e-04	 lr:6.25e-05
Epoch: 336	TL: 8.584e-05	VL: 6.169e-04	 6.205e-04	 lr:6.25e-05
Epoch: 337	TL: 8.484e-05	VL: 6.248e-04	 6.209e-04	 lr:6.25e-05
Epoch: 338	TL: 8.557e-05	VL: 6.063e-04	 6.194e-04	 lr:6.25e-05
Epoch: 339	TL: 8.580e-05	VL: 6.165e-04	 6.191e-04	 lr:6.25e-05
Epoch: 340	TL: 8.558e-05	VL: 6.453e-04	 6.218e-04	 lr:6.25e-05
Epoch: 341	TL: 8.516e-05	VL: 6.038e-04	 6.200e-04	 lr:6.25e-05
Epoch: 342	TL: 8.531e-05	VL: 6.063e-04	 6.186e-04	 lr:6.25e-05
Epoch: 343	TL: 8.222e-05	VL: 6.387e-04	 6.206e-04	 lr:6.25e-05
Epoch: 344	TL: 8.695e-05	VL: 6.085e-04	 6.194e-04	 lr:6.25e-05
Epoch: 345	TL: 8.613e-05	VL: 6.134e-04	 6.188e-04	 lr:6.25e-05
Epoch: 346	TL: 8.511e-05	VL: 5.982e-04	 6.168e-04	 lr:6.25e-05
Epoch: 347	TL: 8.234e-05	VL: 6.312e-04	 6.182e-04	 lr:6.25e-05
Epoch: 348	TL: 8.498e-05	VL: 6.096e-04	 6.173e-04	 lr:6.25e-05
Epoch: 349	TL: 8.432e-05	VL: 6.212e-04	 6.177e-04	 lr:6.25e-05
Epoch: 350	TL: 6.428e-05	VL: 5.999e-04	 6.159e-04	 lr:3.125e-05
Epoch: 351	TL: 6.632e-05	VL: 5.906e-04	 6.134e-04	 lr:3.125e-05
Epoch: 352	TL: 6.731e-05	VL: 5.932e-04	 6.114e-04	 lr:3.125e-05
Epoch: 353	TL: 6.777e-05	VL: 5.979e-04	 6.100e-04	 lr:3.125e-05
Epoch: 354	TL: 6.731e-05	VL: 6.016e-04	 6.092e-04	 lr:3.125e-05
Epoch: 355	TL: 6.565e-05	VL: 6.014e-04	 6.084e-04	 lr:3.125e-05
Epoch: 356	TL: 6.713e-05	VL: 5.993e-04	 6.075e-04	 lr:3.125e-05
Epoch: 357	TL: 6.560e-05	VL: 5.925e-04	 6.060e-04	 lr:3.125e-05
Epoch: 358	TL: 6.671e-05	VL: 6.003e-04	 6.054e-04	 lr:3.125e-05
Epoch: 359	TL: 6.602e-05	VL: 6.030e-04	 6.052e-04	 lr:3.125e-05
Epoch: 360	TL: 6.717e-05	VL: 5.979e-04	 6.045e-04	 lr:3.125e-05
Epoch: 361	TL: 6.642e-05	VL: 5.962e-04	 6.036e-04	 lr:3.125e-05
Epoch: 362	TL: 6.533e-05	VL: 5.971e-04	 6.030e-04	 lr:3.125e-05
Epoch: 363	TL: 6.558e-05	VL: 5.894e-04	 6.016e-04	 lr:3.125e-05
Epoch: 364	TL: 6.587e-05	VL: 5.971e-04	 6.012e-04	 lr:3.125e-05
Epoch: 365	TL: 6.513e-05	VL: 5.951e-04	 6.006e-04	 lr:3.125e-05
Epoch: 366	TL: 6.595e-05	VL: 5.973e-04	 6.002e-04	 lr:3.125e-05
Epoch: 367	TL: 6.525e-05	VL: 5.943e-04	 5.996e-04	 lr:3.125e-05
Epoch: 368	TL: 6.699e-05	VL: 5.961e-04	 5.993e-04	 lr:3.125e-05
Epoch: 369	TL: 6.509e-05	VL: 5.969e-04	 5.991e-04	 lr:3.125e-05
Epoch: 370	TL: 6.582e-05	VL: 5.980e-04	 5.989e-04	 lr:3.125e-05
Epoch: 371	TL: 6.514e-05	VL: 6.044e-04	 5.995e-04	 lr:3.125e-05
Epoch: 372	TL: 6.558e-05	VL: 6.016e-04	 5.997e-04	 lr:3.125e-05
Epoch: 373	TL: 6.523e-05	VL: 6.008e-04	 5.998e-04	 lr:3.125e-05
Epoch: 374	TL: 6.438e-05	VL: 6.031e-04	 6.001e-04	 lr:3.125e-05
Epoch: 375	TL: 6.477e-05	VL: 6.016e-04	 6.003e-04	 lr:3.125e-05
Epoch: 376	TL: 6.396e-05	VL: 6.015e-04	 6.004e-04	 lr:3.125e-05
Epoch: 377	TL: 6.538e-05	VL: 6.027e-04	 6.006e-04	 lr:3.125e-05
Epoch: 378	TL: 6.412e-05	VL: 6.038e-04	 6.009e-04	 lr:3.125e-05
Epoch: 379	TL: 6.361e-05	VL: 5.890e-04	 5.998e-04	 lr:3.125e-05
Epoch: 380	TL: 6.445e-05	VL: 5.919e-04	 5.990e-04	 lr:3.125e-05
Epoch: 381	TL: 6.443e-05	VL: 5.973e-04	 5.988e-04	 lr:3.125e-05
Epoch: 382	TL: 6.387e-05	VL: 5.897e-04	 5.979e-04	 lr:3.125e-05
Epoch: 383	TL: 6.443e-05	VL: 6.043e-04	 5.985e-04	 lr:3.125e-05
Epoch: 384	TL: 6.377e-05	VL: 5.947e-04	 5.981e-04	 lr:3.125e-05
Epoch: 385	TL: 6.498e-05	VL: 5.967e-04	 5.980e-04	 lr:3.125e-05
Epoch: 386	TL: 6.307e-05	VL: 6.006e-04	 5.983e-04	 lr:3.125e-05
Epoch: 387	TL: 6.399e-05	VL: 5.966e-04	 5.981e-04	 lr:3.125e-05
Epoch: 388	TL: 6.354e-05	VL: 5.925e-04	 5.975e-04	 lr:3.125e-05
Epoch: 389	TL: 6.372e-05	VL: 5.972e-04	 5.975e-04	 lr:3.125e-05
Epoch: 390	TL: 6.318e-05	VL: 6.121e-04	 5.990e-04	 lr:3.125e-05
Epoch: 391	TL: 6.306e-05	VL: 5.959e-04	 5.986e-04	 lr:3.125e-05
Epoch: 392	TL: 6.381e-05	VL: 5.934e-04	 5.981e-04	 lr:3.125e-05
Epoch: 393	TL: 6.370e-05	VL: 5.968e-04	 5.980e-04	 lr:3.125e-05
Epoch: 394	TL: 6.288e-05	VL: 5.976e-04	 5.979e-04	 lr:3.125e-05
Epoch: 395	TL: 6.307e-05	VL: 5.979e-04	 5.979e-04	 lr:3.125e-05
Epoch: 396	TL: 6.214e-05	VL: 5.987e-04	 5.980e-04	 lr:3.125e-05
Epoch: 397	TL: 6.378e-05	VL: 5.930e-04	 5.975e-04	 lr:3.125e-05
Epoch: 398	TL: 6.292e-05	VL: 5.971e-04	 5.975e-04	 lr:3.125e-05
Epoch: 399	TL: 6.290e-05	VL: 6.080e-04	 5.985e-04	 lr:3.125e-05
Epoch: 400	TL: 6.219e-05	VL: 5.900e-04	 5.977e-04	 lr:3.125e-05
Epoch: 401	TL: 6.333e-05	VL: 6.018e-04	 5.981e-04	 lr:3.125e-05
Epoch: 402	TL: 6.221e-05	VL: 6.022e-04	 5.985e-04	 lr:3.125e-05
Epoch: 403	TL: 6.206e-05	VL: 5.888e-04	 5.975e-04	 lr:3.125e-05
Epoch: 404	TL: 6.161e-05	VL: 5.996e-04	 5.978e-04	 lr:3.125e-05
Epoch: 405	TL: 6.228e-05	VL: 5.936e-04	 5.973e-04	 lr:3.125e-05
Epoch: 406	TL: 6.270e-05	VL: 5.840e-04	 5.960e-04	 lr:3.125e-05
Epoch: 407	TL: 6.174e-05	VL: 5.937e-04	 5.958e-04	 lr:3.125e-05
Epoch: 408	TL: 6.184e-05	VL: 5.971e-04	 5.959e-04	 lr:3.125e-05
Epoch: 409	TL: 6.098e-05	VL: 5.957e-04	 5.959e-04	 lr:3.125e-05
Epoch: 410	TL: 6.222e-05	VL: 5.888e-04	 5.952e-04	 lr:3.125e-05
Epoch: 411	TL: 6.143e-05	VL: 5.950e-04	 5.952e-04	 lr:3.125e-05
Epoch: 412	TL: 6.360e-05	VL: 5.904e-04	 5.947e-04	 lr:3.125e-05
Epoch: 413	TL: 6.049e-05	VL: 5.885e-04	 5.941e-04	 lr:3.125e-05
Epoch: 414	TL: 6.171e-05	VL: 5.999e-04	 5.946e-04	 lr:3.125e-05
Epoch: 415	TL: 6.127e-05	VL: 5.933e-04	 5.945e-04	 lr:3.125e-05
Epoch: 416	TL: 6.184e-05	VL: 6.024e-04	 5.953e-04	 lr:3.125e-05
Epoch: 417	TL: 6.034e-05	VL: 5.940e-04	 5.952e-04	 lr:3.125e-05
Epoch: 418	TL: 6.188e-05	VL: 5.944e-04	 5.951e-04	 lr:3.125e-05
Epoch: 419	TL: 6.085e-05	VL: 5.879e-04	 5.944e-04	 lr:3.125e-05
Epoch: 420	TL: 6.162e-05	VL: 5.956e-04	 5.945e-04	 lr:3.125e-05
Epoch: 421	TL: 6.083e-05	VL: 6.010e-04	 5.952e-04	 lr:3.125e-05
Epoch: 422	TL: 6.068e-05	VL: 5.938e-04	 5.950e-04	 lr:3.125e-05
Epoch: 423	TL: 6.083e-05	VL: 5.933e-04	 5.948e-04	 lr:3.125e-05
Epoch: 424	TL: 6.075e-05	VL: 5.945e-04	 5.948e-04	 lr:3.125e-05
Epoch: 425	TL: 6.169e-05	VL: 5.947e-04	 5.948e-04	 lr:3.125e-05
Epoch: 426	TL: 6.099e-05	VL: 5.832e-04	 5.936e-04	 lr:3.125e-05
Epoch: 427	TL: 6.054e-05	VL: 5.890e-04	 5.932e-04	 lr:3.125e-05
Epoch: 428	TL: 6.076e-05	VL: 5.812e-04	 5.920e-04	 lr:3.125e-05
Epoch: 429	TL: 6.061e-05	VL: 5.892e-04	 5.917e-04	 lr:3.125e-05
Epoch: 430	TL: 5.997e-05	VL: 6.057e-04	 5.931e-04	 lr:3.125e-05
Epoch: 431	TL: 6.069e-05	VL: 5.893e-04	 5.927e-04	 lr:3.125e-05
Epoch: 432	TL: 5.987e-05	VL: 5.890e-04	 5.923e-04	 lr:3.125e-05
Epoch: 433	TL: 6.114e-05	VL: 5.965e-04	 5.928e-04	 lr:3.125e-05
Epoch: 434	TL: 5.972e-05	VL: 5.971e-04	 5.932e-04	 lr:3.125e-05
Epoch: 435	TL: 6.023e-05	VL: 6.200e-04	 5.959e-04	 lr:3.125e-05
Epoch: 436	TL: 6.066e-05	VL: 5.872e-04	 5.950e-04	 lr:3.125e-05
Epoch: 437	TL: 6.006e-05	VL: 5.868e-04	 5.942e-04	 lr:3.125e-05
Epoch: 438	TL: 6.044e-05	VL: 5.998e-04	 5.948e-04	 lr:3.125e-05
Epoch: 439	TL: 5.919e-05	VL: 5.904e-04	 5.943e-04	 lr:3.125e-05
Epoch: 440	TL: 6.045e-05	VL: 5.917e-04	 5.941e-04	 lr:3.125e-05
Epoch: 441	TL: 5.987e-05	VL: 5.978e-04	 5.944e-04	 lr:3.125e-05
Epoch: 442	TL: 5.991e-05	VL: 5.935e-04	 5.943e-04	 lr:3.125e-05
Epoch: 443	TL: 5.946e-05	VL: 5.955e-04	 5.945e-04	 lr:3.125e-05
Epoch: 444	TL: 5.928e-05	VL: 5.961e-04	 5.946e-04	 lr:3.125e-05
Epoch: 445	TL: 5.992e-05	VL: 6.015e-04	 5.953e-04	 lr:3.125e-05
Epoch: 446	TL: 5.194e-05	VL: 5.860e-04	 5.944e-04	 lr:1.5625e-05
Epoch: 447	TL: 5.158e-05	VL: 5.860e-04	 5.935e-04	 lr:1.5625e-05
Epoch: 448	TL: 5.207e-05	VL: 5.916e-04	 5.933e-04	 lr:1.5625e-05
Epoch: 449	TL: 5.209e-05	VL: 5.880e-04	 5.928e-04	 lr:1.5625e-05
Epoch: 450	TL: 5.220e-05	VL: 5.901e-04	 5.925e-04	 lr:1.5625e-05
Epoch: 451	TL: 5.196e-05	VL: 5.886e-04	 5.921e-04	 lr:1.5625e-05
Epoch: 452	TL: 5.247e-05	VL: 5.884e-04	 5.918e-04	 lr:1.5625e-05
Epoch: 453	TL: 5.183e-05	VL: 5.828e-04	 5.909e-04	 lr:1.5625e-05
Epoch: 454	TL: 5.172e-05	VL: 5.878e-04	 5.906e-04	 lr:1.5625e-05
Epoch: 455	TL: 5.171e-05	VL: 5.863e-04	 5.901e-04	 lr:1.5625e-05
Epoch: 456	TL: 5.185e-05	VL: 5.891e-04	 5.900e-04	 lr:1.5625e-05
Epoch: 457	TL: 5.192e-05	VL: 5.917e-04	 5.902e-04	 lr:1.5625e-05
Epoch: 458	TL: 5.118e-05	VL: 5.911e-04	 5.903e-04	 lr:1.5625e-05
Epoch: 459	TL: 5.229e-05	VL: 5.860e-04	 5.899e-04	 lr:1.5625e-05
Epoch: 460	TL: 5.173e-05	VL: 5.839e-04	 5.893e-04	 lr:1.5625e-05
Epoch: 461	TL: 5.142e-05	VL: 5.819e-04	 5.885e-04	 lr:1.5625e-05
Epoch: 462	TL: 5.121e-05	VL: 5.889e-04	 5.886e-04	 lr:1.5625e-05
Epoch: 463	TL: 5.134e-05	VL: 5.880e-04	 5.885e-04	 lr:1.5625e-05
Epoch: 464	TL: 5.143e-05	VL: 5.835e-04	 5.880e-04	 lr:1.5625e-05
Epoch: 465	TL: 5.089e-05	VL: 5.830e-04	 5.875e-04	 lr:1.5625e-05
Epoch: 466	TL: 5.125e-05	VL: 5.837e-04	 5.871e-04	 lr:1.5625e-05
Epoch: 467	TL: 5.120e-05	VL: 5.858e-04	 5.870e-04	 lr:1.5625e-05
Epoch: 468	TL: 5.183e-05	VL: 5.831e-04	 5.866e-04	 lr:1.5625e-05
Epoch: 469	TL: 5.093e-05	VL: 5.932e-04	 5.873e-04	 lr:1.5625e-05
Epoch: 470	TL: 5.133e-05	VL: 5.827e-04	 5.868e-04	 lr:1.5625e-05
Epoch: 471	TL: 5.103e-05	VL: 5.798e-04	 5.861e-04	 lr:1.5625e-05
Epoch: 472	TL: 5.105e-05	VL: 5.805e-04	 5.856e-04	 lr:1.5625e-05
Epoch: 473	TL: 5.115e-05	VL: 5.909e-04	 5.861e-04	 lr:1.5625e-05
Epoch: 474	TL: 5.105e-05	VL: 5.837e-04	 5.859e-04	 lr:1.5625e-05
Epoch: 475	TL: 5.098e-05	VL: 5.982e-04	 5.871e-04	 lr:1.5625e-05
Epoch: 476	TL: 5.137e-05	VL: 5.931e-04	 5.877e-04	 lr:1.5625e-05
Epoch: 477	TL: 5.067e-05	VL: 5.903e-04	 5.879e-04	 lr:1.5625e-05
Epoch: 478	TL: 5.081e-05	VL: 5.884e-04	 5.880e-04	 lr:1.5625e-05
Epoch: 479	TL: 5.107e-05	VL: 5.850e-04	 5.877e-04	 lr:1.5625e-05
Epoch: 480	TL: 5.100e-05	VL: 5.847e-04	 5.874e-04	 lr:1.5625e-05
Epoch: 481	TL: 5.061e-05	VL: 5.840e-04	 5.871e-04	 lr:1.5625e-05
Epoch: 482	TL: 5.099e-05	VL: 5.884e-04	 5.872e-04	 lr:1.5625e-05
Epoch: 483	TL: 5.074e-05	VL: 5.852e-04	 5.870e-04	 lr:1.5625e-05
Epoch: 484	TL: 5.081e-05	VL: 5.873e-04	 5.870e-04	 lr:1.5625e-05
Epoch: 485	TL: 5.066e-05	VL: 5.956e-04	 5.879e-04	 lr:1.5625e-05
Epoch: 486	TL: 5.036e-05	VL: 5.856e-04	 5.876e-04	 lr:1.5625e-05
Epoch: 487	TL: 5.084e-05	VL: 5.799e-04	 5.869e-04	 lr:1.5625e-05
Epoch: 488	TL: 5.055e-05	VL: 5.805e-04	 5.862e-04	 lr:1.5625e-05
Epoch: 489	TL: 4.662e-05	VL: 5.795e-04	 5.856e-04	 lr:7.8125e-06
Epoch: 490	TL: 4.709e-05	VL: 5.809e-04	 5.851e-04	 lr:7.8125e-06
Epoch: 491	TL: 4.699e-05	VL: 5.795e-04	 5.845e-04	 lr:7.8125e-06
Epoch: 492	TL: 4.690e-05	VL: 5.806e-04	 5.841e-04	 lr:7.8125e-06
Epoch: 493	TL: 4.675e-05	VL: 5.793e-04	 5.837e-04	 lr:7.8125e-06
Epoch: 494	TL: 4.690e-05	VL: 5.805e-04	 5.833e-04	 lr:7.8125e-06
Epoch: 495	TL: 4.715e-05	VL: 5.809e-04	 5.831e-04	 lr:7.8125e-06
Epoch: 496	TL: 4.683e-05	VL: 5.816e-04	 5.830e-04	 lr:7.8125e-06
Epoch: 497	TL: 4.696e-05	VL: 5.834e-04	 5.830e-04	 lr:7.8125e-06
Epoch: 498	TL: 4.684e-05	VL: 5.783e-04	 5.825e-04	 lr:7.8125e-06
Epoch: 499	TL: 4.664e-05	VL: 5.806e-04	 5.823e-04	 lr:7.8125e-06
Epoch: 500	TL: 4.697e-05	VL: 5.789e-04	 5.820e-04	 lr:7.8125e-06
Epoch: 501	TL: 4.668e-05	VL: 5.819e-04	 5.820e-04	 lr:7.8125e-06
Epoch: 502	TL: 4.688e-05	VL: 5.828e-04	 5.821e-04	 lr:7.8125e-06
Epoch: 503	TL: 4.676e-05	VL: 5.827e-04	 5.821e-04	 lr:7.8125e-06
Epoch: 504	TL: 4.667e-05	VL: 5.784e-04	 5.817e-04	 lr:7.8125e-06
Epoch: 505	TL: 4.658e-05	VL: 5.830e-04	 5.819e-04	 lr:7.8125e-06
Epoch: 506	TL: 4.688e-05	VL: 5.792e-04	 5.816e-04	 lr:7.8125e-06
Epoch: 507	TL: 4.643e-05	VL: 5.786e-04	 5.813e-04	 lr:7.8125e-06
Epoch: 508	TL: 4.658e-05	VL: 5.778e-04	 5.810e-04	 lr:7.8125e-06
Epoch: 509	TL: 4.653e-05	VL: 5.833e-04	 5.812e-04	 lr:7.8125e-06
Epoch: 510	TL: 4.640e-05	VL: 5.876e-04	 5.818e-04	 lr:7.8125e-06
Epoch: 511	TL: 4.678e-05	VL: 5.782e-04	 5.815e-04	 lr:7.8125e-06
Epoch: 512	TL: 4.635e-05	VL: 5.809e-04	 5.814e-04	 lr:7.8125e-06
Epoch: 513	TL: 4.660e-05	VL: 5.811e-04	 5.814e-04	 lr:7.8125e-06
Epoch: 514	TL: 4.654e-05	VL: 5.797e-04	 5.812e-04	 lr:7.8125e-06
Epoch: 515	TL: 4.619e-05	VL: 5.793e-04	 5.810e-04	 lr:7.8125e-06
Epoch: 516	TL: 4.636e-05	VL: 5.806e-04	 5.810e-04	 lr:7.8125e-06
Epoch: 517	TL: 4.654e-05	VL: 5.828e-04	 5.812e-04	 lr:7.8125e-06
Epoch: 518	TL: 4.640e-05	VL: 5.796e-04	 5.810e-04	 lr:7.8125e-06
Epoch: 519	TL: 4.670e-05	VL: 5.854e-04	 5.815e-04	 lr:7.8125e-06
Epoch: 520	TL: 4.625e-05	VL: 5.815e-04	 5.815e-04	 lr:7.8125e-06
Epoch: 521	TL: 4.625e-05	VL: 5.923e-04	 5.825e-04	 lr:7.8125e-06
Epoch: 522	TL: 4.605e-05	VL: 5.788e-04	 5.822e-04	 lr:7.8125e-06
Epoch: 523	TL: 4.631e-05	VL: 5.786e-04	 5.818e-04	 lr:7.8125e-06
Epoch: 524	TL: 4.637e-05	VL: 5.816e-04	 5.818e-04	 lr:7.8125e-06
Epoch: 525	TL: 4.443e-05	VL: 5.788e-04	 5.815e-04	 lr:3.90625e-06
Epoch: 526	TL: 4.438e-05	VL: 5.791e-04	 5.813e-04	 lr:3.90625e-06
Epoch: 527	TL: 4.433e-05	VL: 5.812e-04	 5.813e-04	 lr:3.90625e-06
Epoch: 528	TL: 4.441e-05	VL: 5.792e-04	 5.810e-04	 lr:3.90625e-06
Epoch: 529	TL: 4.449e-05	VL: 5.796e-04	 5.809e-04	 lr:3.90625e-06
Epoch: 530	TL: 4.425e-05	VL: 5.811e-04	 5.809e-04	 lr:3.90625e-06
Epoch: 531	TL: 4.436e-05	VL: 5.784e-04	 5.807e-04	 lr:3.90625e-06
Epoch: 532	TL: 4.430e-05	VL: 5.776e-04	 5.804e-04	 lr:3.90625e-06
Epoch: 533	TL: 4.449e-05	VL: 5.786e-04	 5.802e-04	 lr:3.90625e-06
Epoch: 534	TL: 4.435e-05	VL: 5.799e-04	 5.802e-04	 lr:3.90625e-06
Epoch: 535	TL: 4.434e-05	VL: 5.808e-04	 5.802e-04	 lr:3.90625e-06
Epoch: 536	TL: 4.445e-05	VL: 5.795e-04	 5.802e-04	 lr:3.90625e-06
Epoch: 537	TL: 4.432e-05	VL: 5.796e-04	 5.801e-04	 lr:3.90625e-06
Epoch: 538	TL: 4.419e-05	VL: 5.782e-04	 5.799e-04	 lr:3.90625e-06
Epoch: 539	TL: 4.428e-05	VL: 5.786e-04	 5.798e-04	 lr:3.90625e-06
Epoch: 540	TL: 4.449e-05	VL: 5.785e-04	 5.796e-04	 lr:3.90625e-06
Epoch: 541	TL: 4.410e-05	VL: 5.784e-04	 5.795e-04	 lr:3.90625e-06
Epoch: 542	TL: 4.438e-05	VL: 5.799e-04	 5.796e-04	 lr:3.90625e-06
Epoch: 543	TL: 4.424e-05	VL: 5.812e-04	 5.797e-04	 lr:3.90625e-06
Epoch: 544	TL: 4.427e-05	VL: 5.779e-04	 5.795e-04	 lr:3.90625e-06
Epoch: 545	TL: 4.412e-05	VL: 5.808e-04	 5.797e-04	 lr:3.90625e-06
Epoch: 546	TL: 4.428e-05	VL: 5.803e-04	 5.797e-04	 lr:3.90625e-06
Epoch: 547	TL: 4.434e-05	VL: 5.781e-04	 5.796e-04	 lr:3.90625e-06
Epoch: 548	TL: 4.420e-05	VL: 5.799e-04	 5.796e-04	 lr:3.90625e-06
Epoch: 549	TL: 4.422e-05	VL: 5.770e-04	 5.793e-04	 lr:3.90625e-06
Epoch: 550	TL: 4.420e-05	VL: 5.798e-04	 5.794e-04	 lr:3.90625e-06
Epoch: 551	TL: 4.426e-05	VL: 5.804e-04	 5.795e-04	 lr:3.90625e-06
Epoch: 552	TL: 4.407e-05	VL: 5.778e-04	 5.793e-04	 lr:3.90625e-06
Epoch: 553	TL: 4.406e-05	VL: 5.796e-04	 5.793e-04	 lr:3.90625e-06
Epoch: 554	TL: 4.412e-05	VL: 5.801e-04	 5.794e-04	 lr:3.90625e-06
Epoch: 555	TL: 4.419e-05	VL: 5.793e-04	 5.794e-04	 lr:3.90625e-06
Epoch: 556	TL: 4.412e-05	VL: 5.789e-04	 5.794e-04	 lr:3.90625e-06
Epoch: 557	TL: 4.402e-05	VL: 5.801e-04	 5.794e-04	 lr:3.90625e-06
Epoch: 558	TL: 4.417e-05	VL: 5.794e-04	 5.794e-04	 lr:3.90625e-06
Epoch: 559	TL: 4.408e-05	VL: 5.775e-04	 5.792e-04	 lr:3.90625e-06
Epoch: 560	TL: 4.404e-05	VL: 5.803e-04	 5.793e-04	 lr:3.90625e-06
Epoch: 561	TL: 4.403e-05	VL: 5.779e-04	 5.792e-04	 lr:3.90625e-06
Epoch: 562	TL: 4.403e-05	VL: 5.776e-04	 5.790e-04	 lr:3.90625e-06
Epoch: 563	TL: 4.406e-05	VL: 5.784e-04	 5.790e-04	 lr:3.90625e-06
Epoch: 564	TL: 4.381e-05	VL: 5.775e-04	 5.788e-04	 lr:3.90625e-06
Epoch: 565	TL: 4.410e-05	VL: 5.803e-04	 5.790e-04	 lr:3.90625e-06
Epoch: 566	TL: 4.405e-05	VL: 5.774e-04	 5.788e-04	 lr:3.90625e-06
Epoch: 567	TL: 4.379e-05	VL: 5.817e-04	 5.791e-04	 lr:3.90625e-06
Epoch: 568	TL: 4.397e-05	VL: 5.779e-04	 5.790e-04	 lr:3.90625e-06
Epoch: 569	TL: 4.396e-05	VL: 5.809e-04	 5.792e-04	 lr:3.90625e-06
Epoch: 570	TL: 4.393e-05	VL: 5.763e-04	 5.789e-04	 lr:3.90625e-06
Epoch: 571	TL: 4.398e-05	VL: 5.770e-04	 5.787e-04	 lr:3.90625e-06
Epoch: 572	TL: 4.388e-05	VL: 5.778e-04	 5.786e-04	 lr:3.90625e-06
Epoch: 573	TL: 4.393e-05	VL: 5.788e-04	 5.786e-04	 lr:3.90625e-06
Epoch: 574	TL: 4.390e-05	VL: 5.809e-04	 5.789e-04	 lr:3.90625e-06
Epoch: 575	TL: 4.380e-05	VL: 5.787e-04	 5.788e-04	 lr:3.90625e-06
Epoch: 576	TL: 4.391e-05	VL: 5.791e-04	 5.789e-04	 lr:3.90625e-06
Epoch: 577	TL: 4.399e-05	VL: 5.793e-04	 5.789e-04	 lr:3.90625e-06
Epoch: 578	TL: 4.381e-05	VL: 5.801e-04	 5.790e-04	 lr:3.90625e-06
Epoch: 579	TL: 4.375e-05	VL: 5.786e-04	 5.790e-04	 lr:3.90625e-06
Epoch: 580	TL: 4.381e-05	VL: 5.781e-04	 5.789e-04	 lr:3.90625e-06
Epoch: 581	TL: 4.386e-05	VL: 5.774e-04	 5.787e-04	 lr:3.90625e-06
Epoch: 582	TL: 4.398e-05	VL: 5.791e-04	 5.788e-04	 lr:3.90625e-06
Epoch: 583	TL: 4.369e-05	VL: 5.816e-04	 5.791e-04	 lr:3.90625e-06
Epoch: 584	TL: 4.385e-05	VL: 5.805e-04	 5.792e-04	 lr:3.90625e-06
Epoch: 585	TL: 4.385e-05	VL: 5.810e-04	 5.794e-04	 lr:3.90625e-06
Epoch: 586	TL: 4.397e-05	VL: 5.811e-04	 5.795e-04	 lr:3.90625e-06
Epoch: 587	TL: 4.379e-05	VL: 5.760e-04	 5.792e-04	 lr:3.90625e-06
Epoch: 588	TL: 4.378e-05	VL: 5.777e-04	 5.790e-04	 lr:3.90625e-06
Epoch: 589	TL: 4.273e-05	VL: 5.781e-04	 5.790e-04	 lr:1.953125e-06
Epoch: 590	TL: 4.278e-05	VL: 5.781e-04	 5.789e-04	 lr:1.953125e-06
Epoch: 591	TL: 4.277e-05	VL: 5.783e-04	 5.788e-04	 lr:1.953125e-06
Epoch: 592	TL: 4.284e-05	VL: 5.780e-04	 5.787e-04	 lr:1.953125e-06
Epoch: 593	TL: 4.272e-05	VL: 5.773e-04	 5.786e-04	 lr:1.953125e-06
Epoch: 594	TL: 4.274e-05	VL: 5.780e-04	 5.785e-04	 lr:1.953125e-06
Epoch: 595	TL: 4.282e-05	VL: 5.764e-04	 5.783e-04	 lr:1.953125e-06
Epoch: 596	TL: 4.280e-05	VL: 5.780e-04	 5.783e-04	 lr:1.953125e-06
Epoch: 597	TL: 4.277e-05	VL: 5.767e-04	 5.781e-04	 lr:1.953125e-06
Epoch: 598	TL: 4.274e-05	VL: 5.779e-04	 5.781e-04	 lr:1.953125e-06
Epoch: 599	TL: 4.271e-05	VL: 5.791e-04	 5.782e-04	 lr:1.953125e-06
Epoch: 600	TL: 4.271e-05	VL: 5.774e-04	 5.781e-04	 lr:1.953125e-06
Epoch: 601	TL: 4.277e-05	VL: 5.763e-04	 5.779e-04	 lr:1.953125e-06
Epoch: 602	TL: 4.276e-05	VL: 5.775e-04	 5.779e-04	 lr:1.953125e-06
Epoch: 603	TL: 4.266e-05	VL: 5.768e-04	 5.778e-04	 lr:1.953125e-06
Epoch: 604	TL: 4.281e-05	VL: 5.776e-04	 5.778e-04	 lr:1.953125e-06
Epoch: 605	TL: 4.274e-05	VL: 5.773e-04	 5.777e-04	 lr:1.953125e-06
Epoch: 606	TL: 4.268e-05	VL: 5.767e-04	 5.776e-04	 lr:1.953125e-06
Epoch: 607	TL: 4.275e-05	VL: 5.770e-04	 5.776e-04	 lr:1.953125e-06
Epoch: 608	TL: 4.266e-05	VL: 5.760e-04	 5.774e-04	 lr:1.953125e-06
Epoch: 609	TL: 4.262e-05	VL: 5.777e-04	 5.774e-04	 lr:1.953125e-06
Epoch: 610	TL: 4.266e-05	VL: 5.788e-04	 5.776e-04	 lr:1.953125e-06
Epoch: 611	TL: 4.267e-05	VL: 5.761e-04	 5.774e-04	 lr:1.953125e-06
Epoch: 612	TL: 4.259e-05	VL: 5.776e-04	 5.774e-04	 lr:1.953125e-06
Epoch: 613	TL: 4.266e-05	VL: 5.770e-04	 5.774e-04	 lr:1.953125e-06
Epoch: 614	TL: 4.265e-05	VL: 5.778e-04	 5.774e-04	 lr:1.953125e-06
Epoch: 615	TL: 4.263e-05	VL: 5.777e-04	 5.775e-04	 lr:1.953125e-06
Epoch: 616	TL: 4.262e-05	VL: 5.768e-04	 5.774e-04	 lr:1.953125e-06
Epoch: 617	TL: 4.262e-05	VL: 5.778e-04	 5.774e-04	 lr:1.953125e-06
Epoch: 618	TL: 4.267e-05	VL: 5.763e-04	 5.773e-04	 lr:1.953125e-06
Epoch: 619	TL: 4.269e-05	VL: 5.779e-04	 5.774e-04	 lr:1.953125e-06
Epoch: 620	TL: 4.260e-05	VL: 5.780e-04	 5.774e-04	 lr:1.953125e-06
Epoch: 621	TL: 4.253e-05	VL: 5.779e-04	 5.775e-04	 lr:1.953125e-06
Epoch: 622	TL: 4.260e-05	VL: 5.767e-04	 5.774e-04	 lr:1.953125e-06
Epoch: 623	TL: 4.260e-05	VL: 5.768e-04	 5.773e-04	 lr:1.953125e-06
Epoch: 624	TL: 4.267e-05	VL: 5.779e-04	 5.774e-04	 lr:1.953125e-06
Epoch: 625	TL: 4.260e-05	VL: 5.768e-04	 5.773e-04	 lr:1.953125e-06
Epoch: 626	TL: 4.261e-05	VL: 5.767e-04	 5.773e-04	 lr:1.953125e-06
Epoch: 627	TL: 4.268e-05	VL: 5.783e-04	 5.774e-04	 lr:1.953125e-06
Epoch: 628	TL: 4.256e-05	VL: 5.783e-04	 5.775e-04	 lr:1.953125e-06
Epoch: 629	TL: 4.248e-05	VL: 5.784e-04	 5.776e-04	 lr:1.953125e-06
Epoch: 630	TL: 4.256e-05	VL: 5.761e-04	 5.774e-04	 lr:1.953125e-06
Epoch: 631	TL: 4.249e-05	VL: 5.771e-04	 5.774e-04	 lr:1.953125e-06
Epoch: 632	TL: 4.235e-05	VL: 5.769e-04	 5.773e-04	 lr:1.953125e-06
Epoch: 633	TL: 4.251e-05	VL: 5.786e-04	 5.775e-04	 lr:1.953125e-06
Epoch: 634	TL: 4.253e-05	VL: 5.794e-04	 5.777e-04	 lr:1.953125e-06
Epoch: 635	TL: 4.254e-05	VL: 5.789e-04	 5.778e-04	 lr:1.953125e-06
Epoch: 636	TL: 4.255e-05	VL: 5.812e-04	 5.781e-04	 lr:1.953125e-06
Epoch: 637	TL: 4.251e-05	VL: 5.777e-04	 5.781e-04	 lr:1.953125e-06
Epoch: 638	TL: 4.254e-05	VL: 5.790e-04	 5.782e-04	 lr:1.953125e-06
Epoch: 639	TL: 4.246e-05	VL: 5.793e-04	 5.783e-04	 lr:1.953125e-06
Epoch: 640	TL: 4.263e-05	VL: 5.768e-04	 5.781e-04	 lr:1.953125e-06
Epoch: 641	TL: 4.247e-05	VL: 5.762e-04	 5.779e-04	 lr:1.953125e-06
Epoch: 642	TL: 4.248e-05	VL: 5.782e-04	 5.780e-04	 lr:1.953125e-06
Epoch: 643	TL: 4.203e-05	VL: 5.779e-04	 5.780e-04	 lr:9.765625e-07
Epoch: 644	TL: 4.195e-05	VL: 5.765e-04	 5.778e-04	 lr:9.765625e-07
Epoch: 645	TL: 4.198e-05	VL: 5.775e-04	 5.778e-04	 lr:9.765625e-07
Epoch: 646	TL: 4.193e-05	VL: 5.769e-04	 5.777e-04	 lr:9.765625e-07
Epoch: 647	TL: 4.194e-05	VL: 5.773e-04	 5.777e-04	 lr:9.765625e-07
Epoch: 648	TL: 4.193e-05	VL: 5.765e-04	 5.775e-04	 lr:9.765625e-07
Epoch: 649	TL: 4.193e-05	VL: 5.767e-04	 5.775e-04	 lr:9.765625e-07
Epoch: 650	TL: 4.197e-05	VL: 5.767e-04	 5.774e-04	 lr:9.765625e-07
Epoch: 651	TL: 4.194e-05	VL: 5.771e-04	 5.773e-04	 lr:9.765625e-07
Epoch: 652	TL: 4.192e-05	VL: 5.781e-04	 5.774e-04	 lr:9.765625e-07
Epoch: 653	TL: 4.189e-05	VL: 5.762e-04	 5.773e-04	 lr:9.765625e-07
Epoch: 654	TL: 4.205e-05	VL: 5.768e-04	 5.773e-04	 lr:9.765625e-07
Epoch: 655	TL: 4.190e-05	VL: 5.762e-04	 5.771e-04	 lr:9.765625e-07
Epoch: 656	TL: 4.198e-05	VL: 5.774e-04	 5.772e-04	 lr:9.765625e-07
Epoch: 657	TL: 4.192e-05	VL: 5.757e-04	 5.770e-04	 lr:9.765625e-07
Epoch: 658	TL: 4.188e-05	VL: 5.762e-04	 5.769e-04	 lr:9.765625e-07
Epoch: 659	TL: 4.186e-05	VL: 5.767e-04	 5.769e-04	 lr:9.765625e-07
Epoch: 660	TL: 4.195e-05	VL: 5.777e-04	 5.770e-04	 lr:9.765625e-07
Epoch: 661	TL: 4.189e-05	VL: 5.768e-04	 5.770e-04	 lr:9.765625e-07
Epoch: 662	TL: 4.192e-05	VL: 5.766e-04	 5.769e-04	 lr:9.765625e-07
Epoch: 663	TL: 4.193e-05	VL: 5.762e-04	 5.769e-04	 lr:9.765625e-07
Epoch: 664	TL: 4.190e-05	VL: 5.766e-04	 5.769e-04	 lr:9.765625e-07
Epoch: 665	TL: 4.196e-05	VL: 5.765e-04	 5.768e-04	 lr:9.765625e-07
Epoch: 666	TL: 4.186e-05	VL: 5.758e-04	 5.767e-04	 lr:9.765625e-07
Epoch: 667	TL: 4.186e-05	VL: 5.777e-04	 5.768e-04	 lr:9.765625e-07
Epoch: 668	TL: 4.189e-05	VL: 5.772e-04	 5.769e-04	 lr:9.765625e-07
Epoch: 669	TL: 4.188e-05	VL: 5.779e-04	 5.770e-04	 lr:9.765625e-07
Epoch: 670	TL: 4.189e-05	VL: 5.764e-04	 5.769e-04	 lr:9.765625e-07
Epoch: 671	TL: 4.187e-05	VL: 5.763e-04	 5.768e-04	 lr:9.765625e-07
Epoch: 672	TL: 4.182e-05	VL: 5.772e-04	 5.769e-04	 lr:9.765625e-07
Epoch: 673	TL: 4.184e-05	VL: 5.766e-04	 5.769e-04	 lr:9.765625e-07
Epoch: 674	TL: 4.191e-05	VL: 5.761e-04	 5.768e-04	 lr:9.765625e-07
Epoch: 675	TL: 4.188e-05	VL: 5.771e-04	 5.768e-04	 lr:9.765625e-07
Epoch: 676	TL: 4.183e-05	VL: 5.763e-04	 5.768e-04	 lr:9.765625e-07
Epoch: 677	TL: 4.189e-05	VL: 5.760e-04	 5.767e-04	 lr:9.765625e-07
Epoch: 678	TL: 4.193e-05	VL: 5.763e-04	 5.767e-04	 lr:9.765625e-07
Epoch: 679	TL: 4.189e-05	VL: 5.774e-04	 5.767e-04	 lr:9.765625e-07
Epoch: 680	TL: 4.187e-05	VL: 5.763e-04	 5.767e-04	 lr:9.765625e-07
Epoch: 681	TL: 4.178e-05	VL: 5.766e-04	 5.767e-04	 lr:9.765625e-07
Epoch: 682	TL: 4.187e-05	VL: 5.773e-04	 5.767e-04	 lr:9.765625e-07
Epoch: 683	TL: 4.181e-05	VL: 5.764e-04	 5.767e-04	 lr:9.765625e-07
Epoch: 684	TL: 4.182e-05	VL: 5.766e-04	 5.767e-04	 lr:9.765625e-07
Epoch: 685	TL: 4.182e-05	VL: 5.777e-04	 5.768e-04	 lr:9.765625e-07
Epoch: 686	TL: 4.183e-05	VL: 5.758e-04	 5.767e-04	 lr:9.765625e-07
Epoch: 687	TL: 4.184e-05	VL: 5.764e-04	 5.767e-04	 lr:9.765625e-07
Epoch: 688	TL: 4.184e-05	VL: 5.762e-04	 5.766e-04	 lr:9.765625e-07
Epoch: 689	TL: 4.184e-05	VL: 5.756e-04	 5.765e-04	 lr:9.765625e-07
Epoch: 690	TL: 4.181e-05	VL: 5.780e-04	 5.767e-04	 lr:9.765625e-07
Epoch: 691	TL: 4.180e-05	VL: 5.798e-04	 5.770e-04	 lr:9.765625e-07
Epoch: 692	TL: 4.185e-05	VL: 5.759e-04	 5.769e-04	 lr:9.765625e-07
Epoch: 693	TL: 4.193e-05	VL: 5.768e-04	 5.769e-04	 lr:9.765625e-07
Epoch: 694	TL: 4.178e-05	VL: 5.761e-04	 5.768e-04	 lr:9.765625e-07
Epoch: 695	TL: 4.180e-05	VL: 5.788e-04	 5.770e-04	 lr:9.765625e-07
Epoch: 696	TL: 4.180e-05	VL: 5.787e-04	 5.772e-04	 lr:9.765625e-07
Epoch: 697	TL: 4.184e-05	VL: 5.776e-04	 5.772e-04	 lr:9.765625e-07
Epoch: 698	TL: 4.178e-05	VL: 5.767e-04	 5.772e-04	 lr:9.765625e-07
Epoch: 699	TL: 4.175e-05	VL: 5.758e-04	 5.770e-04	 lr:9.765625e-07
Epoch: 700	TL: 4.176e-05	VL: 5.765e-04	 5.770e-04	 lr:9.765625e-07
Epoch: 701	TL: 4.183e-05	VL: 5.769e-04	 5.770e-04	 lr:9.765625e-07
Epoch: 702	TL: 4.178e-05	VL: 5.771e-04	 5.770e-04	 lr:9.765625e-07
Epoch: 703	TL: 4.186e-05	VL: 5.774e-04	 5.770e-04	 lr:9.765625e-07
Epoch: 704	TL: 4.182e-05	VL: 5.769e-04	 5.770e-04	 lr:9.765625e-07
Epoch: 705	TL: 4.181e-05	VL: 5.763e-04	 5.769e-04	 lr:9.765625e-07
Epoch: 706	TL: 4.146e-05	VL: 5.762e-04	 5.769e-04	 lr:4.8828125e-07
Epoch: 707	TL: 4.151e-05	VL: 5.759e-04	 5.768e-04	 lr:4.8828125e-07
Epoch: 708	TL: 4.148e-05	VL: 5.763e-04	 5.767e-04	 lr:4.8828125e-07
Epoch: 709	TL: 4.150e-05	VL: 5.759e-04	 5.766e-04	 lr:4.8828125e-07
Epoch: 710	TL: 4.141e-05	VL: 5.759e-04	 5.766e-04	 lr:4.8828125e-07
Epoch: 711	TL: 4.150e-05	VL: 5.764e-04	 5.766e-04	 lr:4.8828125e-07
Epoch: 712	TL: 4.147e-05	VL: 5.770e-04	 5.766e-04	 lr:4.8828125e-07
Epoch: 713	TL: 4.149e-05	VL: 5.771e-04	 5.766e-04	 lr:4.8828125e-07
Epoch: 714	TL: 4.147e-05	VL: 5.766e-04	 5.766e-04	 lr:4.8828125e-07
Epoch: 715	TL: 4.146e-05	VL: 5.769e-04	 5.767e-04	 lr:4.8828125e-07
Epoch: 716	TL: 4.149e-05	VL: 5.762e-04	 5.766e-04	 lr:4.8828125e-07
Epoch: 717	TL: 4.145e-05	VL: 5.776e-04	 5.767e-04	 lr:4.8828125e-07
Epoch: 718	TL: 4.147e-05	VL: 5.765e-04	 5.767e-04	 lr:4.8828125e-07
Epoch: 719	TL: 4.149e-05	VL: 5.760e-04	 5.766e-04	 lr:4.8828125e-07
Epoch: 720	TL: 4.144e-05	VL: 5.762e-04	 5.766e-04	 lr:4.8828125e-07
Epoch: 721	TL: 4.144e-05	VL: 5.765e-04	 5.766e-04	 lr:4.8828125e-07
Epoch: 722	TL: 4.127e-05	VL: 5.768e-04	 5.766e-04	 lr:2.44140625e-07
Epoch: 723	TL: 4.124e-05	VL: 5.767e-04	 5.766e-04	 lr:2.44140625e-07
Epoch: 724	TL: 4.133e-05	VL: 5.767e-04	 5.766e-04	 lr:2.44140625e-07
Epoch: 725	TL: 4.135e-05	VL: 5.758e-04	 5.765e-04	 lr:2.44140625e-07
Epoch: 726	TL: 4.131e-05	VL: 5.772e-04	 5.766e-04	 lr:2.44140625e-07
Epoch: 727	TL: 4.128e-05	VL: 5.760e-04	 5.765e-04	 lr:2.44140625e-07
Epoch: 728	TL: 4.133e-05	VL: 5.763e-04	 5.765e-04	 lr:2.44140625e-07
Epoch: 729	TL: 4.130e-05	VL: 5.776e-04	 5.766e-04	 lr:2.44140625e-07
Epoch: 730	TL: 4.133e-05	VL: 5.765e-04	 5.766e-04	 lr:2.44140625e-07
Epoch: 731	TL: 4.132e-05	VL: 5.757e-04	 5.765e-04	 lr:2.44140625e-07
Epoch: 732	TL: 4.131e-05	VL: 5.758e-04	 5.765e-04	 lr:2.44140625e-07
Epoch: 733	TL: 4.127e-05	VL: 5.769e-04	 5.765e-04	 lr:2.44140625e-07
Epoch: 734	TL: 4.128e-05	VL: 5.760e-04	 5.765e-04	 lr:2.44140625e-07
Epoch: 735	TL: 4.127e-05	VL: 5.764e-04	 5.764e-04	 lr:2.44140625e-07
Epoch: 736	TL: 4.134e-05	VL: 5.765e-04	 5.764e-04	 lr:2.44140625e-07
Epoch: 737	TL: 4.130e-05	VL: 5.771e-04	 5.765e-04	 lr:2.44140625e-07
Epoch: 738	TL: 4.131e-05	VL: 5.761e-04	 5.765e-04	 lr:2.44140625e-07
Epoch: 739	TL: 4.130e-05	VL: 5.761e-04	 5.764e-04	 lr:2.44140625e-07
Epoch: 740	TL: 4.130e-05	VL: 5.771e-04	 5.765e-04	 lr:2.44140625e-07
Epoch: 741	TL: 4.128e-05	VL: 5.766e-04	 5.765e-04	 lr:2.44140625e-07
Epoch: 742	TL: 4.132e-05	VL: 5.769e-04	 5.765e-04	 lr:2.44140625e-07
Epoch: 743	TL: 4.132e-05	VL: 5.762e-04	 5.765e-04	 lr:2.44140625e-07
Epoch: 744	TL: 4.134e-05	VL: 5.770e-04	 5.766e-04	 lr:2.44140625e-07
Epoch: 745	TL: 4.136e-05	VL: 5.765e-04	 5.765e-04	 lr:2.44140625e-07
Epoch: 746	TL: 4.132e-05	VL: 5.761e-04	 5.765e-04	 lr:2.44140625e-07
Epoch: 747	TL: 4.127e-05	VL: 5.759e-04	 5.764e-04	 lr:2.44140625e-07
Epoch: 748	TL: 4.130e-05	VL: 5.766e-04	 5.765e-04	 lr:2.44140625e-07
Epoch: 749	TL: 4.128e-05	VL: 5.765e-04	 5.765e-04	 lr:2.44140625e-07
Epoch: 750	TL: 4.132e-05	VL: 5.758e-04	 5.764e-04	 lr:2.44140625e-07
Epoch: 751	TL: 4.128e-05	VL: 5.764e-04	 5.764e-04	 lr:2.44140625e-07
Epoch: 752	TL: 4.127e-05	VL: 5.764e-04	 5.764e-04	 lr:2.44140625e-07
Epoch: 753	TL: 4.132e-05	VL: 5.764e-04	 5.764e-04	 lr:2.44140625e-07
Epoch: 754	TL: 4.132e-05	VL: 5.756e-04	 5.763e-04	 lr:2.44140625e-07
Epoch: 755	TL: 4.129e-05	VL: 5.767e-04	 5.764e-04	 lr:2.44140625e-07
Epoch: 756	TL: 4.130e-05	VL: 5.761e-04	 5.763e-04	 lr:2.44140625e-07
Epoch: 757	TL: 4.129e-05	VL: 5.759e-04	 5.763e-04	 lr:2.44140625e-07
Epoch: 758	TL: 4.123e-05	VL: 5.767e-04	 5.763e-04	 lr:2.44140625e-07
Epoch: 759	TL: 4.127e-05	VL: 5.757e-04	 5.763e-04	 lr:2.44140625e-07
Epoch: 760	TL: 4.122e-05	VL: 5.763e-04	 5.763e-04	 lr:2.44140625e-07
Epoch: 761	TL: 4.123e-05	VL: 5.762e-04	 5.763e-04	 lr:2.44140625e-07
Epoch: 762	TL: 4.128e-05	VL: 5.765e-04	 5.763e-04	 lr:2.44140625e-07
Epoch: 763	TL: 4.123e-05	VL: 5.765e-04	 5.763e-04	 lr:2.44140625e-07
Epoch: 764	TL: 4.128e-05	VL: 5.765e-04	 5.763e-04	 lr:2.44140625e-07
Epoch: 765	TL: 4.125e-05	VL: 5.763e-04	 5.763e-04	 lr:2.44140625e-07
Epoch: 766	TL: 4.125e-05	VL: 5.766e-04	 5.764e-04	 lr:2.44140625e-07
Epoch: 767	TL: 4.124e-05	VL: 5.760e-04	 5.763e-04	 lr:2.44140625e-07
Epoch: 768	TL: 4.127e-05	VL: 5.766e-04	 5.764e-04	 lr:2.44140625e-07
Epoch: 769	TL: 4.128e-05	VL: 5.764e-04	 5.764e-04	 lr:2.44140625e-07
Epoch: 770	TL: 4.133e-05	VL: 5.763e-04	 5.764e-04	 lr:2.44140625e-07
Epoch: 771	TL: 4.124e-05	VL: 5.761e-04	 5.763e-04	 lr:2.44140625e-07
Epoch: 772	TL: 4.129e-05	VL: 5.766e-04	 5.764e-04	 lr:2.44140625e-07
Epoch: 773	TL: 4.123e-05	VL: 5.759e-04	 5.763e-04	 lr:2.44140625e-07
Epoch: 774	TL: 4.130e-05	VL: 5.754e-04	 5.762e-04	 lr:2.44140625e-07
Epoch: 775	TL: 4.119e-05	VL: 5.757e-04	 5.762e-04	 lr:2.44140625e-07
Epoch: 776	TL: 4.125e-05	VL: 5.764e-04	 5.762e-04	 lr:2.44140625e-07
Epoch: 777	TL: 4.124e-05	VL: 5.760e-04	 5.762e-04	 lr:2.44140625e-07
Epoch: 778	TL: 4.123e-05	VL: 5.763e-04	 5.762e-04	 lr:2.44140625e-07
Epoch: 779	TL: 4.128e-05	VL: 5.764e-04	 5.762e-04	 lr:2.44140625e-07
Epoch: 780	TL: 4.126e-05	VL: 5.762e-04	 5.762e-04	 lr:2.44140625e-07
Epoch: 781	TL: 4.127e-05	VL: 5.761e-04	 5.762e-04	 lr:2.44140625e-07
Epoch: 782	TL: 4.127e-05	VL: 5.762e-04	 5.762e-04	 lr:2.44140625e-07
Epoch: 783	TL: 4.125e-05	VL: 5.762e-04	 5.762e-04	 lr:2.44140625e-07
Epoch: 784	TL: 4.126e-05	VL: 5.763e-04	 5.762e-04	 lr:2.44140625e-07
Epoch: 785	TL: 4.128e-05	VL: 5.758e-04	 5.762e-04	 lr:2.44140625e-07
Epoch: 786	TL: 4.125e-05	VL: 5.767e-04	 5.762e-04	 lr:2.44140625e-07
Epoch: 787	TL: 4.120e-05	VL: 5.765e-04	 5.763e-04	 lr:2.44140625e-07
Epoch: 788	TL: 4.124e-05	VL: 5.764e-04	 5.763e-04	 lr:2.44140625e-07
Epoch: 789	TL: 4.122e-05	VL: 5.762e-04	 5.763e-04	 lr:2.44140625e-07
Epoch: 790	TL: 4.128e-05	VL: 5.760e-04	 5.762e-04	 lr:2.44140625e-07
Epoch: 791	TL: 4.123e-05	VL: 5.755e-04	 5.762e-04	 lr:2.44140625e-07
Epoch: 792	TL: 4.116e-05	VL: 5.762e-04	 5.762e-04	 lr:1.220703125e-07
Epoch: 793	TL: 4.117e-05	VL: 5.763e-04	 5.762e-04	 lr:1.220703125e-07
Epoch: 794	TL: 4.112e-05	VL: 5.758e-04	 5.761e-04	 lr:1.220703125e-07
Epoch: 795	TL: 4.113e-05	VL: 5.761e-04	 5.761e-04	 lr:1.220703125e-07
Epoch: 796	TL: 4.114e-05	VL: 5.758e-04	 5.761e-04	 lr:1.220703125e-07
Epoch: 797	TL: 4.118e-05	VL: 5.755e-04	 5.760e-04	 lr:1.220703125e-07
Epoch: 798	TL: 4.115e-05	VL: 5.765e-04	 5.761e-04	 lr:1.220703125e-07
Epoch: 799	TL: 4.116e-05	VL: 5.761e-04	 5.761e-04	 lr:1.220703125e-07
Epoch: 800	TL: 4.118e-05	VL: 5.763e-04	 5.761e-04	 lr:1.220703125e-07
Epoch: 801	TL: 4.118e-05	VL: 5.762e-04	 5.761e-04	 lr:1.220703125e-07
Epoch: 802	TL: 4.114e-05	VL: 5.766e-04	 5.762e-04	 lr:1.220703125e-07
Epoch: 803	TL: 4.117e-05	VL: 5.759e-04	 5.761e-04	 lr:1.220703125e-07
Epoch: 804	TL: 4.113e-05	VL: 5.762e-04	 5.761e-04	 lr:1.220703125e-07
Epoch: 805	TL: 4.119e-05	VL: 5.763e-04	 5.762e-04	 lr:1.220703125e-07
Epoch: 806	TL: 4.114e-05	VL: 5.764e-04	 5.762e-04	 lr:1.220703125e-07
Epoch: 807	TL: 4.111e-05	VL: 5.762e-04	 5.762e-04	 lr:1.220703125e-07
Epoch: 808	TL: 4.113e-05	VL: 5.763e-04	 5.762e-04	 lr:1.220703125e-07
Epoch: 809	TL: 4.115e-05	VL: 5.757e-04	 5.762e-04	 lr:1.220703125e-07
Epoch: 810	TL: 4.115e-05	VL: 5.763e-04	 5.762e-04	 lr:1.220703125e-07
Epoch: 811	TL: 4.116e-05	VL: 5.760e-04	 5.761e-04	 lr:1.220703125e-07
Epoch: 812	TL: 4.116e-05	VL: 5.760e-04	 5.761e-04	 lr:1.220703125e-07
Epoch: 813	TL: 4.110e-05	VL: 5.758e-04	 5.761e-04	 lr:1.220703125e-07
Epoch: 814	TL: 4.108e-05	VL: 5.759e-04	 5.761e-04	 lr:6.103515625e-08
Epoch: 815	TL: 4.110e-05	VL: 5.759e-04	 5.761e-04	 lr:6.103515625e-08
Epoch: 816	TL: 4.111e-05	VL: 5.761e-04	 5.761e-04	 lr:6.103515625e-08
Epoch: 817	TL: 4.108e-05	VL: 5.760e-04	 5.761e-04	 lr:6.103515625e-08
Epoch: 818	TL: 4.111e-05	VL: 5.763e-04	 5.761e-04	 lr:6.103515625e-08
Epoch: 819	TL: 4.112e-05	VL: 5.763e-04	 5.761e-04	 lr:6.103515625e-08
Epoch: 820	TL: 4.110e-05	VL: 5.760e-04	 5.761e-04	 lr:6.103515625e-08
Epoch: 821	TL: 4.114e-05	VL: 5.759e-04	 5.761e-04	 lr:6.103515625e-08
Epoch: 822	TL: 4.113e-05	VL: 5.757e-04	 5.760e-04	 lr:6.103515625e-08
Epoch: 823	TL: 4.110e-05	VL: 5.759e-04	 5.760e-04	 lr:6.103515625e-08
Epoch: 824	TL: 4.107e-05	VL: 5.762e-04	 5.761e-04	 lr:6.103515625e-08
Epoch: 825	TL: 4.106e-05	VL: 5.758e-04	 5.760e-04	 lr:6.103515625e-08
Epoch: 826	TL: 4.107e-05	VL: 5.761e-04	 5.760e-04	 lr:6.103515625e-08
Epoch: 827	TL: 4.110e-05	VL: 5.763e-04	 5.761e-04	 lr:6.103515625e-08
Epoch: 828	TL: 4.109e-05	VL: 5.762e-04	 5.761e-04	 lr:6.103515625e-08
Epoch: 829	TL: 4.106e-05	VL: 5.758e-04	 5.761e-04	 lr:6.103515625e-08
Epoch: 830	TL: 4.109e-05	VL: 5.765e-04	 5.761e-04	 lr:6.103515625e-08
Epoch: 831	TL: 4.105e-05	VL: 5.760e-04	 5.761e-04	 lr:6.103515625e-08
Epoch: 832	TL: 4.108e-05	VL: 5.762e-04	 5.761e-04	 lr:6.103515625e-08
Epoch: 833	TL: 4.108e-05	VL: 5.762e-04	 5.761e-04	 lr:6.103515625e-08
Epoch: 834	TL: 4.110e-05	VL: 5.758e-04	 5.761e-04	 lr:6.103515625e-08
Epoch: 835	TL: 4.108e-05	VL: 5.761e-04	 5.761e-04	 lr:6.103515625e-08
Epoch: 836	TL: 4.109e-05	VL: 5.761e-04	 5.761e-04	 lr:6.103515625e-08
Epoch: 837	TL: 4.109e-05	VL: 5.758e-04	 5.760e-04	 lr:6.103515625e-08
Epoch: 838	TL: 4.107e-05	VL: 5.758e-04	 5.760e-04	 lr:6.103515625e-08
Epoch: 839	TL: 4.107e-05	VL: 5.761e-04	 5.760e-04	 lr:6.103515625e-08
Epoch: 840	TL: 4.106e-05	VL: 5.759e-04	 5.760e-04	 lr:6.103515625e-08
Epoch: 841	TL: 4.108e-05	VL: 5.761e-04	 5.760e-04	 lr:6.103515625e-08
Epoch: 842	TL: 4.110e-05	VL: 5.758e-04	 5.760e-04	 lr:6.103515625e-08
Epoch: 843	TL: 4.111e-05	VL: 5.759e-04	 5.760e-04	 lr:6.103515625e-08
Epoch: 844	TL: 4.106e-05	VL: 5.762e-04	 5.760e-04	 lr:6.103515625e-08
Epoch: 845	TL: 4.110e-05	VL: 5.764e-04	 5.760e-04	 lr:6.103515625e-08
Epoch: 846	TL: 4.112e-05	VL: 5.760e-04	 5.760e-04	 lr:6.103515625e-08
Epoch: 847	TL: 4.110e-05	VL: 5.761e-04	 5.760e-04	 lr:6.103515625e-08
Epoch: 848	TL: 4.110e-05	VL: 5.759e-04	 5.760e-04	 lr:6.103515625e-08
Epoch: 849	TL: 4.108e-05	VL: 5.760e-04	 5.760e-04	 lr:6.103515625e-08
Epoch: 850	TL: 4.107e-05	VL: 5.761e-04	 5.760e-04	 lr:6.103515625e-08
Epoch: 851	TL: 4.111e-05	VL: 5.766e-04	 5.761e-04	 lr:6.103515625e-08
Epoch: 852	TL: 4.111e-05	VL: 5.760e-04	 5.761e-04	 lr:6.103515625e-08
Epoch: 853	TL: 4.108e-05	VL: 5.760e-04	 5.761e-04	 lr:6.103515625e-08
Epoch: 854	TL: 4.108e-05	VL: 5.760e-04	 5.761e-04	 lr:6.103515625e-08
Epoch: 855	TL: 4.109e-05	VL: 5.759e-04	 5.761e-04	 lr:6.103515625e-08
Epoch: 856	TL: 4.110e-05	VL: 5.762e-04	 5.761e-04	 lr:6.103515625e-08
Epoch: 857	TL: 4.108e-05	VL: 5.761e-04	 5.761e-04	 lr:6.103515625e-08
Epoch: 858	TL: 4.110e-05	VL: 5.760e-04	 5.761e-04	 lr:6.103515625e-08
Epoch: 859	TL: 4.109e-05	VL: 5.765e-04	 5.761e-04	 lr:6.103515625e-08
Epoch: 860	TL: 4.107e-05	VL: 5.763e-04	 5.761e-04	 lr:3.0517578125e-08
Epoch: 861	TL: 4.102e-05	VL: 5.763e-04	 5.761e-04	 lr:3.0517578125e-08
Epoch: 862	TL: 4.109e-05	VL: 5.761e-04	 5.761e-04	 lr:3.0517578125e-08
Epoch: 863	TL: 4.104e-05	VL: 5.762e-04	 5.761e-04	 lr:3.0517578125e-08
Epoch: 864	TL: 4.108e-05	VL: 5.763e-04	 5.762e-04	 lr:3.0517578125e-08
Epoch: 865	TL: 4.101e-05	VL: 5.760e-04	 5.761e-04	 lr:3.0517578125e-08
Epoch: 866	TL: 4.106e-05	VL: 5.762e-04	 5.762e-04	 lr:3.0517578125e-08
Epoch: 867	TL: 4.108e-05	VL: 5.759e-04	 5.761e-04	 lr:3.0517578125e-08
Epoch: 868	TL: 4.107e-05	VL: 5.762e-04	 5.761e-04	 lr:3.0517578125e-08
Epoch: 869	TL: 4.106e-05	VL: 5.759e-04	 5.761e-04	 lr:3.0517578125e-08
Epoch: 870	TL: 4.106e-05	VL: 5.758e-04	 5.761e-04	 lr:3.0517578125e-08
Epoch: 871	TL: 4.105e-05	VL: 5.760e-04	 5.761e-04	 lr:3.0517578125e-08
Epoch: 872	TL: 4.107e-05	VL: 5.761e-04	 5.761e-04	 lr:3.0517578125e-08
Epoch: 873	TL: 4.105e-05	VL: 5.757e-04	 5.760e-04	 lr:3.0517578125e-08
Epoch: 874	TL: 4.107e-05	VL: 5.759e-04	 5.760e-04	 lr:3.0517578125e-08
Epoch: 875	TL: 4.102e-05	VL: 5.759e-04	 5.760e-04	 lr:3.0517578125e-08
Epoch: 876	TL: 4.104e-05	VL: 5.762e-04	 5.760e-04	 lr:1.52587890625e-08
Epoch: 877	TL: 4.103e-05	VL: 5.762e-04	 5.760e-04	 lr:1.52587890625e-08
Epoch: 878	TL: 4.107e-05	VL: 5.762e-04	 5.761e-04	 lr:1.52587890625e-08
Epoch: 879	TL: 4.103e-05	VL: 5.761e-04	 5.761e-04	 lr:1.52587890625e-08
Epoch: 880	TL: 4.107e-05	VL: 5.759e-04	 5.760e-04	 lr:1.52587890625e-08
Epoch: 881	TL: 4.101e-05	VL: 5.759e-04	 5.760e-04	 lr:1.52587890625e-08
Epoch: 882	TL: 4.102e-05	VL: 5.761e-04	 5.760e-04	 lr:1.52587890625e-08
Epoch: 883	TL: 4.104e-05	VL: 5.762e-04	 5.761e-04	 lr:1.52587890625e-08
Epoch: 884	TL: 4.105e-05	VL: 5.760e-04	 5.761e-04	 lr:1.52587890625e-08
Epoch: 885	TL: 4.101e-05	VL: 5.763e-04	 5.761e-04	 lr:1.52587890625e-08
Epoch: 886	TL: 4.104e-05	VL: 5.761e-04	 5.761e-04	 lr:1.52587890625e-08
Epoch: 887	TL: 4.103e-05	VL: 5.761e-04	 5.761e-04	 lr:1.52587890625e-08
Epoch: 888	TL: 4.102e-05	VL: 5.763e-04	 5.761e-04	 lr:1.52587890625e-08
Epoch: 889	TL: 4.103e-05	VL: 5.757e-04	 5.761e-04	 lr:1.52587890625e-08
Epoch: 890	TL: 4.106e-05	VL: 5.760e-04	 5.761e-04	 lr:1.52587890625e-08
Epoch: 891	TL: 4.106e-05	VL: 5.760e-04	 5.761e-04	 lr:1.52587890625e-08
Epoch: 892	TL: 4.105e-05	VL: 5.761e-04	 5.761e-04	 lr:1.52587890625e-08
Epoch: 893	TL: 4.105e-05	VL: 5.761e-04	 5.761e-04	 lr:1.52587890625e-08
Epoch: 894	TL: 4.102e-05	VL: 5.756e-04	 5.760e-04	 lr:1.52587890625e-08
Epoch: 895	TL: 4.107e-05	VL: 5.760e-04	 5.760e-04	 lr:1.52587890625e-08
Epoch: 896	TL: 4.104e-05	VL: 5.762e-04	 5.760e-04	 lr:1.52587890625e-08
Epoch: 897	TL: 4.104e-05	VL: 5.761e-04	 5.760e-04	 lr:1.52587890625e-08
Epoch: 898	TL: 4.104e-05	VL: 5.763e-04	 5.761e-04	 lr:1.52587890625e-08
Epoch: 899	TL: 4.105e-05	VL: 5.761e-04	 5.761e-04	 lr:1.52587890625e-08
Epoch: 900	TL: 4.104e-05	VL: 5.759e-04	 5.761e-04	 lr:1.52587890625e-08
Epoch: 901	TL: 4.105e-05	VL: 5.761e-04	 5.761e-04	 lr:1.52587890625e-08
Epoch: 902	TL: 4.101e-05	VL: 5.760e-04	 5.761e-04	 lr:1.52587890625e-08
Epoch: 903	TL: 4.104e-05	VL: 5.762e-04	 5.761e-04	 lr:1.52587890625e-08
Epoch: 904	TL: 4.104e-05	VL: 5.762e-04	 5.761e-04	 lr:1.52587890625e-08
Epoch: 905	TL: 4.105e-05	VL: 5.762e-04	 5.761e-04	 lr:1.52587890625e-08
Epoch: 906	TL: 4.101e-05	VL: 5.761e-04	 5.761e-04	 lr:1.52587890625e-08
Epoch: 907	TL: 4.105e-05	VL: 5.761e-04	 5.761e-04	 lr:1.52587890625e-08
Epoch: 908	TL: 4.102e-05	VL: 5.762e-04	 5.761e-04	 lr:1.52587890625e-08
Epoch: 909	TL: 4.104e-05	VL: 5.761e-04	 5.761e-04	 lr:1.52587890625e-08
Epoch: 910	TL: 4.103e-05	VL: 5.759e-04	 5.761e-04	 lr:1.52587890625e-08
Epoch: 911	TL: 4.106e-05	VL: 5.763e-04	 5.761e-04	 lr:1.52587890625e-08
Epoch: 912	TL: 4.107e-05	VL: 5.762e-04	 5.761e-04	 lr:1.52587890625e-08
Epoch: 913	TL: 4.104e-05	VL: 5.761e-04	 5.761e-04	 lr:1.52587890625e-08
Epoch: 914	TL: 4.104e-05	VL: 5.761e-04	 5.761e-04	 lr:1.52587890625e-08
Epoch: 915	TL: 4.105e-05	VL: 5.759e-04	 5.761e-04	 lr:1.52587890625e-08
Epoch: 916	TL: 4.107e-05	VL: 5.760e-04	 5.761e-04	 lr:1.52587890625e-08
Epoch: 917	TL: 4.106e-05	VL: 5.762e-04	 5.761e-04	 lr:1.52587890625e-08
Epoch: 918	TL: 4.105e-05	VL: 5.762e-04	 5.761e-04	 lr:1.52587890625e-08
Epoch: 919	TL: 4.103e-05	VL: 5.760e-04	 5.761e-04	 lr:1.52587890625e-08
Epoch: 920	TL: 4.103e-05	VL: 5.761e-04	 5.761e-04	 lr:1.52587890625e-08
Epoch: 921	TL: 4.102e-05	VL: 5.760e-04	 5.761e-04	 lr:1.52587890625e-08
Epoch: 922	TL: 4.101e-05	VL: 5.762e-04	 5.761e-04	 lr:1.52587890625e-08
Epoch: 923	TL: 4.104e-05	VL: 5.760e-04	 5.761e-04	 lr:1.52587890625e-08
Epoch: 924	TL: 4.105e-05	VL: 5.761e-04	 5.761e-04	 lr:1.52587890625e-08
Epoch: 925	TL: 4.101e-05	VL: 5.761e-04	 5.761e-04	 lr:1.52587890625e-08
Epoch: 926	TL: 4.103e-05	VL: 5.760e-04	 5.761e-04	 lr:1.52587890625e-08
Epoch: 927	TL: 4.105e-05	VL: 5.761e-04	 5.761e-04	 lr:1.52587890625e-08
Epoch: 928	TL: 4.107e-05	VL: 5.761e-04	 5.761e-04	 lr:1.52587890625e-08
Epoch: 929	TL: 4.106e-05	VL: 5.764e-04	 5.761e-04	 lr:1.52587890625e-08
Epoch: 930	TL: 4.101e-05	VL: 5.762e-04	 5.761e-04	 lr:1.52587890625e-08
Epoch: 931	TL: 4.104e-05	VL: 5.761e-04	 5.761e-04	 lr:1.52587890625e-08
Epoch: 932	TL: 4.106e-05	VL: 5.761e-04	 5.761e-04	 lr:1.52587890625e-08
Epoch: 933	TL: 4.103e-05	VL: 5.761e-04	 5.761e-04	 lr:1.52587890625e-08
Epoch: 934	TL: 4.104e-05	VL: 5.761e-04	 5.761e-04	 lr:1.52587890625e-08
Epoch: 935	TL: 4.101e-05	VL: 5.759e-04	 5.761e-04	 lr:1.52587890625e-08
Epoch: 936	TL: 4.104e-05	VL: 5.763e-04	 5.761e-04	 lr:1.52587890625e-08
Epoch: 937	TL: 4.102e-05	VL: 5.760e-04	 5.761e-04	 lr:1.52587890625e-08
Epoch: 938	TL: 4.104e-05	VL: 5.762e-04	 5.761e-04	 lr:1.52587890625e-08
Epoch: 939	TL: 4.105e-05	VL: 5.762e-04	 5.761e-04	 lr:1.52587890625e-08
Epoch: 940	TL: 4.103e-05	VL: 5.760e-04	 5.761e-04	 lr:1.52587890625e-08
Epoch: 941	TL: 4.103e-05	VL: 5.760e-04	 5.761e-04	 lr:1.52587890625e-08
Epoch: 942	TL: 4.103e-05	VL: 5.759e-04	 5.761e-04	 lr:1.52587890625e-08
Epoch: 943	TL: 4.105e-05	VL: 5.762e-04	 5.761e-04	 lr:1.52587890625e-08
Epoch: 944	TL: 4.106e-05	VL: 5.761e-04	 5.761e-04	 lr:1.52587890625e-08
Epoch: 945	TL: 4.105e-05	VL: 5.761e-04	 5.761e-04	 lr:1.52587890625e-08
Epoch: 946	TL: 4.105e-05	VL: 5.759e-04	 5.761e-04	 lr:1.52587890625e-08
Epoch: 947	TL: 4.101e-05	VL: 5.762e-04	 5.761e-04	 lr:1.52587890625e-08
Epoch: 948	TL: 4.102e-05	VL: 5.764e-04	 5.761e-04	 lr:1.52587890625e-08
Epoch: 949	TL: 4.105e-05	VL: 5.760e-04	 5.761e-04	 lr:1.52587890625e-08
Epoch: 950	TL: 4.106e-05	VL: 5.762e-04	 5.761e-04	 lr:1.52587890625e-08
Epoch: 951	TL: 4.105e-05	VL: 5.760e-04	 5.761e-04	 lr:1.52587890625e-08
Epoch: 952	TL: 4.104e-05	VL: 5.761e-04	 5.761e-04	 lr:1.52587890625e-08
Epoch: 953	TL: 4.105e-05	VL: 5.760e-04	 5.761e-04	 lr:1.52587890625e-08
Epoch: 954	TL: 4.103e-05	VL: 5.761e-04	 5.761e-04	 lr:1.52587890625e-08
Epoch: 955	TL: 4.105e-05	VL: 5.765e-04	 5.761e-04	 lr:1.52587890625e-08
Epoch: 956	TL: 4.107e-05	VL: 5.760e-04	 5.761e-04	 lr:1.52587890625e-08
Epoch: 957	TL: 4.104e-05	VL: 5.760e-04	 5.761e-04	 lr:1.52587890625e-08
Epoch: 958	TL: 4.103e-05	VL: 5.759e-04	 5.761e-04	 lr:1.52587890625e-08
Epoch: 959	TL: 4.101e-05	VL: 5.761e-04	 5.761e-04	 lr:1.52587890625e-08
Epoch: 960	TL: 4.105e-05	VL: 5.761e-04	 5.761e-04	 lr:1.52587890625e-08
Epoch: 961	TL: 4.104e-05	VL: 5.761e-04	 5.761e-04	 lr:1.52587890625e-08
Epoch: 962	TL: 4.107e-05	VL: 5.759e-04	 5.761e-04	 lr:1.52587890625e-08
Epoch: 963	TL: 4.104e-05	VL: 5.762e-04	 5.761e-04	 lr:1.52587890625e-08
Epoch: 964	TL: 4.102e-05	VL: 5.760e-04	 5.761e-04	 lr:1.52587890625e-08
Epoch: 965	TL: 4.101e-05	VL: 5.762e-04	 5.761e-04	 lr:1.52587890625e-08
Epoch: 966	TL: 4.104e-05	VL: 5.760e-04	 5.761e-04	 lr:1.52587890625e-08
Epoch: 967	TL: 4.105e-05	VL: 5.759e-04	 5.761e-04	 lr:1.52587890625e-08
Epoch: 968	TL: 4.104e-05	VL: 5.762e-04	 5.761e-04	 lr:1.52587890625e-08
Epoch: 969	TL: 4.101e-05	VL: 5.762e-04	 5.761e-04	 lr:1.52587890625e-08
Epoch: 970	TL: 4.103e-05	VL: 5.762e-04	 5.761e-04	 lr:1.52587890625e-08
Epoch: 971	TL: 4.104e-05	VL: 5.761e-04	 5.761e-04	 lr:1.52587890625e-08
Epoch: 972	TL: 4.103e-05	VL: 5.758e-04	 5.761e-04	 lr:1.52587890625e-08
Epoch: 973	TL: 4.106e-05	VL: 5.761e-04	 5.761e-04	 lr:1.52587890625e-08
Epoch: 974	TL: 4.103e-05	VL: 5.757e-04	 5.760e-04	 lr:1.52587890625e-08
Epoch: 975	TL: 4.104e-05	VL: 5.759e-04	 5.760e-04	 lr:1.52587890625e-08
Epoch: 976	TL: 4.107e-05	VL: 5.762e-04	 5.760e-04	 lr:1.52587890625e-08
Epoch: 977	TL: 4.105e-05	VL: 5.760e-04	 5.760e-04	 lr:1.52587890625e-08
Epoch: 978	TL: 4.104e-05	VL: 5.761e-04	 5.760e-04	 lr:1.52587890625e-08
Epoch: 979	TL: 4.104e-05	VL: 5.759e-04	 5.760e-04	 lr:1.52587890625e-08
Epoch: 980	TL: 4.106e-05	VL: 5.763e-04	 5.761e-04	 lr:1.52587890625e-08
Epoch: 981	TL: 4.104e-05	VL: 5.758e-04	 5.760e-04	 lr:1.52587890625e-08
Epoch: 982	TL: 4.107e-05	VL: 5.759e-04	 5.760e-04	 lr:1.52587890625e-08
Epoch: 983	TL: 4.104e-05	VL: 5.760e-04	 5.760e-04	 lr:1.52587890625e-08
Epoch: 984	TL: 4.104e-05	VL: 5.760e-04	 5.760e-04	 lr:1.52587890625e-08
Epoch: 985	TL: 4.106e-05	VL: 5.759e-04	 5.760e-04	 lr:1.52587890625e-08
Epoch: 986	TL: 4.102e-05	VL: 5.760e-04	 5.760e-04	 lr:1.52587890625e-08
Epoch: 987	TL: 4.102e-05	VL: 5.760e-04	 5.760e-04	 lr:1.52587890625e-08
Epoch: 988	TL: 4.105e-05	VL: 5.758e-04	 5.760e-04	 lr:1.52587890625e-08
Epoch: 989	TL: 4.104e-05	VL: 5.759e-04	 5.760e-04	 lr:1.52587890625e-08
Epoch: 990	TL: 4.108e-05	VL: 5.760e-04	 5.760e-04	 lr:1.52587890625e-08
Epoch: 991	TL: 4.103e-05	VL: 5.758e-04	 5.759e-04	 lr:1.52587890625e-08
Epoch: 992	TL: 4.104e-05	VL: 5.763e-04	 5.760e-04	 lr:1.52587890625e-08
Epoch: 993	TL: 4.105e-05	VL: 5.759e-04	 5.760e-04	 lr:1.52587890625e-08
Epoch: 994	TL: 4.101e-05	VL: 5.762e-04	 5.760e-04	 lr:1.52587890625e-08
Epoch: 995	TL: 4.100e-05	VL: 5.761e-04	 5.760e-04	 lr:1.52587890625e-08
Epoch: 996	TL: 4.103e-05	VL: 5.759e-04	 5.760e-04	 lr:1.52587890625e-08
Epoch: 997	TL: 4.103e-05	VL: 5.761e-04	 5.760e-04	 lr:1.52587890625e-08
Epoch: 998	TL: 4.106e-05	VL: 5.763e-04	 5.760e-04	 lr:1.52587890625e-08
Epoch: 999	TL: 4.105e-05	VL: 5.757e-04	 5.760e-04	 lr:1.52587890625e-08
Epoch: 1000	TL: 4.104e-05	VL: 5.761e-04	 5.760e-04	 lr:1.52587890625e-08
Test MAE: 10.696
