Fri Dec 20 01:21:43 2024       
+-----------------------------------------------------------------------------------------+
| NVIDIA-SMI 565.57.01              Driver Version: 565.57.01      CUDA Version: 12.7     |
|-----------------------------------------+------------------------+----------------------+
| GPU  Name                 Persistence-M | Bus-Id          Disp.A | Volatile Uncorr. ECC |
| Fan  Temp   Perf          Pwr:Usage/Cap |           Memory-Usage | GPU-Util  Compute M. |
|                                         |                        |               MIG M. |
|=========================================+========================+======================|
|   0  Tesla V100-SXM2-32GB           On  |   00000000:3B:00.0 Off |                    0 |
| N/A   39C    P0             43W /  300W |       1MiB /  32768MiB |      0%   E. Process |
|                                         |                        |                  N/A |
+-----------------------------------------+------------------------+----------------------+
                                                                                         
+-----------------------------------------------------------------------------------------+
| Processes:                                                                              |
|  GPU   GI   CI        PID   Type   Process name                              GPU Memory |
|        ID   ID                                                               Usage      |
|=========================================================================================|
|  No running processes found                                                             |
+-----------------------------------------------------------------------------------------+
cuda
Tesla V100-SXM2-32GB
Namespace(seed=0, target=7, data_dir='data/', batch_size_train=100, batch_size_inference=1000, num_workers=0, splits=[110000, 10000, 10831], subset_size=None, num_message_passing_layers=3, num_features=128, num_outputs=1, num_rbf_features=20, num_unique_atoms=100, cutoff_dist=5.0, lr=0.0002, weight_decay=1e-08, num_epochs=1000)
PaiNN(
  (zi): Embedding(100, 128)
  (Lm): Message(
    (Ls): Sequential(
      (0): Linear(in_features=128, out_features=128, bias=True)
      (1): SiLU()
      (2): Dropout(p=0.5, inplace=False)
      (3): Linear(in_features=128, out_features=384, bias=True)
    )
    (Lrbf): Linear(in_features=20, out_features=384, bias=True)
  )
  (Lu): Update(
    (Luu): Linear(in_features=3, out_features=3, bias=False)
    (Luv): Linear(in_features=3, out_features=3, bias=False)
    (Ls): Sequential(
      (0): Linear(in_features=256, out_features=128, bias=True)
      (1): SiLU()
      (2): Dropout(p=0.5, inplace=False)
      (3): Linear(in_features=128, out_features=384, bias=True)
    )
  )
  (Lr): Sequential(
    (0): Linear(in_features=128, out_features=64, bias=True)
    (1): SiLU()
    (2): Dropout(p=0.5, inplace=False)
    (3): Linear(in_features=64, out_features=1, bias=True)
  )
)
Epoch: 1	TL: 2.205e+11	VL: 1.303e+10	SVL: 13028993741.6192	current_lr: 0.0002
Epoch: 2	TL: 2.805e+09	VL: 1.243e+09	SVL: 7135856099.328	current_lr: 0.0002
Epoch: 3	TL: 7.603e+08	VL: 5.141e+08	SVL: 3825001549.0048	current_lr: 0.0002
Epoch: 4	TL: 6.092e+08	VL: 1.115e+09	SVL: 2470242503.8848	current_lr: 0.0002
Epoch: 5	TL: 5.214e+08	VL: 2.619e+08	SVL: 1366078145.3312	current_lr: 0.0002
Epoch: 6	TL: 5.078e+08	VL: 1.608e+08	SVL: 763440279.9616	current_lr: 0.0002
Epoch: 7	TL: 3.792e+08	VL: 1.451e+08	SVL: 454251819.6224	current_lr: 0.0002
Epoch: 8	TL: 3.075e+08	VL: 7.985e+08	SVL: 626366300.0576	current_lr: 0.0002
Epoch: 9	TL: 3.065e+08	VL: 1.148e+09	SVL: 887416509.184	current_lr: 0.0002
Epoch: 10	TL: 2.896e+08	VL: 1.115e+09	SVL: 1001254509.7472	current_lr: 0.0002
Epoch: 11	TL: 2.603e+08	VL: 1.362e+08	SVL: 568740555.5584	current_lr: 0.0002
Epoch: 12	TL: 2.410e+08	VL: 2.702e+08	SVL: 419490105.5424	current_lr: 0.0002
Epoch: 13	TL: 2.123e+08	VL: 1.887e+08	SVL: 304098082.30079997	current_lr: 0.0002
Epoch: 14	TL: 2.247e+08	VL: 1.022e+08	SVL: 203128103.8832	current_lr: 0.0002
Epoch: 15	TL: 2.006e+08	VL: 1.989e+08	SVL: 200990623.0008	current_lr: 0.0002
Epoch: 16	TL: 1.954e+08	VL: 3.413e+07	SVL: 117560289.318	current_lr: 0.0002
Epoch: 17	TL: 1.988e+08	VL: 9.962e+07	SVL: 108592131.9102	current_lr: 0.0002
Epoch: 18	TL: 1.463e+08	VL: 3.359e+07	SVL: 71089469.2447	current_lr: 0.0002
Epoch: 19	TL: 1.686e+08	VL: 2.440e+07	SVL: 47746069.71355	current_lr: 0.0002
Epoch: 20	TL: 1.533e+08	VL: 1.861e+07	SVL: 33177758.107975	current_lr: 0.0002
Epoch: 21	TL: 1.494e+08	VL: 2.735e+07	SVL: 30262510.7979875	current_lr: 0.0002
Epoch: 22	TL: 1.519e+08	VL: 2.159e+07	SVL: 25923800.47419375	current_lr: 0.0002
Epoch: 23	TL: 1.297e+08	VL: 4.010e+07	SVL: 33014230.118696876	current_lr: 0.0002
Epoch: 24	TL: 1.464e+08	VL: 2.077e+08	SVL: 120373182.41294843	current_lr: 0.0002
Epoch: 25	TL: 1.131e+08	VL: 2.515e+08	SVL: 185955722.82887423	current_lr: 0.0002
Epoch: 26	TL: 1.246e+08	VL: 7.613e+07	SVL: 131042840.56323712	current_lr: 0.0002
Epoch: 27	TL: 1.289e+08	VL: 4.741e+07	SVL: 89225727.17441855	current_lr: 0.0002
Epoch: 28	TL: 1.166e+08	VL: 1.369e+07	SVL: 51460195.171209276	current_lr: 0.0002
Epoch: 29	TL: 1.112e+08	VL: 7.598e+07	SVL: 63720459.083204634	current_lr: 0.0002
Epoch: 30	TL: 1.116e+08	VL: 3.024e+07	SVL: 46979495.23120232	current_lr: 0.0002
Epoch: 31	TL: 1.079e+08	VL: 5.800e+07	SVL: 52488421.228401154	current_lr: 0.0002
Epoch: 32	TL: 1.041e+08	VL: 7.687e+07	SVL: 64679457.51340058	current_lr: 0.0002
Epoch: 33	TL: 1.068e+08	VL: 1.577e+08	SVL: 111182820.51990029	current_lr: 0.0002
Epoch: 34	TL: 1.142e+08	VL: 4.916e+07	SVL: 80169889.15915015	current_lr: 0.0002
Epoch: 35	TL: 8.335e+07	VL: 2.192e+07	SVL: 51044392.848375075	current_lr: 0.0002
Epoch: 36	TL: 9.930e+07	VL: 3.455e+08	SVL: 198296720.94258755	current_lr: 0.0002
Epoch: 37	TL: 7.640e+07	VL: 3.830e+08	SVL: 290635413.47609377	current_lr: 0.0002
Epoch: 38	TL: 8.148e+07	VL: 2.351e+08	SVL: 262879878.94924688	current_lr: 0.0002
Epoch: 39	TL: 8.703e+07	VL: 2.612e+07	SVL: 144500019.70502344	current_lr: 0.0002
Epoch: 40	TL: 8.307e+07	VL: 1.085e+07	SVL: 77674242.19811171	current_lr: 0.0002
Epoch: 41	TL: 1.019e+08	VL: 5.490e+07	SVL: 66286188.41425586	current_lr: 0.0002
Epoch: 42	TL: 6.757e+07	VL: 3.427e+07	SVL: 50276232.43432793	current_lr: 0.0002
Epoch: 43	TL: 6.860e+07	VL: 7.590e+07	SVL: 63089090.98836397	current_lr: 0.0002
Epoch: 44	TL: 7.740e+06	VL: 7.097e+06	SVL: 35093108.13098198	current_lr: 0.0001
Epoch: 45	TL: 1.947e+07	VL: 1.276e+07	SVL: 23927305.937490992	current_lr: 0.0001
Epoch: 46	TL: 2.314e+07	VL: 1.819e+07	SVL: 21060801.896745495	current_lr: 0.0001
Epoch: 47	TL: 2.575e+07	VL: 1.367e+07	SVL: 17363210.36917275	current_lr: 0.0001
Epoch: 48	TL: 2.202e+07	VL: 1.868e+07	SVL: 18020620.352586374	current_lr: 0.0001
Epoch: 49	TL: 2.455e+07	VL: 6.892e+06	SVL: 12456362.067493187	current_lr: 0.0001
Epoch: 50	TL: 1.948e+07	VL: 1.961e+07	SVL: 16032959.888146594	current_lr: 0.0001
Epoch: 51	TL: 2.694e+07	VL: 9.384e+06	SVL: 12708423.675273297	current_lr: 0.0001
Epoch: 52	TL: 1.767e+07	VL: 4.273e+07	SVL: 27719749.22003665	current_lr: 0.0001
Epoch: 53	TL: 2.253e+07	VL: 1.921e+07	SVL: 23464019.250018325	current_lr: 0.0001
Epoch: 54	TL: 1.851e+07	VL: 3.676e+06	SVL: 13569906.674609162	current_lr: 0.0001
Epoch: 55	TL: 2.139e+07	VL: 1.156e+07	SVL: 12567070.35490458	current_lr: 0.0001
Epoch: 56	TL: 2.481e+07	VL: 1.950e+07	SVL: 16031625.033452291	current_lr: 0.0001
Epoch: 57	TL: 2.065e+07	VL: 4.616e+06	SVL: 10323713.265526146	current_lr: 0.0001
Epoch: 58	TL: 1.944e+07	VL: 3.519e+06	SVL: 6921106.847163073	current_lr: 0.0001
Epoch: 59	TL: 1.992e+07	VL: 3.751e+06	SVL: 5335830.1211815365	current_lr: 0.0001
Epoch: 60	TL: 1.997e+07	VL: 7.847e+06	SVL: 6591640.474990768	current_lr: 0.0001
Epoch: 61	TL: 2.424e+07	VL: 2.258e+06	SVL: 4424925.101495384	current_lr: 0.0001
Epoch: 62	TL: 1.506e+07	VL: 1.535e+07	SVL: 9889248.061147692	current_lr: 0.0001
Epoch: 63	TL: 2.118e+07	VL: 8.459e+06	SVL: 9174198.968173847	current_lr: 0.0001
Epoch: 64	TL: 2.009e+07	VL: 4.114e+06	SVL: 6643866.012086923	current_lr: 0.0001
Epoch: 65	TL: 1.835e+07	VL: 5.052e+06	SVL: 5848085.441243462	current_lr: 0.0001
Epoch: 66	TL: 1.997e+07	VL: 5.535e+06	SVL: 5691662.893421731	current_lr: 0.0001
Epoch: 67	TL: 1.524e+07	VL: 2.227e+06	SVL: 3959159.1267108656	current_lr: 0.0001
Epoch: 68	TL: 1.821e+07	VL: 1.401e+07	SVL: 8985918.225755433	current_lr: 0.0001
Epoch: 69	TL: 1.869e+07	VL: 6.350e+06	SVL: 7668014.498477716	current_lr: 0.0001
Epoch: 70	TL: 1.836e+07	VL: 1.721e+07	SVL: 12438983.838038858	current_lr: 0.0001
Epoch: 71	TL: 2.022e+07	VL: 1.082e+07	SVL: 11629876.61021943	current_lr: 0.0001
Epoch: 72	TL: 1.594e+07	VL: 1.988e+06	SVL: 6808881.927509715	current_lr: 0.0001
Epoch: 73	TL: 2.019e+07	VL: 2.173e+07	SVL: 14271192.349354858	current_lr: 0.0001
Epoch: 74	TL: 1.631e+07	VL: 8.756e+06	SVL: 11513699.777877428	current_lr: 0.0001
Epoch: 75	TL: 2.056e+07	VL: 9.805e+06	SVL: 10659326.279338714	current_lr: 0.0001
Epoch: 76	TL: 1.688e+07	VL: 3.796e+06	SVL: 7227533.667669357	current_lr: 0.0001
Epoch: 77	TL: 1.767e+07	VL: 3.151e+06	SVL: 5189297.214634678	current_lr: 0.0001
Epoch: 78	TL: 1.606e+07	VL: 1.296e+07	SVL: 9076323.97371734	current_lr: 0.0001
Epoch: 79	TL: 1.586e+07	VL: 8.416e+06	SVL: 8746043.07485867	current_lr: 0.0001
Epoch: 80	TL: 1.989e+07	VL: 1.143e+07	SVL: 10085978.926229335	current_lr: 0.0001
Epoch: 81	TL: 1.441e+07	VL: 2.641e+06	SVL: 6363736.445514668	current_lr: 0.0001
Epoch: 82	TL: 1.632e+07	VL: 3.537e+06	SVL: 4950523.608357334	current_lr: 0.0001
Epoch: 83	TL: 1.833e+07	VL: 2.090e+06	SVL: 3520402.559378667	current_lr: 0.0001
Epoch: 84	TL: 2.087e+07	VL: 1.052e+07	SVL: 7021118.169289334	current_lr: 0.0001
Epoch: 85	TL: 1.165e+07	VL: 5.994e+06	SVL: 6507556.127844667	current_lr: 0.0001
Epoch: 86	TL: 1.690e+07	VL: 1.286e+07	SVL: 9683077.212722333	current_lr: 0.0001
Epoch: 87	TL: 1.758e+07	VL: 1.724e+07	SVL: 13461968.686361168	current_lr: 0.0001
Epoch: 88	TL: 1.788e+07	VL: 5.197e+06	SVL: 9329711.050380584	current_lr: 0.0001
Epoch: 89	TL: 1.565e+07	VL: 5.434e+07	SVL: 31836258.686790295	current_lr: 0.0001
Epoch: 90	TL: 1.739e+07	VL: 6.225e+07	SVL: 47042426.25219515	current_lr: 0.0001
Epoch: 91	TL: 1.340e+07	VL: 1.664e+07	SVL: 31841307.999697573	current_lr: 0.0001
Epoch: 92	TL: 1.841e+07	VL: 1.836e+06	SVL: 16838731.663848788	current_lr: 0.0001
Epoch: 93	TL: 1.297e+07	VL: 9.136e+06	SVL: 12987570.734324394	current_lr: 0.0001
Epoch: 94	TL: 2.324e+07	VL: 3.228e+07	SVL: 22636235.952762198	current_lr: 0.0001
Epoch: 95	TL: 1.410e+07	VL: 6.522e+06	SVL: 14579348.7731811	current_lr: 0.0001
Epoch: 96	TL: 1.657e+07	VL: 1.012e+07	SVL: 12349980.40899055	current_lr: 0.0001
Epoch: 97	TL: 1.518e+07	VL: 8.786e+06	SVL: 10568040.879695276	current_lr: 0.0001
Epoch: 98	TL: 1.721e+07	VL: 1.996e+07	SVL: 15266322.852647636	current_lr: 0.0001
Epoch: 99	TL: 1.436e+07	VL: 1.216e+07	SVL: 13714213.483923819	current_lr: 0.0001
Epoch: 100	TL: 2.001e+07	VL: 3.669e+06	SVL: 8691518.23636191	current_lr: 0.0001
Epoch: 101	TL: 1.206e+07	VL: 1.662e+06	SVL: 5176713.6013809545	current_lr: 0.0001
Epoch: 102	TL: 1.493e+07	VL: 8.607e+06	SVL: 6892043.866290478	current_lr: 0.0001
Epoch: 103	TL: 1.377e+07	VL: 7.399e+06	SVL: 7145322.182745239	current_lr: 0.0001
Epoch: 104	TL: 1.543e+07	VL: 4.906e+06	SVL: 6025415.574572619	current_lr: 0.0001
Epoch: 105	TL: 1.613e+06	VL: 2.111e+06	SVL: 4067981.0736863096	current_lr: 5e-05
Epoch: 106	TL: 4.496e+06	VL: 5.286e+06	SVL: 4677223.330443155	current_lr: 5e-05
Epoch: 107	TL: 4.698e+06	VL: 1.313e+06	SVL: 2994943.7356215776	current_lr: 5e-05
Epoch: 108	TL: 4.409e+06	VL: 8.795e+06	SVL: 5895055.995810788	current_lr: 5e-05
Epoch: 109	TL: 4.262e+06	VL: 2.048e+06	SVL: 3971640.861905394	current_lr: 5e-05
Epoch: 110	TL: 4.699e+06	VL: 6.488e+06	SVL: 5229978.408552697	current_lr: 5e-05
Epoch: 111	TL: 5.223e+06	VL: 5.179e+06	SVL: 5204502.266676349	current_lr: 5e-05
Epoch: 112	TL: 3.910e+06	VL: 2.189e+06	SVL: 3696579.1909381743	current_lr: 5e-05
Epoch: 113	TL: 3.911e+06	VL: 1.257e+06	SVL: 2477019.278669087	current_lr: 5e-05
Epoch: 114	TL: 6.270e+06	VL: 1.374e+06	SVL: 1925305.3321345435	current_lr: 5e-05
Epoch: 115	TL: 3.470e+06	VL: 1.524e+06	SVL: 1724679.2068672716	current_lr: 5e-05
Epoch: 116	TL: 4.193e+06	VL: 2.071e+06	SVL: 1897664.5442336358	current_lr: 5e-05
Epoch: 117	TL: 3.942e+06	VL: 1.770e+06	SVL: 1833679.049716818	current_lr: 5e-05
Epoch: 118	TL: 4.904e+06	VL: 1.559e+06	SVL: 1696254.7952584089	current_lr: 5e-05
Epoch: 119	TL: 4.746e+06	VL: 1.449e+06	SVL: 1572545.5416292045	current_lr: 5e-05
Epoch: 120	TL: 4.179e+06	VL: 8.671e+06	SVL: 5121952.079614602	current_lr: 5e-05
Epoch: 121	TL: 4.708e+06	VL: 2.171e+06	SVL: 3646340.315007301	current_lr: 5e-05
Epoch: 122	TL: 4.147e+06	VL: 1.681e+06	SVL: 2663856.9031036505	current_lr: 5e-05
Epoch: 123	TL: 4.256e+06	VL: 2.758e+06	SVL: 2710806.749151825	current_lr: 5e-05
Epoch: 124	TL: 3.922e+06	VL: 1.105e+07	SVL: 6882469.588975912	current_lr: 5e-05
Epoch: 125	TL: 4.135e+06	VL: 2.176e+06	SVL: 4529041.0600879565	current_lr: 5e-05
Epoch: 126	TL: 4.373e+06	VL: 1.872e+06	SVL: 3200356.235643978	current_lr: 5e-05
Epoch: 127	TL: 4.219e+06	VL: 1.198e+06	SVL: 2199114.9178219894	current_lr: 5e-05
Epoch: 128	TL: 4.161e+06	VL: 3.964e+06	SVL: 3081702.7901109946	current_lr: 5e-05
Epoch: 129	TL: 5.617e+06	VL: 7.203e+05	SVL: 1901005.7118554972	current_lr: 5e-05
Epoch: 130	TL: 3.473e+06	VL: 1.777e+06	SVL: 1838839.5663277486	current_lr: 5e-05
Epoch: 131	TL: 4.372e+06	VL: 8.207e+05	SVL: 1329746.1607638742	current_lr: 5e-05
Epoch: 132	TL: 4.422e+06	VL: 1.506e+06	SVL: 1417666.5715819371	current_lr: 5e-05
Epoch: 133	TL: 3.852e+06	VL: 1.044e+07	SVL: 5930768.748190968	current_lr: 5e-05
Epoch: 134	TL: 3.780e+06	VL: 7.111e+05	SVL: 3320959.241295484	current_lr: 5e-05
Epoch: 135	TL: 6.096e+06	VL: 5.489e+06	SVL: 4404808.017447742	current_lr: 5e-05
Epoch: 136	TL: 2.554e+06	VL: 8.203e+06	SVL: 6303978.715923871	current_lr: 5e-05
Epoch: 137	TL: 4.206e+06	VL: 2.129e+06	SVL: 4216643.924361935	current_lr: 5e-05
Epoch: 138	TL: 4.158e+06	VL: 7.843e+06	SVL: 6029748.419780968	current_lr: 5e-05
Epoch: 139	TL: 4.371e+06	VL: 5.589e+05	SVL: 3294307.189090484	current_lr: 5e-05
Epoch: 140	TL: 3.812e+06	VL: 6.020e+05	SVL: 1948164.8233452418	current_lr: 5e-05
Epoch: 141	TL: 3.974e+06	VL: 6.369e+06	SVL: 4158591.826072621	current_lr: 5e-05
Epoch: 142	TL: 3.698e+06	VL: 1.172e+07	SVL: 7937816.386636311	current_lr: 5e-05
Epoch: 143	TL: 4.193e+06	VL: 1.802e+06	SVL: 4869682.766118156	current_lr: 5e-05
Epoch: 144	TL: 3.690e+06	VL: 5.461e+06	SVL: 5165277.888659078	current_lr: 5e-05
Epoch: 145	TL: 4.020e+06	VL: 2.541e+06	SVL: 3852938.374729539	current_lr: 5e-05
Epoch: 146	TL: 4.084e+06	VL: 1.237e+06	SVL: 2544923.7441647695	current_lr: 5e-05
Epoch: 147	TL: 4.349e+06	VL: 2.254e+06	SVL: 2399567.8944823844	current_lr: 5e-05
Epoch: 148	TL: 3.949e+06	VL: 1.066e+06	SVL: 1732857.2144411923	current_lr: 5e-05
Epoch: 149	TL: 3.709e+06	VL: 6.487e+05	SVL: 1190802.1528205962	current_lr: 5e-05
Epoch: 150	TL: 4.424e+06	VL: 9.465e+05	SVL: 1068653.598010298	current_lr: 5e-05
Epoch: 151	TL: 3.942e+06	VL: 4.212e+06	SVL: 2640215.4902051487	current_lr: 5e-05
Epoch: 152	TL: 4.217e+06	VL: 3.507e+06	SVL: 3073806.548302574	current_lr: 5e-05
Epoch: 153	TL: 3.815e+06	VL: 1.715e+06	SVL: 2394265.629351287	current_lr: 5e-05
Epoch: 154	TL: 4.553e+06	VL: 7.296e+05	SVL: 1561911.0002756435	current_lr: 5e-05
Epoch: 155	TL: 4.058e+06	VL: 2.290e+06	SVL: 1925950.0537378218	current_lr: 5e-05
Epoch: 156	TL: 4.080e+06	VL: 1.946e+06	SVL: 1935775.5900689107	current_lr: 5e-05
Epoch: 157	TL: 5.049e+06	VL: 2.421e+06	SVL: 2178557.9006344555	current_lr: 5e-05
Epoch: 158	TL: 3.948e+06	VL: 1.147e+07	SVL: 6826240.588717228	current_lr: 5e-05
Epoch: 159	TL: 3.756e+06	VL: 1.130e+07	SVL: 9063446.822358614	current_lr: 5e-05
Epoch: 160	TL: 3.807e+06	VL: 2.346e+06	SVL: 5704861.715179307	current_lr: 5e-05
Epoch: 161	TL: 3.757e+06	VL: 8.699e+06	SVL: 7202132.694389653	current_lr: 5e-05
Epoch: 162	TL: 3.675e+06	VL: 1.297e+06	SVL: 4249790.033594826	current_lr: 5e-05
Epoch: 163	TL: 3.757e+06	VL: 2.663e+06	SVL: 3456362.485597413	current_lr: 5e-05
Epoch: 164	TL: 4.577e+06	VL: 2.355e+06	SVL: 2905442.9899987066	current_lr: 5e-05
Epoch: 165	TL: 3.615e+06	VL: 2.791e+07	SVL: 15410060.938199352	current_lr: 5e-05
Epoch: 166	TL: 4.485e+06	VL: 1.043e+06	SVL: 8226536.094699676	current_lr: 5e-05
Epoch: 167	TL: 3.559e+06	VL: 3.849e+06	SVL: 6037587.752949838	current_lr: 5e-05
Epoch: 168	TL: 4.262e+06	VL: 2.121e+06	SVL: 4079480.5772749186	current_lr: 5e-05
Epoch: 169	TL: 4.151e+06	VL: 5.857e+05	SVL: 2332595.1910374593	current_lr: 5e-05
Epoch: 170	TL: 3.124e+06	VL: 9.238e+05	SVL: 1628192.7859187296	current_lr: 5e-05
Epoch: 171	TL: 4.068e+06	VL: 2.828e+06	SVL: 2227991.8233593646	current_lr: 5e-05
Epoch: 172	TL: 5.419e+05	VL: 1.597e+06	SVL: 1912284.2700796823	current_lr: 2.5e-05
Epoch: 173	TL: 1.042e+06	VL: 5.105e+05	SVL: 1211399.9158398411	current_lr: 2.5e-05
Epoch: 174	TL: 1.334e+06	VL: 6.246e+05	SVL: 918006.3195199205	current_lr: 2.5e-05
Epoch: 175	TL: 1.477e+06	VL: 4.793e+05	SVL: 698642.4253599603	current_lr: 2.5e-05
Epoch: 176	TL: 1.267e+06	VL: 1.027e+06	SVL: 862809.8590799802	current_lr: 2.5e-05
Epoch: 177	TL: 1.220e+06	VL: 3.783e+05	SVL: 620571.03033999	current_lr: 2.5e-05
Epoch: 178	TL: 1.276e+06	VL: 1.222e+06	SVL: 921234.795169995	current_lr: 2.5e-05
Epoch: 179	TL: 1.242e+06	VL: 1.104e+06	SVL: 1012675.3655849975	current_lr: 2.5e-05
Epoch: 180	TL: 1.314e+06	VL: 3.784e+06	SVL: 2398392.185192499	current_lr: 2.5e-05
Epoch: 181	TL: 1.247e+06	VL: 1.362e+06	SVL: 1880034.9533962496	current_lr: 2.5e-05
Epoch: 182	TL: 1.203e+06	VL: 5.234e+05	SVL: 1201711.6110981249	current_lr: 2.5e-05
Epoch: 183	TL: 1.152e+06	VL: 3.945e+05	SVL: 798093.1991490624	current_lr: 2.5e-05
Epoch: 184	TL: 1.322e+06	VL: 8.495e+05	SVL: 823820.9547745312	current_lr: 2.5e-05
Epoch: 185	TL: 1.380e+06	VL: 5.772e+05	SVL: 700527.5029872656	current_lr: 2.5e-05
Epoch: 186	TL: 1.169e+06	VL: 3.777e+06	SVL: 2238965.1402936326	current_lr: 2.5e-05
Epoch: 187	TL: 1.196e+06	VL: 9.543e+05	SVL: 1596641.7253468162	current_lr: 2.5e-05
Epoch: 188	TL: 1.369e+06	VL: 5.839e+05	SVL: 1090288.205073408	current_lr: 2.5e-05
Epoch: 189	TL: 1.051e+06	VL: 1.741e+06	SVL: 1415880.249736704	current_lr: 2.5e-05
Epoch: 190	TL: 1.190e+06	VL: 7.260e+05	SVL: 1070963.596868352	current_lr: 2.5e-05
Epoch: 191	TL: 1.259e+06	VL: 5.069e+05	SVL: 788926.233634176	current_lr: 2.5e-05
Epoch: 192	TL: 1.217e+06	VL: 5.525e+05	SVL: 670736.323217088	current_lr: 2.5e-05
Epoch: 193	TL: 1.368e+06	VL: 2.399e+06	SVL: 1534763.297608544	current_lr: 2.5e-05
Epoch: 194	TL: 1.100e+06	VL: 1.492e+06	SVL: 1513427.620004272	current_lr: 2.5e-05
Epoch: 195	TL: 1.184e+06	VL: 1.639e+06	SVL: 1575984.837202136	current_lr: 2.5e-05
Epoch: 196	TL: 1.456e+06	VL: 3.730e+05	SVL: 974497.556201068	current_lr: 2.5e-05
Epoch: 197	TL: 1.011e+06	VL: 5.292e+05	SVL: 751849.997300534	current_lr: 2.5e-05
Epoch: 198	TL: 1.167e+06	VL: 8.651e+05	SVL: 808472.643450267	current_lr: 2.5e-05
Epoch: 199	TL: 3.341e+05	VL: 2.943e+05	SVL: 551380.9513251334	current_lr: 1.25e-05
Epoch: 200	TL: 4.862e+05	VL: 6.702e+05	SVL: 610767.5956625667	current_lr: 1.25e-05
Epoch: 201	TL: 5.629e+05	VL: 2.487e+05	SVL: 429732.06343128334	current_lr: 1.25e-05
Epoch: 202	TL: 4.991e+05	VL: 3.566e+05	SVL: 393188.85091564164	current_lr: 1.25e-05
Epoch: 203	TL: 5.274e+05	VL: 7.736e+05	SVL: 583388.2206578208	current_lr: 1.25e-05
Epoch: 204	TL: 4.932e+05	VL: 6.448e+05	SVL: 614089.2591289105	current_lr: 1.25e-05
Epoch: 205	TL: 5.469e+05	VL: 4.455e+05	SVL: 529771.8375644552	current_lr: 1.25e-05
Epoch: 206	TL: 5.142e+05	VL: 6.319e+05	SVL: 580828.9939822276	current_lr: 1.25e-05
Epoch: 207	TL: 5.234e+05	VL: 2.962e+05	SVL: 438493.5097911138	current_lr: 1.25e-05
Epoch: 208	TL: 4.788e+05	VL: 4.240e+05	SVL: 431257.6412955569	current_lr: 1.25e-05
Epoch: 209	TL: 5.415e+05	VL: 1.501e+06	SVL: 966228.8782477784	current_lr: 1.25e-05
Epoch: 210	TL: 4.657e+05	VL: 5.123e+05	SVL: 739256.5191238892	current_lr: 1.25e-05
Epoch: 211	TL: 4.856e+05	VL: 4.759e+05	SVL: 607581.8883619446	current_lr: 1.25e-05
Epoch: 212	TL: 4.881e+05	VL: 4.153e+05	SVL: 511441.93618097226	current_lr: 1.25e-05
Epoch: 213	TL: 5.254e+05	VL: 5.480e+05	SVL: 529722.7632904861	current_lr: 1.25e-05
Epoch: 214	TL: 4.801e+05	VL: 2.954e+05	SVL: 412536.51684524305	current_lr: 1.25e-05
Epoch: 215	TL: 4.701e+05	VL: 4.003e+05	SVL: 406438.6456226215	current_lr: 1.25e-05
Epoch: 216	TL: 4.805e+05	VL: 2.985e+05	SVL: 352445.1644113108	current_lr: 1.25e-05
Epoch: 217	TL: 5.041e+05	VL: 1.001e+06	SVL: 676841.2190056554	current_lr: 1.25e-05
Epoch: 218	TL: 5.015e+05	VL: 1.205e+06	SVL: 940953.7679028276	current_lr: 1.25e-05
Epoch: 219	TL: 4.559e+05	VL: 2.433e+05	SVL: 592102.0591514139	current_lr: 1.25e-05
Epoch: 220	TL: 5.810e+05	VL: 6.082e+05	SVL: 600144.5559757069	current_lr: 1.25e-05
Epoch: 221	TL: 4.655e+05	VL: 1.000e+06	SVL: 800124.1883878534	current_lr: 1.25e-05
Epoch: 222	TL: 4.796e+05	VL: 3.470e+05	SVL: 573540.4301939267	current_lr: 1.25e-05
Epoch: 223	TL: 4.983e+05	VL: 2.510e+05	SVL: 412274.1878969633	current_lr: 1.25e-05
Epoch: 224	TL: 5.016e+05	VL: 3.740e+05	SVL: 393124.47154848167	current_lr: 1.25e-05
Epoch: 225	TL: 4.414e+05	VL: 4.406e+05	SVL: 416850.26457424083	current_lr: 1.25e-05
Epoch: 226	TL: 4.655e+05	VL: 2.787e+05	SVL: 347757.1130871204	current_lr: 1.25e-05
Epoch: 227	TL: 4.468e+05	VL: 6.610e+05	SVL: 504383.2317435602	current_lr: 1.25e-05
Epoch: 228	TL: 4.841e+05	VL: 3.040e+05	SVL: 404169.7358717801	current_lr: 1.25e-05
Epoch: 229	TL: 4.662e+05	VL: 2.975e+05	SVL: 350824.14313589	current_lr: 1.25e-05
Epoch: 230	TL: 4.722e+05	VL: 7.002e+05	SVL: 525490.3947679449	current_lr: 1.25e-05
Epoch: 231	TL: 4.592e+05	VL: 2.336e+05	SVL: 379541.00618397247	current_lr: 1.25e-05
Epoch: 232	TL: 4.496e+05	VL: 3.529e+05	SVL: 366204.0646919862	current_lr: 1.25e-05
Epoch: 233	TL: 4.611e+05	VL: 6.708e+05	SVL: 518524.3747459931	current_lr: 1.25e-05
Epoch: 234	TL: 4.419e+05	VL: 2.156e+05	SVL: 367080.6809729966	current_lr: 1.25e-05
Epoch: 235	TL: 4.592e+05	VL: 2.670e+05	SVL: 317026.40288649825	current_lr: 1.25e-05
Epoch: 236	TL: 4.749e+05	VL: 4.105e+05	SVL: 363741.9998432491	current_lr: 1.25e-05
Epoch: 237	TL: 4.883e+05	VL: 2.504e+05	SVL: 307057.36392162455	current_lr: 1.25e-05
Epoch: 238	TL: 4.525e+05	VL: 3.609e+05	SVL: 333972.1107608123	current_lr: 1.25e-05
Epoch: 239	TL: 4.382e+05	VL: 1.011e+06	SVL: 672340.0937804062	current_lr: 1.25e-05
Epoch: 240	TL: 4.801e+05	VL: 9.661e+05	SVL: 819220.7828902031	current_lr: 1.25e-05
Epoch: 241	TL: 4.374e+05	VL: 1.481e+06	SVL: 1150323.5434451015	current_lr: 1.25e-05
Epoch: 242	TL: 4.204e+05	VL: 1.090e+06	SVL: 1120409.0613225508	current_lr: 1.25e-05
Epoch: 243	TL: 4.743e+05	VL: 3.463e+05	SVL: 733356.4298612754	current_lr: 1.25e-05
Epoch: 244	TL: 4.686e+05	VL: 2.283e+05	SVL: 480831.8613306377	current_lr: 1.25e-05
Epoch: 245	TL: 4.310e+05	VL: 3.388e+05	SVL: 409801.43946531886	current_lr: 1.25e-05
Epoch: 246	TL: 4.388e+05	VL: 2.285e+05	SVL: 319152.1413326594	current_lr: 1.25e-05
Epoch: 247	TL: 4.222e+05	VL: 5.616e+05	SVL: 440394.8450663297	current_lr: 1.25e-05
Epoch: 248	TL: 4.731e+05	VL: 5.001e+05	SVL: 470267.00333316484	current_lr: 1.25e-05
Epoch: 249	TL: 3.992e+05	VL: 6.429e+05	SVL: 556606.3624665824	current_lr: 1.25e-05
Epoch: 250	TL: 4.590e+05	VL: 3.497e+05	SVL: 453162.4004332912	current_lr: 1.25e-05
Epoch: 251	TL: 4.215e+05	VL: 2.058e+05	SVL: 329501.7898166456	current_lr: 1.25e-05
Epoch: 252	TL: 4.367e+05	VL: 2.592e+05	SVL: 294326.4469083228	current_lr: 1.25e-05
Epoch: 253	TL: 4.291e+05	VL: 2.816e+05	SVL: 287959.7666541614	current_lr: 1.25e-05
Epoch: 254	TL: 4.773e+05	VL: 2.265e+05	SVL: 257218.27772708068	current_lr: 1.25e-05
Epoch: 255	TL: 3.836e+05	VL: 1.129e+06	SVL: 693023.9004635403	current_lr: 1.25e-05
Epoch: 256	TL: 4.848e+05	VL: 2.092e+05	SVL: 451121.7678317702	current_lr: 1.25e-05
Epoch: 257	TL: 4.026e+05	VL: 3.389e+05	SVL: 394990.9847158851	current_lr: 1.25e-05
Epoch: 258	TL: 4.409e+05	VL: 1.728e+05	SVL: 283892.0515579425	current_lr: 1.25e-05
Epoch: 259	TL: 3.879e+05	VL: 2.154e+05	SVL: 249656.47777897125	current_lr: 1.25e-05
Epoch: 260	TL: 4.602e+05	VL: 3.136e+05	SVL: 281637.0452894856	current_lr: 1.25e-05
Epoch: 261	TL: 4.186e+05	VL: 2.735e+05	SVL: 277553.4282447428	current_lr: 1.25e-05
Epoch: 262	TL: 4.860e+05	VL: 1.988e+05	SVL: 238184.6309223714	current_lr: 1.25e-05
Epoch: 263	TL: 4.545e+05	VL: 2.530e+05	SVL: 245593.6386611857	current_lr: 1.25e-05
Epoch: 264	TL: 4.140e+05	VL: 3.259e+05	SVL: 285757.14253059286	current_lr: 1.25e-05
Epoch: 265	TL: 3.788e+05	VL: 3.943e+05	SVL: 340007.64486529643	current_lr: 1.25e-05
Epoch: 266	TL: 4.118e+05	VL: 5.177e+05	SVL: 428872.6320326482	current_lr: 1.25e-05
Epoch: 267	TL: 4.325e+05	VL: 2.320e+05	SVL: 330432.0952163241	current_lr: 1.25e-05
Epoch: 268	TL: 3.945e+05	VL: 2.654e+05	SVL: 297892.48680816207	current_lr: 1.25e-05
Epoch: 269	TL: 4.631e+05	VL: 5.591e+05	SVL: 428474.760204081	current_lr: 1.25e-05
Epoch: 270	TL: 3.680e+05	VL: 2.792e+05	SVL: 353857.6377020405	current_lr: 1.25e-05
Epoch: 271	TL: 4.302e+05	VL: 4.081e+05	SVL: 381000.4956510202	current_lr: 1.25e-05
Epoch: 272	TL: 4.318e+05	VL: 2.770e+05	SVL: 329002.6134255101	current_lr: 1.25e-05
Epoch: 273	TL: 4.408e+05	VL: 2.556e+05	SVL: 292323.30431275506	current_lr: 1.25e-05
Epoch: 274	TL: 4.026e+05	VL: 9.924e+05	SVL: 642359.7129563775	current_lr: 1.25e-05
Epoch: 275	TL: 4.829e+05	VL: 1.320e+06	SVL: 981116.4900781887	current_lr: 1.25e-05
Epoch: 276	TL: 3.555e+05	VL: 5.622e+05	SVL: 771666.3442390943	current_lr: 1.25e-05
Epoch: 277	TL: 3.976e+05	VL: 4.368e+05	SVL: 604227.0953195471	current_lr: 1.25e-05
Epoch: 278	TL: 4.174e+05	VL: 2.203e+05	SVL: 412279.1596597736	current_lr: 1.25e-05
Epoch: 279	TL: 3.943e+05	VL: 2.532e+05	SVL: 332721.8606298868	current_lr: 1.25e-05
Epoch: 280	TL: 3.920e+05	VL: 1.945e+05	SVL: 263607.7239149434	current_lr: 1.25e-05
Epoch: 281	TL: 3.821e+05	VL: 1.039e+06	SVL: 651493.2603574716	current_lr: 1.25e-05
Epoch: 282	TL: 4.145e+05	VL: 6.042e+05	SVL: 627828.1309787359	current_lr: 1.25e-05
Epoch: 283	TL: 3.979e+05	VL: 2.141e+05	SVL: 420955.79748936795	current_lr: 1.25e-05
Epoch: 284	TL: 1.731e+05	VL: 1.853e+05	SVL: 303140.62434468395	current_lr: 6.25e-06
Epoch: 285	TL: 2.126e+05	VL: 4.335e+05	SVL: 368312.344172342	current_lr: 6.25e-06
Epoch: 286	TL: 2.390e+05	VL: 2.528e+05	SVL: 310566.045686171	current_lr: 6.25e-06
Epoch: 287	TL: 2.260e+05	VL: 2.481e+05	SVL: 279356.0364430855	current_lr: 6.25e-06
Epoch: 288	TL: 2.139e+05	VL: 3.278e+05	SVL: 303567.91902154277	current_lr: 6.25e-06
Epoch: 289	TL: 2.181e+05	VL: 1.947e+05	SVL: 249150.25711077137	current_lr: 6.25e-06
Epoch: 290	TL: 2.153e+05	VL: 1.505e+05	SVL: 199805.04695538568	current_lr: 6.25e-06
Epoch: 291	TL: 2.350e+05	VL: 1.921e+05	SVL: 195966.01627769286	current_lr: 6.25e-06
Epoch: 292	TL: 2.119e+05	VL: 1.502e+05	SVL: 173102.18773884643	current_lr: 6.25e-06
Epoch: 293	TL: 2.272e+05	VL: 1.755e+05	SVL: 174313.97466942322	current_lr: 6.25e-06
Epoch: 294	TL: 2.272e+05	VL: 2.462e+05	SVL: 210242.4041347116	current_lr: 6.25e-06
Epoch: 295	TL: 2.213e+05	VL: 1.761e+05	SVL: 193150.5620673558	current_lr: 6.25e-06
Epoch: 296	TL: 2.273e+05	VL: 2.220e+05	SVL: 207588.1946336779	current_lr: 6.25e-06
Epoch: 297	TL: 2.187e+05	VL: 1.635e+05	SVL: 185563.32931683894	current_lr: 6.25e-06
Epoch: 298	TL: 2.201e+05	VL: 1.502e+05	SVL: 167889.12065841947	current_lr: 6.25e-06
Epoch: 299	TL: 2.211e+05	VL: 2.243e+05	SVL: 196111.65152920975	current_lr: 6.25e-06
Epoch: 300	TL: 2.145e+05	VL: 2.609e+05	SVL: 228496.11936460488	current_lr: 6.25e-06
Epoch: 301	TL: 2.080e+05	VL: 1.661e+05	SVL: 197320.99648230243	current_lr: 6.25e-06
Epoch: 302	TL: 2.182e+05	VL: 1.645e+05	SVL: 180894.1862411512	current_lr: 6.25e-06
Epoch: 303	TL: 2.350e+05	VL: 3.062e+05	SVL: 243538.28512057563	current_lr: 6.25e-06
Epoch: 304	TL: 2.157e+05	VL: 1.580e+05	SVL: 200766.04096028782	current_lr: 6.25e-06
Epoch: 305	TL: 2.095e+05	VL: 1.623e+05	SVL: 181532.2276801439	current_lr: 6.25e-06
Epoch: 306	TL: 2.104e+05	VL: 4.895e+05	SVL: 335527.629040072	current_lr: 6.25e-06
Epoch: 307	TL: 2.147e+05	VL: 1.554e+05	SVL: 245445.71452003598	current_lr: 6.25e-06
Epoch: 308	TL: 2.091e+05	VL: 1.743e+05	SVL: 209889.56606001797	current_lr: 6.25e-06
Epoch: 309	TL: 2.173e+05	VL: 1.772e+05	SVL: 193554.945430009	current_lr: 6.25e-06
Epoch: 310	TL: 2.119e+05	VL: 1.988e+05	SVL: 196173.02311500447	current_lr: 6.25e-06
Epoch: 311	TL: 2.074e+05	VL: 1.370e+05	SVL: 166596.43275750225	current_lr: 6.25e-06
Epoch: 312	TL: 2.061e+05	VL: 2.704e+05	SVL: 218501.31317875112	current_lr: 6.25e-06
Epoch: 313	TL: 2.105e+05	VL: 1.322e+05	SVL: 175338.63738937557	current_lr: 6.25e-06
Epoch: 314	TL: 2.217e+05	VL: 1.266e+05	SVL: 150968.59949468778	current_lr: 6.25e-06
Epoch: 315	TL: 2.033e+05	VL: 2.301e+05	SVL: 190543.19574734388	current_lr: 6.25e-06
Epoch: 316	TL: 2.609e+05	VL: 1.718e+05	SVL: 181146.80187367194	current_lr: 6.25e-06
Epoch: 317	TL: 1.941e+05	VL: 1.571e+05	SVL: 169142.37293683598	current_lr: 6.25e-06
Epoch: 318	TL: 2.017e+05	VL: 2.192e+05	SVL: 194188.016068418	current_lr: 6.25e-06
Epoch: 319	TL: 1.936e+05	VL: 1.320e+05	SVL: 163107.381234209	current_lr: 6.25e-06
Epoch: 320	TL: 1.983e+05	VL: 1.725e+05	SVL: 167786.9346171045	current_lr: 6.25e-06
Epoch: 321	TL: 2.112e+05	VL: 2.233e+05	SVL: 195567.46490855224	current_lr: 6.25e-06
Epoch: 322	TL: 2.041e+05	VL: 1.365e+05	SVL: 166054.2112542761	current_lr: 6.25e-06
Epoch: 323	TL: 1.926e+05	VL: 2.492e+05	SVL: 207612.98002713805	current_lr: 6.25e-06
Epoch: 324	TL: 2.146e+05	VL: 6.602e+05	SVL: 433903.677213569	current_lr: 6.25e-06
Epoch: 325	TL: 2.009e+05	VL: 2.866e+05	SVL: 360237.34580678446	current_lr: 6.25e-06
Epoch: 326	TL: 2.294e+05	VL: 1.350e+05	SVL: 247638.17850339224	current_lr: 6.25e-06
Epoch: 327	TL: 1.935e+05	VL: 1.184e+05	SVL: 182995.4220516961	current_lr: 6.25e-06
Epoch: 328	TL: 1.973e+05	VL: 1.308e+05	SVL: 156898.95942584804	current_lr: 6.25e-06
Epoch: 329	TL: 1.981e+05	VL: 1.571e+05	SVL: 157003.99651292403	current_lr: 6.25e-06
Epoch: 330	TL: 2.108e+05	VL: 3.195e+05	SVL: 238252.279856462	current_lr: 6.25e-06
Epoch: 331	TL: 2.369e+05	VL: 3.253e+05	SVL: 281772.008728231	current_lr: 6.25e-06
Epoch: 332	TL: 1.883e+05	VL: 1.218e+05	SVL: 201766.4495641155	current_lr: 6.25e-06
Epoch: 333	TL: 2.068e+05	VL: 1.706e+05	SVL: 186173.22718205774	current_lr: 6.25e-06
Epoch: 334	TL: 1.869e+05	VL: 1.361e+05	SVL: 161123.99959102887	current_lr: 6.25e-06
Epoch: 335	TL: 1.987e+05	VL: 1.908e+05	SVL: 175956.13659551443	current_lr: 6.25e-06
Epoch: 336	TL: 1.255e+05	VL: 1.124e+05	SVL: 144192.3954977572	current_lr: 3.125e-06
Epoch: 337	TL: 1.358e+05	VL: 1.348e+05	SVL: 139499.1017488786	current_lr: 3.125e-06
Epoch: 338	TL: 1.433e+05	VL: 1.559e+05	SVL: 147715.9908744393	current_lr: 3.125e-06
Epoch: 339	TL: 1.363e+05	VL: 1.593e+05	SVL: 153499.83783721965	current_lr: 3.125e-06
Epoch: 340	TL: 1.431e+05	VL: 2.378e+05	SVL: 195649.51091860983	current_lr: 3.125e-06
Epoch: 341	TL: 1.367e+05	VL: 1.160e+05	SVL: 155840.5042593049	current_lr: 3.125e-06
Epoch: 342	TL: 1.351e+05	VL: 1.104e+05	SVL: 133141.77132965246	current_lr: 3.125e-06
Epoch: 343	TL: 1.428e+05	VL: 1.387e+05	SVL: 135944.96486482624	current_lr: 3.125e-06
Epoch: 344	TL: 1.426e+05	VL: 1.192e+05	SVL: 127552.15803241312	current_lr: 3.125e-06
Epoch: 345	TL: 1.379e+05	VL: 1.348e+05	SVL: 131182.25541620655	current_lr: 3.125e-06
Epoch: 346	TL: 1.410e+05	VL: 1.186e+05	SVL: 124882.67730810327	current_lr: 3.125e-06
Epoch: 347	TL: 1.338e+05	VL: 2.335e+05	SVL: 179173.26345405163	current_lr: 3.125e-06
Epoch: 348	TL: 1.376e+05	VL: 1.403e+05	SVL: 159719.40812702582	current_lr: 3.125e-06
Epoch: 349	TL: 1.349e+05	VL: 1.702e+05	SVL: 164967.7296635129	current_lr: 3.125e-06
Epoch: 350	TL: 1.327e+05	VL: 1.639e+05	SVL: 164424.79923175645	current_lr: 3.125e-06
Epoch: 351	TL: 1.389e+05	VL: 1.456e+05	SVL: 155032.89361587825	current_lr: 3.125e-06
Epoch: 352	TL: 1.289e+05	VL: 1.298e+05	SVL: 142411.45160793912	current_lr: 3.125e-06
Epoch: 353	TL: 1.385e+05	VL: 1.469e+05	SVL: 144662.73780396956	current_lr: 3.125e-06
Epoch: 354	TL: 1.356e+05	VL: 1.292e+05	SVL: 136936.4497019848	current_lr: 3.125e-06
Epoch: 355	TL: 1.348e+05	VL: 1.187e+05	SVL: 127830.3152509924	current_lr: 3.125e-06
Epoch: 356	TL: 1.327e+05	VL: 1.080e+05	SVL: 117915.68962549619	current_lr: 3.125e-06
Epoch: 357	TL: 1.373e+05	VL: 1.131e+05	SVL: 115484.72361274809	current_lr: 3.125e-06
Epoch: 358	TL: 1.324e+05	VL: 1.736e+05	SVL: 144522.68420637405	current_lr: 3.125e-06
Epoch: 359	TL: 1.342e+05	VL: 1.599e+05	SVL: 152207.486903187	current_lr: 3.125e-06
Epoch: 360	TL: 1.356e+05	VL: 1.140e+05	SVL: 133098.8474515935	current_lr: 3.125e-06
Epoch: 361	TL: 1.305e+05	VL: 1.143e+05	SVL: 123713.26172579675	current_lr: 3.125e-06
Epoch: 362	TL: 1.345e+05	VL: 1.936e+05	SVL: 158640.18126289838	current_lr: 3.125e-06
Epoch: 363	TL: 1.306e+05	VL: 1.222e+05	SVL: 140428.8614314492	current_lr: 3.125e-06
Epoch: 364	TL: 1.300e+05	VL: 1.470e+05	SVL: 143721.7923157246	current_lr: 3.125e-06
Epoch: 365	TL: 1.389e+05	VL: 1.422e+05	SVL: 142940.5669578623	current_lr: 3.125e-06
Epoch: 366	TL: 1.290e+05	VL: 2.220e+05	SVL: 182465.68267893116	current_lr: 3.125e-06
Epoch: 367	TL: 1.345e+05	VL: 1.340e+05	SVL: 158228.95493946556	current_lr: 3.125e-06
Epoch: 368	TL: 1.300e+05	VL: 2.012e+05	SVL: 179702.47666973277	current_lr: 3.125e-06
Epoch: 369	TL: 1.296e+05	VL: 1.292e+05	SVL: 154460.9731348664	current_lr: 3.125e-06
Epoch: 370	TL: 1.290e+05	VL: 2.041e+05	SVL: 179277.5617674332	current_lr: 3.125e-06
Epoch: 371	TL: 1.254e+05	VL: 1.905e+05	SVL: 184880.1784837166	current_lr: 3.125e-06
Epoch: 372	TL: 1.346e+05	VL: 1.009e+05	SVL: 142875.6868418583	current_lr: 3.125e-06
Epoch: 373	TL: 1.263e+05	VL: 1.040e+05	SVL: 123453.13422092915	current_lr: 3.125e-06
Epoch: 374	TL: 1.308e+05	VL: 1.359e+05	SVL: 129656.75391046457	current_lr: 3.125e-06
Epoch: 375	TL: 1.294e+05	VL: 1.253e+05	SVL: 127453.8733552323	current_lr: 3.125e-06
Epoch: 376	TL: 1.327e+05	VL: 1.178e+05	SVL: 122644.95027761615	current_lr: 3.125e-06
Epoch: 377	TL: 1.276e+05	VL: 9.991e+04	SVL: 111275.53193880807	current_lr: 3.125e-06
Epoch: 378	TL: 1.290e+05	VL: 1.144e+05	SVL: 112815.01476940404	current_lr: 3.125e-06
Epoch: 379	TL: 1.285e+05	VL: 3.200e+05	SVL: 216402.73618470202	current_lr: 3.125e-06
Epoch: 380	TL: 1.308e+05	VL: 1.072e+05	SVL: 161819.763292351	current_lr: 3.125e-06
Epoch: 381	TL: 1.296e+05	VL: 1.092e+05	SVL: 135499.5624461755	current_lr: 3.125e-06
Epoch: 382	TL: 1.247e+05	VL: 1.144e+05	SVL: 124957.83042308775	current_lr: 3.125e-06
Epoch: 383	TL: 1.290e+05	VL: 1.491e+05	SVL: 137032.82201154387	current_lr: 3.125e-06
Epoch: 384	TL: 1.264e+05	VL: 1.449e+05	SVL: 140948.50220577192	current_lr: 3.125e-06
Epoch: 385	TL: 1.230e+05	VL: 1.040e+05	SVL: 122452.86630288596	current_lr: 3.125e-06
Epoch: 386	TL: 1.265e+05	VL: 1.095e+05	SVL: 115968.05795144298	current_lr: 3.125e-06
Epoch: 387	TL: 1.255e+05	VL: 1.133e+05	SVL: 114626.56297572149	current_lr: 3.125e-06
Epoch: 388	TL: 1.326e+05	VL: 1.014e+05	SVL: 108001.45108786074	current_lr: 3.125e-06
Epoch: 389	TL: 1.202e+05	VL: 1.037e+05	SVL: 105827.44314393037	current_lr: 3.125e-06
Epoch: 390	TL: 1.343e+05	VL: 1.400e+05	SVL: 122932.85477196518	current_lr: 3.125e-06
Epoch: 391	TL: 1.208e+05	VL: 9.899e+04	SVL: 110963.54378598259	current_lr: 3.125e-06
Epoch: 392	TL: 1.214e+05	VL: 1.849e+05	SVL: 147924.3102929913	current_lr: 3.125e-06
Epoch: 393	TL: 1.255e+05	VL: 9.991e+04	SVL: 123915.58314649564	current_lr: 3.125e-06
Epoch: 394	TL: 1.223e+05	VL: 2.529e+05	SVL: 188421.01157324782	current_lr: 3.125e-06
Epoch: 395	TL: 1.258e+05	VL: 1.553e+05	SVL: 171854.9585866239	current_lr: 3.125e-06
Epoch: 396	TL: 1.228e+05	VL: 1.111e+05	SVL: 141474.47529331193	current_lr: 3.125e-06
Epoch: 397	TL: 1.217e+05	VL: 1.183e+05	SVL: 129869.48484665596	current_lr: 3.125e-06
Epoch: 398	TL: 1.294e+05	VL: 1.529e+05	SVL: 141408.58642332797	current_lr: 3.125e-06
Epoch: 399	TL: 1.231e+05	VL: 1.001e+05	SVL: 120742.85361166399	current_lr: 3.125e-06
Epoch: 400	TL: 1.245e+05	VL: 9.579e+04	SVL: 108266.498805832	current_lr: 3.125e-06
Epoch: 401	TL: 1.236e+05	VL: 2.811e+05	SVL: 194677.967802916	current_lr: 3.125e-06
Epoch: 402	TL: 1.307e+05	VL: 1.140e+05	SVL: 154358.187901458	current_lr: 3.125e-06
Epoch: 403	TL: 1.215e+05	VL: 1.683e+05	SVL: 161308.90355072898	current_lr: 3.125e-06
Epoch: 404	TL: 1.231e+05	VL: 1.047e+05	SVL: 133011.94057536448	current_lr: 3.125e-06
Epoch: 405	TL: 1.180e+05	VL: 1.347e+05	SVL: 133835.96348768222	current_lr: 3.125e-06
Epoch: 406	TL: 1.274e+05	VL: 1.226e+05	SVL: 128242.29014384112	current_lr: 3.125e-06
Epoch: 407	TL: 1.231e+05	VL: 1.624e+05	SVL: 145328.51387192056	current_lr: 3.125e-06
Epoch: 408	TL: 1.200e+05	VL: 1.016e+05	SVL: 123485.31213596028	current_lr: 3.125e-06
Epoch: 409	TL: 1.179e+05	VL: 9.999e+04	SVL: 111738.80726798014	current_lr: 3.125e-06
Epoch: 410	TL: 1.226e+05	VL: 9.512e+04	SVL: 103430.11083399007	current_lr: 3.125e-06
Epoch: 411	TL: 1.251e+05	VL: 9.967e+04	SVL: 101548.03781699503	current_lr: 3.125e-06
Epoch: 412	TL: 1.170e+05	VL: 2.074e+05	SVL: 154479.7365084975	current_lr: 3.125e-06
Epoch: 413	TL: 1.221e+05	VL: 1.530e+05	SVL: 153743.12985424875	current_lr: 3.125e-06
Epoch: 414	TL: 1.148e+05	VL: 1.240e+05	SVL: 138852.15532712438	current_lr: 3.125e-06
Epoch: 415	TL: 1.244e+05	VL: 1.181e+05	SVL: 128457.73966356218	current_lr: 3.125e-06
Epoch: 416	TL: 1.223e+05	VL: 1.063e+05	SVL: 117383.97103178108	current_lr: 3.125e-06
Epoch: 417	TL: 1.240e+05	VL: 9.157e+04	SVL: 104476.93751589055	current_lr: 3.125e-06
Epoch: 418	TL: 1.212e+05	VL: 1.039e+05	SVL: 104183.47475794528	current_lr: 3.125e-06
Epoch: 419	TL: 1.123e+05	VL: 1.047e+05	SVL: 104462.82097897264	current_lr: 3.125e-06
Epoch: 420	TL: 1.165e+05	VL: 1.091e+05	SVL: 106779.01888948632	current_lr: 3.125e-06
Epoch: 421	TL: 1.310e+05	VL: 1.376e+05	SVL: 122188.02864474316	current_lr: 3.125e-06
Epoch: 422	TL: 1.162e+05	VL: 1.355e+05	SVL: 128829.72232237158	current_lr: 3.125e-06
Epoch: 423	TL: 1.212e+05	VL: 1.572e+05	SVL: 143025.6635611858	current_lr: 3.125e-06
Epoch: 424	TL: 1.140e+05	VL: 1.416e+05	SVL: 142302.28898059292	current_lr: 3.125e-06
Epoch: 425	TL: 1.214e+05	VL: 1.500e+05	SVL: 146157.67729029647	current_lr: 3.125e-06
Epoch: 426	TL: 1.172e+05	VL: 9.475e+04	SVL: 120455.04624514823	current_lr: 3.125e-06
Epoch: 427	TL: 1.152e+05	VL: 1.062e+05	SVL: 113329.92832257412	current_lr: 3.125e-06
Epoch: 428	TL: 1.205e+05	VL: 9.853e+04	SVL: 105930.70616128706	current_lr: 3.125e-06
Epoch: 429	TL: 1.135e+05	VL: 9.485e+04	SVL: 100392.82628064352	current_lr: 3.125e-06
Epoch: 430	TL: 1.204e+05	VL: 1.106e+05	SVL: 105509.81434032175	current_lr: 3.125e-06
Epoch: 431	TL: 1.107e+05	VL: 1.051e+05	SVL: 105309.89117016087	current_lr: 3.125e-06
Epoch: 432	TL: 1.173e+05	VL: 1.102e+05	SVL: 107757.19518508043	current_lr: 3.125e-06
Epoch: 433	TL: 1.115e+05	VL: 1.301e+05	SVL: 118934.62799254022	current_lr: 3.125e-06
Epoch: 434	TL: 1.105e+05	VL: 1.866e+05	SVL: 152760.5795962701	current_lr: 3.125e-06
Epoch: 435	TL: 1.208e+05	VL: 1.208e+05	SVL: 136791.06459813507	current_lr: 3.125e-06
Epoch: 436	TL: 1.182e+05	VL: 1.032e+05	SVL: 120013.11629906754	current_lr: 3.125e-06
Epoch: 437	TL: 1.156e+05	VL: 1.500e+05	SVL: 134989.51014953377	current_lr: 3.125e-06
Epoch: 438	TL: 1.157e+05	VL: 8.931e+04	SVL: 112151.50027476688	current_lr: 3.125e-06
Epoch: 439	TL: 1.146e+05	VL: 1.611e+05	SVL: 136636.34053738345	current_lr: 3.125e-06
Epoch: 440	TL: 1.124e+05	VL: 1.100e+05	SVL: 123328.23666869174	current_lr: 3.125e-06
Epoch: 441	TL: 1.189e+05	VL: 1.095e+05	SVL: 116411.45633434587	current_lr: 3.125e-06
Epoch: 442	TL: 1.116e+05	VL: 1.519e+05	SVL: 134163.30936717294	current_lr: 3.125e-06
Epoch: 443	TL: 1.152e+05	VL: 9.345e+04	SVL: 113806.21628358647	current_lr: 3.125e-06
Epoch: 444	TL: 1.224e+05	VL: 1.000e+05	SVL: 106926.54054179323	current_lr: 3.125e-06
Epoch: 445	TL: 1.107e+05	VL: 1.072e+05	SVL: 107041.19507089662	current_lr: 3.125e-06
Epoch: 446	TL: 1.107e+05	VL: 9.556e+04	SVL: 101299.4507354483	current_lr: 3.125e-06
Epoch: 447	TL: 1.130e+05	VL: 1.161e+05	SVL: 108685.35336772415	current_lr: 3.125e-06
Epoch: 448	TL: 1.145e+05	VL: 1.350e+05	SVL: 121844.26148386206	current_lr: 3.125e-06
Epoch: 449	TL: 1.091e+05	VL: 9.175e+04	SVL: 106798.37594193104	current_lr: 3.125e-06
Epoch: 450	TL: 1.184e+05	VL: 1.014e+05	SVL: 104074.94677096553	current_lr: 3.125e-06
Epoch: 451	TL: 8.834e+04	VL: 9.303e+04	SVL: 98552.02378548277	current_lr: 1.5625e-06
Epoch: 452	TL: 8.950e+04	VL: 8.977e+04	SVL: 94161.96789274138	current_lr: 1.5625e-06
Epoch: 453	TL: 9.362e+04	VL: 1.082e+05	SVL: 101157.2763463707	current_lr: 1.5625e-06
Epoch: 454	TL: 9.108e+04	VL: 1.131e+05	SVL: 107150.89377318535	current_lr: 1.5625e-06
Epoch: 455	TL: 9.488e+04	VL: 1.187e+05	SVL: 112906.67208659268	current_lr: 1.5625e-06
Epoch: 456	TL: 9.077e+04	VL: 9.220e+04	SVL: 102552.09404329634	current_lr: 1.5625e-06
Epoch: 457	TL: 9.036e+04	VL: 9.415e+04	SVL: 98351.74662164817	current_lr: 1.5625e-06
Epoch: 458	TL: 9.322e+04	VL: 9.015e+04	SVL: 94250.69571082407	current_lr: 1.5625e-06
Epoch: 459	TL: 9.130e+04	VL: 9.065e+04	SVL: 92450.04025541204	current_lr: 1.5625e-06
Epoch: 460	TL: 9.226e+04	VL: 1.071e+05	SVL: 99769.13972770602	current_lr: 1.5625e-06
Epoch: 461	TL: 9.177e+04	VL: 8.712e+04	SVL: 93443.33906385301	current_lr: 1.5625e-06
Epoch: 462	TL: 9.051e+04	VL: 1.348e+05	SVL: 114118.89193192651	current_lr: 1.5625e-06
Epoch: 463	TL: 9.175e+04	VL: 8.648e+04	SVL: 100299.86236596326	current_lr: 1.5625e-06
Epoch: 464	TL: 9.262e+04	VL: 8.809e+04	SVL: 94193.28598298163	current_lr: 1.5625e-06
Epoch: 465	TL: 9.205e+04	VL: 1.059e+05	SVL: 100032.89059149081	current_lr: 1.5625e-06
Epoch: 466	TL: 9.148e+04	VL: 8.721e+04	SVL: 93621.8900957454	current_lr: 1.5625e-06
Epoch: 467	TL: 9.106e+04	VL: 9.612e+04	SVL: 94870.14904787269	current_lr: 1.5625e-06
Epoch: 468	TL: 9.034e+04	VL: 8.560e+04	SVL: 90235.17732393634	current_lr: 1.5625e-06
Epoch: 469	TL: 8.923e+04	VL: 8.644e+04	SVL: 88335.63106196816	current_lr: 1.5625e-06
Epoch: 470	TL: 8.808e+04	VL: 8.821e+04	SVL: 88271.89993098407	current_lr: 1.5625e-06
Epoch: 471	TL: 9.130e+04	VL: 8.949e+04	SVL: 88878.69116549203	current_lr: 1.5625e-06
Epoch: 472	TL: 8.926e+04	VL: 8.919e+04	SVL: 89035.32078274601	current_lr: 1.5625e-06
Epoch: 473	TL: 9.018e+04	VL: 8.413e+04	SVL: 86582.80839137301	current_lr: 1.5625e-06
Epoch: 474	TL: 9.159e+04	VL: 8.753e+04	SVL: 87057.4161956865	current_lr: 1.5625e-06
Epoch: 475	TL: 8.928e+04	VL: 8.283e+04	SVL: 84945.58609784325	current_lr: 1.5625e-06
Epoch: 476	TL: 8.953e+04	VL: 8.435e+04	SVL: 84650.03424892161	current_lr: 1.5625e-06
Epoch: 477	TL: 9.047e+04	VL: 8.797e+04	SVL: 86311.9219244608	current_lr: 1.5625e-06
Epoch: 478	TL: 8.857e+04	VL: 8.997e+04	SVL: 88139.32536223039	current_lr: 1.5625e-06
Epoch: 479	TL: 9.230e+04	VL: 1.122e+05	SVL: 100178.15188111519	current_lr: 1.5625e-06
Epoch: 480	TL: 8.785e+04	VL: 8.839e+04	SVL: 94281.76794055759	current_lr: 1.5625e-06
Epoch: 481	TL: 8.915e+04	VL: 1.217e+05	SVL: 107969.87917027879	current_lr: 1.5625e-06
Epoch: 482	TL: 9.030e+04	VL: 1.366e+05	SVL: 122302.8063851394	current_lr: 1.5625e-06
Epoch: 483	TL: 8.727e+04	VL: 8.297e+04	SVL: 102634.9771925697	current_lr: 1.5625e-06
Epoch: 484	TL: 9.002e+04	VL: 9.895e+04	SVL: 100791.29259628485	current_lr: 1.5625e-06
Epoch: 485	TL: 8.797e+04	VL: 8.452e+04	SVL: 92656.75309814242	current_lr: 1.5625e-06
Epoch: 486	TL: 9.076e+04	VL: 8.834e+04	SVL: 90499.5397490712	current_lr: 1.5625e-06
Epoch: 487	TL: 8.819e+04	VL: 8.582e+04	SVL: 88157.7970745356	current_lr: 1.5625e-06
Epoch: 488	TL: 8.591e+04	VL: 8.628e+04	SVL: 87220.7977372678	current_lr: 1.5625e-06
Epoch: 489	TL: 8.875e+04	VL: 9.404e+04	SVL: 90629.2088686339	current_lr: 1.5625e-06
Epoch: 490	TL: 8.977e+04	VL: 1.367e+05	SVL: 113659.13723431695	current_lr: 1.5625e-06
Epoch: 491	TL: 8.827e+04	VL: 8.579e+04	SVL: 99724.53381715847	current_lr: 1.5625e-06
Epoch: 492	TL: 8.802e+04	VL: 1.015e+05	SVL: 100629.95850857924	current_lr: 1.5625e-06
Epoch: 493	TL: 8.848e+04	VL: 1.003e+05	SVL: 100456.91005428962	current_lr: 1.5625e-06
Epoch: 494	TL: 8.769e+04	VL: 9.143e+04	SVL: 95943.38302714481	current_lr: 1.5625e-06
Epoch: 495	TL: 8.826e+04	VL: 8.173e+04	SVL: 88837.3847135724	current_lr: 1.5625e-06
Epoch: 496	TL: 8.665e+04	VL: 9.836e+04	SVL: 93597.8019567862	current_lr: 1.5625e-06
Epoch: 497	TL: 9.067e+04	VL: 8.166e+04	SVL: 87630.5053783931	current_lr: 1.5625e-06
Epoch: 498	TL: 7.648e+04	VL: 7.886e+04	SVL: 83243.85028919656	current_lr: 7.8125e-07
Epoch: 499	TL: 7.888e+04	VL: 8.774e+04	SVL: 85493.67594459828	current_lr: 7.8125e-07
Epoch: 500	TL: 7.860e+04	VL: 1.030e+05	SVL: 94229.87917229914	current_lr: 7.8125e-07
Epoch: 501	TL: 7.849e+04	VL: 1.437e+05	SVL: 118983.09958614958	current_lr: 7.8125e-07
Epoch: 502	TL: 7.860e+04	VL: 9.235e+04	SVL: 105664.53979307479	current_lr: 7.8125e-07
Epoch: 503	TL: 7.786e+04	VL: 8.520e+04	SVL: 95431.81589653739	current_lr: 7.8125e-07
Epoch: 504	TL: 7.882e+04	VL: 1.099e+05	SVL: 102667.1287482687	current_lr: 7.8125e-07
Epoch: 505	TL: 7.857e+04	VL: 8.586e+04	SVL: 94262.22397413435	current_lr: 7.8125e-07
Epoch: 506	TL: 7.844e+04	VL: 1.146e+05	SVL: 104442.59038706718	current_lr: 7.8125e-07
Epoch: 507	TL: 7.867e+04	VL: 1.042e+05	SVL: 104322.69879353358	current_lr: 7.8125e-07
Epoch: 508	TL: 7.835e+04	VL: 8.661e+04	SVL: 95466.26579676679	current_lr: 7.8125e-07
Epoch: 509	TL: 7.856e+04	VL: 9.998e+04	SVL: 97724.47289838339	current_lr: 7.8125e-07
Epoch: 510	TL: 7.764e+04	VL: 1.068e+05	SVL: 102285.66644919169	current_lr: 7.8125e-07
Epoch: 511	TL: 7.750e+04	VL: 8.412e+04	SVL: 93200.86882459585	current_lr: 7.8125e-07
Epoch: 512	TL: 7.837e+04	VL: 8.949e+04	SVL: 91343.06601229793	current_lr: 7.8125e-07
Epoch: 513	TL: 7.732e+04	VL: 7.957e+04	SVL: 85454.83420614897	current_lr: 7.8125e-07
Epoch: 514	TL: 7.809e+04	VL: 9.883e+04	SVL: 92141.52190307449	current_lr: 7.8125e-07
Epoch: 515	TL: 7.748e+04	VL: 8.160e+04	SVL: 86870.25775153725	current_lr: 7.8125e-07
Epoch: 516	TL: 7.668e+04	VL: 7.886e+04	SVL: 82864.35247576862	current_lr: 7.8125e-07
Epoch: 517	TL: 7.892e+04	VL: 8.338e+04	SVL: 83122.6102378843	current_lr: 7.8125e-07
Epoch: 518	TL: 7.738e+04	VL: 8.127e+04	SVL: 82194.75391894215	current_lr: 7.8125e-07
Epoch: 519	TL: 7.757e+04	VL: 8.681e+04	SVL: 84502.72735947109	current_lr: 7.8125e-07
Epoch: 520	TL: 7.782e+04	VL: 8.476e+04	SVL: 84633.75607973554	current_lr: 7.8125e-07
Epoch: 521	TL: 7.863e+04	VL: 9.675e+04	SVL: 90689.86923986777	current_lr: 7.8125e-07
Epoch: 522	TL: 7.793e+04	VL: 8.171e+04	SVL: 86200.57461993388	current_lr: 7.8125e-07
Epoch: 523	TL: 7.773e+04	VL: 1.336e+05	SVL: 109893.64650996694	current_lr: 7.8125e-07
Epoch: 524	TL: 7.756e+04	VL: 8.081e+04	SVL: 95351.39405498348	current_lr: 7.8125e-07
Epoch: 525	TL: 7.623e+04	VL: 8.187e+04	SVL: 88608.55862749173	current_lr: 7.8125e-07
Epoch: 526	TL: 7.615e+04	VL: 8.797e+04	SVL: 88289.76331374586	current_lr: 7.8125e-07
Epoch: 527	TL: 7.692e+04	VL: 8.776e+04	SVL: 88024.43445687293	current_lr: 7.8125e-07
Epoch: 528	TL: 7.663e+04	VL: 7.794e+04	SVL: 82979.85362843647	current_lr: 7.8125e-07
Epoch: 529	TL: 7.587e+04	VL: 8.182e+04	SVL: 82400.34081421823	current_lr: 7.8125e-07
Epoch: 530	TL: 7.741e+04	VL: 7.608e+04	SVL: 79241.14360710912	current_lr: 7.8125e-07
Epoch: 531	TL: 7.644e+04	VL: 7.892e+04	SVL: 79082.78060355457	current_lr: 7.8125e-07
Epoch: 532	TL: 7.692e+04	VL: 7.701e+04	SVL: 78044.37190177728	current_lr: 7.8125e-07
Epoch: 533	TL: 7.628e+04	VL: 8.001e+04	SVL: 79025.13435088863	current_lr: 7.8125e-07
Epoch: 534	TL: 7.594e+04	VL: 8.890e+04	SVL: 83962.53157544431	current_lr: 7.8125e-07
Epoch: 535	TL: 7.699e+04	VL: 8.031e+04	SVL: 82135.19218772216	current_lr: 7.8125e-07
Epoch: 536	TL: 7.536e+04	VL: 7.905e+04	SVL: 80593.19969386108	current_lr: 7.8125e-07
Epoch: 537	TL: 7.597e+04	VL: 7.765e+04	SVL: 79121.92504693054	current_lr: 7.8125e-07
Epoch: 538	TL: 7.644e+04	VL: 7.713e+04	SVL: 78126.02372346527	current_lr: 7.8125e-07
Epoch: 539	TL: 7.641e+04	VL: 8.322e+04	SVL: 80673.00786173264	current_lr: 7.8125e-07
Epoch: 540	TL: 7.540e+04	VL: 9.014e+04	SVL: 85407.39873086632	current_lr: 7.8125e-07
Epoch: 541	TL: 7.573e+04	VL: 7.979e+04	SVL: 82600.92616543316	current_lr: 7.8125e-07
Epoch: 542	TL: 7.681e+04	VL: 1.005e+05	SVL: 91541.58628271658	current_lr: 7.8125e-07
Epoch: 543	TL: 7.612e+04	VL: 7.700e+04	SVL: 84269.42514135828	current_lr: 7.8125e-07
Epoch: 544	TL: 7.535e+04	VL: 1.153e+05	SVL: 99763.05977067913	current_lr: 7.8125e-07
Epoch: 545	TL: 7.564e+04	VL: 7.938e+04	SVL: 89573.72508533957	current_lr: 7.8125e-07
Epoch: 546	TL: 7.496e+04	VL: 7.820e+04	SVL: 83886.46934266979	current_lr: 7.8125e-07
Epoch: 547	TL: 7.541e+04	VL: 1.104e+05	SVL: 97152.09507133489	current_lr: 7.8125e-07
Epoch: 548	TL: 7.425e+04	VL: 7.756e+04	SVL: 87354.51593566744	current_lr: 7.8125e-07
Epoch: 549	TL: 7.629e+04	VL: 7.617e+04	SVL: 81763.59656783372	current_lr: 7.8125e-07
Epoch: 550	TL: 7.458e+04	VL: 8.282e+04	SVL: 82291.23468391686	current_lr: 7.8125e-07
Epoch: 551	TL: 7.503e+04	VL: 8.188e+04	SVL: 82084.80734195843	current_lr: 7.8125e-07
Epoch: 552	TL: 7.507e+04	VL: 8.045e+04	SVL: 81269.01927097922	current_lr: 7.8125e-07
Epoch: 553	TL: 7.551e+04	VL: 8.290e+04	SVL: 82086.50723548961	current_lr: 7.8125e-07
Epoch: 554	TL: 7.040e+04	VL: 7.461e+04	SVL: 78348.6984177448	current_lr: 3.90625e-07
Epoch: 555	TL: 7.077e+04	VL: 8.093e+04	SVL: 79641.8364088724	current_lr: 3.90625e-07
Epoch: 556	TL: 7.038e+04	VL: 8.498e+04	SVL: 82312.16060443621	current_lr: 3.90625e-07
Epoch: 557	TL: 7.095e+04	VL: 7.599e+04	SVL: 79149.5251022181	current_lr: 3.90625e-07
Epoch: 558	TL: 7.130e+04	VL: 7.504e+04	SVL: 77094.91915110906	current_lr: 3.90625e-07
Epoch: 559	TL: 7.025e+04	VL: 8.034e+04	SVL: 78717.15717555453	current_lr: 3.90625e-07
Epoch: 560	TL: 7.104e+04	VL: 7.695e+04	SVL: 77831.74138777726	current_lr: 3.90625e-07
Epoch: 561	TL: 7.013e+04	VL: 8.099e+04	SVL: 79411.70589388863	current_lr: 3.90625e-07
Epoch: 562	TL: 7.117e+04	VL: 7.594e+04	SVL: 77677.2715469443	current_lr: 3.90625e-07
Epoch: 563	TL: 7.042e+04	VL: 1.060e+05	SVL: 91852.67577347215	current_lr: 3.90625e-07
Epoch: 564	TL: 7.060e+04	VL: 8.377e+04	SVL: 87812.43388673608	current_lr: 3.90625e-07
Epoch: 565	TL: 7.222e+04	VL: 7.445e+04	SVL: 81131.56974336805	current_lr: 3.90625e-07
Epoch: 566	TL: 7.016e+04	VL: 7.491e+04	SVL: 78023.21047168403	current_lr: 3.90625e-07
Epoch: 567	TL: 7.064e+04	VL: 7.446e+04	SVL: 76243.12643584202	current_lr: 3.90625e-07
Epoch: 568	TL: 7.034e+04	VL: 8.413e+04	SVL: 80186.319617921	current_lr: 3.90625e-07
Epoch: 569	TL: 7.042e+04	VL: 7.626e+04	SVL: 78225.4090089605	current_lr: 3.90625e-07
Epoch: 570	TL: 7.032e+04	VL: 7.593e+04	SVL: 77076.44550448025	current_lr: 3.90625e-07
Epoch: 571	TL: 7.079e+04	VL: 7.454e+04	SVL: 75810.41335224012	current_lr: 3.90625e-07
Epoch: 572	TL: 7.010e+04	VL: 7.745e+04	SVL: 76631.99847612006	current_lr: 3.90625e-07
Epoch: 573	TL: 6.989e+04	VL: 8.804e+04	SVL: 82333.73683806002	current_lr: 3.90625e-07
Epoch: 574	TL: 7.165e+04	VL: 7.787e+04	SVL: 80100.65481903001	current_lr: 3.90625e-07
Epoch: 575	TL: 7.009e+04	VL: 7.440e+04	SVL: 77251.729009515	current_lr: 3.90625e-07
Epoch: 576	TL: 6.985e+04	VL: 7.795e+04	SVL: 77602.9049047575	current_lr: 3.90625e-07
Epoch: 577	TL: 7.037e+04	VL: 8.392e+04	SVL: 80761.25925237875	current_lr: 3.90625e-07
Epoch: 578	TL: 6.941e+04	VL: 7.965e+04	SVL: 80204.06162618937	current_lr: 3.90625e-07
Epoch: 579	TL: 6.972e+04	VL: 7.449e+04	SVL: 77345.39001309469	current_lr: 3.90625e-07
Epoch: 580	TL: 6.996e+04	VL: 8.372e+04	SVL: 80534.20940654734	current_lr: 3.90625e-07
Epoch: 581	TL: 7.028e+04	VL: 8.298e+04	SVL: 81757.15310327367	current_lr: 3.90625e-07
Epoch: 582	TL: 7.043e+04	VL: 7.418e+04	SVL: 77966.83175163684	current_lr: 3.90625e-07
Epoch: 583	TL: 7.047e+04	VL: 7.429e+04	SVL: 76126.25227581842	current_lr: 3.90625e-07
Epoch: 584	TL: 6.968e+04	VL: 7.784e+04	SVL: 76984.70573790921	current_lr: 3.90625e-07
Epoch: 585	TL: 7.053e+04	VL: 7.445e+04	SVL: 75718.47266895461	current_lr: 3.90625e-07
Epoch: 586	TL: 7.031e+04	VL: 7.349e+04	SVL: 74605.56953447731	current_lr: 3.90625e-07
Epoch: 587	TL: 7.026e+04	VL: 7.488e+04	SVL: 74744.30436723866	current_lr: 3.90625e-07
Epoch: 588	TL: 6.979e+04	VL: 7.718e+04	SVL: 75963.89498361934	current_lr: 3.90625e-07
Epoch: 589	TL: 6.964e+04	VL: 8.147e+04	SVL: 78716.00349180966	current_lr: 3.90625e-07
Epoch: 590	TL: 6.961e+04	VL: 8.031e+04	SVL: 79513.62894590484	current_lr: 3.90625e-07
Epoch: 591	TL: 6.931e+04	VL: 7.440e+04	SVL: 76957.46647295242	current_lr: 3.90625e-07
Epoch: 592	TL: 7.012e+04	VL: 8.519e+04	SVL: 81075.4888364762	current_lr: 3.90625e-07
Epoch: 593	TL: 6.996e+04	VL: 7.456e+04	SVL: 77816.9334182381	current_lr: 3.90625e-07
Epoch: 594	TL: 6.971e+04	VL: 7.386e+04	SVL: 75840.00650911905	current_lr: 3.90625e-07
Epoch: 595	TL: 6.955e+04	VL: 7.350e+04	SVL: 74668.25485455952	current_lr: 3.90625e-07
Epoch: 596	TL: 6.871e+04	VL: 9.028e+04	SVL: 82473.69822727976	current_lr: 3.90625e-07
Epoch: 597	TL: 7.030e+04	VL: 7.489e+04	SVL: 78682.41171363989	current_lr: 3.90625e-07
Epoch: 598	TL: 6.948e+04	VL: 7.846e+04	SVL: 78570.33665681994	current_lr: 3.90625e-07
Epoch: 599	TL: 6.903e+04	VL: 7.555e+04	SVL: 77061.55152840997	current_lr: 3.90625e-07
Epoch: 600	TL: 6.890e+04	VL: 7.942e+04	SVL: 78241.36776420497	current_lr: 3.90625e-07
Epoch: 601	TL: 6.977e+04	VL: 7.520e+04	SVL: 76722.40948210249	current_lr: 3.90625e-07
Epoch: 602	TL: 6.888e+04	VL: 7.728e+04	SVL: 77000.95994105125	current_lr: 3.90625e-07
Epoch: 603	TL: 6.924e+04	VL: 7.278e+04	SVL: 74888.52857052562	current_lr: 3.90625e-07
Epoch: 604	TL: 6.924e+04	VL: 7.846e+04	SVL: 76672.86908526282	current_lr: 3.90625e-07
Epoch: 605	TL: 6.990e+04	VL: 7.487e+04	SVL: 75769.69314263141	current_lr: 3.90625e-07
Epoch: 606	TL: 6.946e+04	VL: 8.793e+04	SVL: 81848.6525713157	current_lr: 3.90625e-07
Epoch: 607	TL: 6.909e+04	VL: 8.525e+04	SVL: 83547.26628565785	current_lr: 3.90625e-07
Epoch: 608	TL: 6.640e+04	VL: 7.364e+04	SVL: 78592.25594282892	current_lr: 1.953125e-07
Epoch: 609	TL: 6.674e+04	VL: 7.664e+04	SVL: 77615.21357141447	current_lr: 1.953125e-07
Epoch: 610	TL: 6.665e+04	VL: 7.313e+04	SVL: 75372.69058570723	current_lr: 1.953125e-07
Epoch: 611	TL: 6.687e+04	VL: 7.533e+04	SVL: 75349.37809285361	current_lr: 1.953125e-07
Epoch: 612	TL: 6.650e+04	VL: 7.904e+04	SVL: 77196.46544642681	current_lr: 1.953125e-07
Epoch: 613	TL: 6.667e+04	VL: 7.514e+04	SVL: 76170.3523232134	current_lr: 1.953125e-07
Epoch: 614	TL: 6.690e+04	VL: 7.601e+04	SVL: 76088.9593616067	current_lr: 1.953125e-07
Epoch: 615	TL: 6.683e+04	VL: 7.306e+04	SVL: 74576.70088080334	current_lr: 1.953125e-07
Epoch: 616	TL: 6.665e+04	VL: 7.300e+04	SVL: 73790.76844040168	current_lr: 1.953125e-07
Epoch: 617	TL: 6.681e+04	VL: 7.314e+04	SVL: 73467.59722020084	current_lr: 1.953125e-07
Epoch: 618	TL: 6.670e+04	VL: 7.220e+04	SVL: 72831.88661010042	current_lr: 1.953125e-07
Epoch: 619	TL: 6.668e+04	VL: 7.685e+04	SVL: 74839.07010505021	current_lr: 1.953125e-07
Epoch: 620	TL: 6.691e+04	VL: 7.322e+04	SVL: 74028.2324525251	current_lr: 1.953125e-07
Epoch: 621	TL: 6.674e+04	VL: 7.466e+04	SVL: 74343.56262626254	current_lr: 1.953125e-07
Epoch: 622	TL: 6.674e+04	VL: 7.788e+04	SVL: 76110.56511313128	current_lr: 1.953125e-07
Epoch: 623	TL: 6.658e+04	VL: 7.318e+04	SVL: 74644.58055656563	current_lr: 1.953125e-07
Epoch: 624	TL: 6.648e+04	VL: 7.447e+04	SVL: 74558.62067828281	current_lr: 1.953125e-07
Epoch: 625	TL: 6.682e+04	VL: 7.479e+04	SVL: 74675.18793914141	current_lr: 1.953125e-07
Epoch: 626	TL: 6.618e+04	VL: 7.180e+04	SVL: 73238.1809695707	current_lr: 1.953125e-07
Epoch: 627	TL: 6.659e+04	VL: 7.322e+04	SVL: 73226.92648478536	current_lr: 1.953125e-07
Epoch: 628	TL: 6.646e+04	VL: 7.816e+04	SVL: 75693.31484239269	current_lr: 1.953125e-07
Epoch: 629	TL: 6.642e+04	VL: 7.377e+04	SVL: 74733.20822119634	current_lr: 1.953125e-07
Epoch: 630	TL: 6.620e+04	VL: 7.140e+04	SVL: 73066.70391059818	current_lr: 1.953125e-07
Epoch: 631	TL: 6.650e+04	VL: 8.052e+04	SVL: 76792.73515529909	current_lr: 1.953125e-07
Epoch: 632	TL: 6.686e+04	VL: 7.738e+04	SVL: 77087.61537764955	current_lr: 1.953125e-07
Epoch: 633	TL: 6.630e+04	VL: 7.231e+04	SVL: 74699.33788882478	current_lr: 1.953125e-07
Epoch: 634	TL: 6.645e+04	VL: 7.320e+04	SVL: 73950.39414441239	current_lr: 1.953125e-07
Epoch: 635	TL: 6.650e+04	VL: 7.431e+04	SVL: 74129.4982722062	current_lr: 1.953125e-07
Epoch: 636	TL: 6.653e+04	VL: 7.280e+04	SVL: 73463.8193361031	current_lr: 1.953125e-07
Epoch: 637	TL: 6.660e+04	VL: 8.353e+04	SVL: 78499.24526805154	current_lr: 1.953125e-07
Epoch: 638	TL: 6.630e+04	VL: 7.157e+04	SVL: 75033.10223402578	current_lr: 1.953125e-07
Epoch: 639	TL: 6.659e+04	VL: 7.133e+04	SVL: 73182.4453170129	current_lr: 1.953125e-07
Epoch: 640	TL: 6.480e+04	VL: 7.219e+04	SVL: 72686.78185850645	current_lr: 9.765625e-08
Epoch: 641	TL: 6.490e+04	VL: 7.273e+04	SVL: 72707.98152925323	current_lr: 9.765625e-08
Epoch: 642	TL: 6.497e+04	VL: 7.321e+04	SVL: 72961.0921646266	current_lr: 9.765625e-08
Epoch: 643	TL: 6.517e+04	VL: 7.152e+04	SVL: 72241.5112823133	current_lr: 9.765625e-08
Epoch: 644	TL: 6.503e+04	VL: 7.163e+04	SVL: 71935.94944115664	current_lr: 9.765625e-08
Epoch: 645	TL: 6.505e+04	VL: 7.102e+04	SVL: 71479.99772057832	current_lr: 9.765625e-08
Epoch: 646	TL: 6.524e+04	VL: 7.192e+04	SVL: 71699.96066028916	current_lr: 9.765625e-08
Epoch: 647	TL: 6.487e+04	VL: 7.902e+04	SVL: 75358.51673014458	current_lr: 9.765625e-08
Epoch: 648	TL: 6.492e+04	VL: 7.411e+04	SVL: 74733.75796507229	current_lr: 9.765625e-08
Epoch: 649	TL: 6.506e+04	VL: 7.271e+04	SVL: 73720.22278253615	current_lr: 9.765625e-08
Epoch: 650	TL: 6.490e+04	VL: 7.420e+04	SVL: 73961.58019126808	current_lr: 9.765625e-08
Epoch: 651	TL: 6.514e+04	VL: 7.270e+04	SVL: 73331.03609563404	current_lr: 9.765625e-08
Epoch: 652	TL: 6.471e+04	VL: 7.159e+04	SVL: 72460.58224781702	current_lr: 9.765625e-08
Epoch: 653	TL: 6.478e+04	VL: 7.465e+04	SVL: 73557.38272390851	current_lr: 9.765625e-08
Epoch: 654	TL: 6.473e+04	VL: 7.135e+04	SVL: 72451.46656195425	current_lr: 9.765625e-08
Epoch: 655	TL: 6.499e+04	VL: 7.219e+04	SVL: 72318.41068097713	current_lr: 9.765625e-08
Epoch: 656	TL: 6.483e+04	VL: 7.531e+04	SVL: 73814.04654048858	current_lr: 9.765625e-08
Epoch: 657	TL: 6.481e+04	VL: 7.257e+04	SVL: 73190.09347024429	current_lr: 9.765625e-08
Epoch: 658	TL: 6.500e+04	VL: 7.322e+04	SVL: 73207.04813512214	current_lr: 9.765625e-08
Epoch: 659	TL: 6.491e+04	VL: 7.277e+04	SVL: 72986.44246756108	current_lr: 9.765625e-08
Epoch: 660	TL: 6.477e+04	VL: 7.281e+04	SVL: 72896.04803378053	current_lr: 9.765625e-08
Epoch: 661	TL: 6.477e+04	VL: 7.091e+04	SVL: 71903.78621689026	current_lr: 9.765625e-08
Epoch: 662	TL: 6.508e+04	VL: 7.136e+04	SVL: 71631.45410844513	current_lr: 9.765625e-08
Epoch: 663	TL: 6.487e+04	VL: 7.519e+04	SVL: 73410.20125422257	current_lr: 9.765625e-08
Epoch: 664	TL: 6.463e+04	VL: 7.132e+04	SVL: 72363.67942711129	current_lr: 9.765625e-08
Epoch: 665	TL: 6.474e+04	VL: 7.107e+04	SVL: 71715.32851355564	current_lr: 9.765625e-08
Epoch: 666	TL: 6.499e+04	VL: 7.219e+04	SVL: 71954.16965677781	current_lr: 9.765625e-08
Epoch: 667	TL: 6.401e+04	VL: 7.229e+04	SVL: 72122.4266283889	current_lr: 4.8828125e-08
Epoch: 668	TL: 6.402e+04	VL: 7.240e+04	SVL: 72259.15371419446	current_lr: 4.8828125e-08
Epoch: 669	TL: 6.393e+04	VL: 7.380e+04	SVL: 73031.38705709722	current_lr: 4.8828125e-08
Epoch: 670	TL: 6.402e+04	VL: 7.385e+04	SVL: 73442.3159285486	current_lr: 4.8828125e-08
Epoch: 671	TL: 6.397e+04	VL: 7.150e+04	SVL: 72473.0911642743	current_lr: 4.8828125e-08
Epoch: 672	TL: 6.409e+04	VL: 7.173e+04	SVL: 72099.36698213714	current_lr: 4.8828125e-08
Epoch: 673	TL: 6.403e+04	VL: 7.191e+04	SVL: 72006.19969106857	current_lr: 4.8828125e-08
Epoch: 674	TL: 6.400e+04	VL: 7.286e+04	SVL: 72434.49404553429	current_lr: 4.8828125e-08
Epoch: 675	TL: 6.397e+04	VL: 7.087e+04	SVL: 71651.14562276714	current_lr: 4.8828125e-08
Epoch: 676	TL: 6.397e+04	VL: 7.187e+04	SVL: 71761.84781138357	current_lr: 4.8828125e-08
Epoch: 677	TL: 6.409e+04	VL: 7.124e+04	SVL: 71499.8515056918	current_lr: 4.8828125e-08
Epoch: 678	TL: 6.400e+04	VL: 7.213e+04	SVL: 71814.8065528459	current_lr: 4.8828125e-08
Epoch: 679	TL: 6.404e+04	VL: 7.127e+04	SVL: 71543.09687642295	current_lr: 4.8828125e-08
Epoch: 680	TL: 6.391e+04	VL: 7.074e+04	SVL: 71142.84123821148	current_lr: 4.8828125e-08
Epoch: 681	TL: 6.386e+04	VL: 7.142e+04	SVL: 71279.68421910574	current_lr: 4.8828125e-08
Epoch: 682	TL: 6.395e+04	VL: 7.161e+04	SVL: 71444.98670955288	current_lr: 4.8828125e-08
Epoch: 683	TL: 6.394e+04	VL: 7.095e+04	SVL: 71198.48235477644	current_lr: 4.8828125e-08
Epoch: 684	TL: 6.384e+04	VL: 7.099e+04	SVL: 71093.47277738822	current_lr: 4.8828125e-08
Epoch: 685	TL: 6.399e+04	VL: 7.095e+04	SVL: 71024.2145886941	current_lr: 4.8828125e-08
Epoch: 686	TL: 6.401e+04	VL: 7.069e+04	SVL: 70854.79909434705	current_lr: 4.8828125e-08
Epoch: 687	TL: 6.398e+04	VL: 7.060e+04	SVL: 70726.17194717353	current_lr: 4.8828125e-08
Epoch: 688	TL: 6.381e+04	VL: 7.113e+04	SVL: 70926.75957358677	current_lr: 4.8828125e-08
Epoch: 689	TL: 6.410e+04	VL: 7.091e+04	SVL: 70919.54098679338	current_lr: 4.8828125e-08
Epoch: 690	TL: 6.379e+04	VL: 7.192e+04	SVL: 71421.2414933967	current_lr: 4.8828125e-08
Epoch: 691	TL: 6.397e+04	VL: 7.138e+04	SVL: 71402.14654669835	current_lr: 4.8828125e-08
Epoch: 692	TL: 6.397e+04	VL: 7.111e+04	SVL: 71258.05807334918	current_lr: 4.8828125e-08
Epoch: 693	TL: 6.395e+04	VL: 7.156e+04	SVL: 71410.9318366746	current_lr: 4.8828125e-08
Epoch: 694	TL: 6.380e+04	VL: 7.184e+04	SVL: 71625.1515183373	current_lr: 4.8828125e-08
Epoch: 695	TL: 6.382e+04	VL: 7.245e+04	SVL: 72035.18335916864	current_lr: 4.8828125e-08
Epoch: 696	TL: 6.400e+04	VL: 7.119e+04	SVL: 71611.54827958433	current_lr: 4.8828125e-08
Epoch: 697	TL: 6.384e+04	VL: 7.147e+04	SVL: 71542.39613979217	current_lr: 4.8828125e-08
Epoch: 698	TL: 6.393e+04	VL: 7.085e+04	SVL: 71194.09006989608	current_lr: 4.8828125e-08
Epoch: 699	TL: 6.383e+04	VL: 7.113e+04	SVL: 71164.01243494803	current_lr: 4.8828125e-08
Epoch: 700	TL: 6.385e+04	VL: 7.072e+04	SVL: 70941.75361747402	current_lr: 4.8828125e-08
Epoch: 701	TL: 6.394e+04	VL: 7.110e+04	SVL: 71022.304608737	current_lr: 4.8828125e-08
Epoch: 702	TL: 6.373e+04	VL: 7.335e+04	SVL: 72187.9835043685	current_lr: 4.8828125e-08
Epoch: 703	TL: 6.390e+04	VL: 7.123e+04	SVL: 71710.92555218426	current_lr: 4.8828125e-08
Epoch: 704	TL: 6.384e+04	VL: 7.069e+04	SVL: 71202.53377609214	current_lr: 4.8828125e-08
Epoch: 705	TL: 6.386e+04	VL: 7.151e+04	SVL: 71355.03728804606	current_lr: 4.8828125e-08
Epoch: 706	TL: 6.391e+04	VL: 7.092e+04	SVL: 71138.01104402303	current_lr: 4.8828125e-08
Epoch: 707	TL: 6.396e+04	VL: 7.157e+04	SVL: 71354.40772201151	current_lr: 4.8828125e-08
Epoch: 708	TL: 6.384e+04	VL: 7.189e+04	SVL: 71621.27886100576	current_lr: 4.8828125e-08
Epoch: 709	TL: 6.340e+04	VL: 7.081e+04	SVL: 71215.96503050288	current_lr: 2.44140625e-08
Epoch: 710	TL: 6.342e+04	VL: 7.101e+04	SVL: 71113.31671525144	current_lr: 2.44140625e-08
Epoch: 711	TL: 6.339e+04	VL: 7.038e+04	SVL: 70746.9695576257	current_lr: 2.44140625e-08
Epoch: 712	TL: 6.340e+04	VL: 7.093e+04	SVL: 70837.57937881285	current_lr: 2.44140625e-08
Epoch: 713	TL: 6.340e+04	VL: 7.071e+04	SVL: 70773.72748940642	current_lr: 2.44140625e-08
Epoch: 714	TL: 6.343e+04	VL: 7.139e+04	SVL: 71083.41714470321	current_lr: 2.44140625e-08
Epoch: 715	TL: 6.338e+04	VL: 7.121e+04	SVL: 71147.31777235161	current_lr: 2.44140625e-08
Epoch: 716	TL: 6.342e+04	VL: 7.044e+04	SVL: 70794.7176861758	current_lr: 2.44140625e-08
Epoch: 717	TL: 6.342e+04	VL: 7.069e+04	SVL: 70743.4808430879	current_lr: 2.44140625e-08
Epoch: 718	TL: 6.339e+04	VL: 7.175e+04	SVL: 71245.11622154395	current_lr: 2.44140625e-08
Epoch: 719	TL: 6.336e+04	VL: 7.111e+04	SVL: 71176.48411077197	current_lr: 2.44140625e-08
Epoch: 720	TL: 6.337e+04	VL: 7.077e+04	SVL: 70971.37425538598	current_lr: 2.44140625e-08
Epoch: 721	TL: 6.339e+04	VL: 7.061e+04	SVL: 70788.33052769299	current_lr: 2.44140625e-08
Epoch: 722	TL: 6.338e+04	VL: 7.075e+04	SVL: 70767.8256638465	current_lr: 2.44140625e-08
Epoch: 723	TL: 6.335e+04	VL: 7.102e+04	SVL: 70891.77363192325	current_lr: 2.44140625e-08
Epoch: 724	TL: 6.331e+04	VL: 7.126e+04	SVL: 71074.23821596162	current_lr: 2.44140625e-08
Epoch: 725	TL: 6.336e+04	VL: 7.059e+04	SVL: 70833.52930798082	current_lr: 2.44140625e-08
Epoch: 726	TL: 6.340e+04	VL: 7.083e+04	SVL: 70833.7458539904	current_lr: 2.44140625e-08
Epoch: 727	TL: 6.339e+04	VL: 7.086e+04	SVL: 70846.5101269952	current_lr: 2.44140625e-08
Epoch: 728	TL: 6.337e+04	VL: 7.039e+04	SVL: 70617.5652634976	current_lr: 2.44140625e-08
Epoch: 729	TL: 6.336e+04	VL: 7.093e+04	SVL: 70772.0034317488	current_lr: 2.44140625e-08
Epoch: 730	TL: 6.338e+04	VL: 7.066e+04	SVL: 70714.95931587441	current_lr: 2.44140625e-08
Epoch: 731	TL: 6.342e+04	VL: 7.050e+04	SVL: 70608.73385793722	current_lr: 2.44140625e-08
Epoch: 732	TL: 6.338e+04	VL: 7.094e+04	SVL: 70775.66632896861	current_lr: 2.44140625e-08
Epoch: 733	TL: 6.331e+04	VL: 7.064e+04	SVL: 70707.7827644843	current_lr: 2.44140625e-08
Epoch: 734	TL: 6.337e+04	VL: 7.043e+04	SVL: 70569.99038224216	current_lr: 2.44140625e-08
Epoch: 735	TL: 6.332e+04	VL: 7.120e+04	SVL: 70885.96959112107	current_lr: 2.44140625e-08
Epoch: 736	TL: 6.332e+04	VL: 7.138e+04	SVL: 71134.78799556053	current_lr: 2.44140625e-08
Epoch: 737	TL: 6.332e+04	VL: 7.073e+04	SVL: 70933.27479778026	current_lr: 2.44140625e-08
Epoch: 738	TL: 6.331e+04	VL: 7.123e+04	SVL: 71082.74679889013	current_lr: 2.44140625e-08
Epoch: 739	TL: 6.332e+04	VL: 7.077e+04	SVL: 70924.74839944506	current_lr: 2.44140625e-08
Epoch: 740	TL: 6.335e+04	VL: 7.074e+04	SVL: 70830.06319972253	current_lr: 2.44140625e-08
Epoch: 741	TL: 6.332e+04	VL: 7.058e+04	SVL: 70706.55739986127	current_lr: 2.44140625e-08
Epoch: 742	TL: 6.328e+04	VL: 7.085e+04	SVL: 70776.75769993063	current_lr: 2.44140625e-08
Epoch: 743	TL: 6.329e+04	VL: 7.051e+04	SVL: 70641.59944996532	current_lr: 2.44140625e-08
Epoch: 744	TL: 6.332e+04	VL: 7.057e+04	SVL: 70606.54312498265	current_lr: 2.44140625e-08
Epoch: 745	TL: 6.335e+04	VL: 7.052e+04	SVL: 70561.38916249132	current_lr: 2.44140625e-08
Epoch: 746	TL: 6.332e+04	VL: 7.087e+04	SVL: 70714.51798124566	current_lr: 2.44140625e-08
Epoch: 747	TL: 6.333e+04	VL: 7.056e+04	SVL: 70636.67219062283	current_lr: 2.44140625e-08
Epoch: 748	TL: 6.334e+04	VL: 7.061e+04	SVL: 70623.16389531142	current_lr: 2.44140625e-08
Epoch: 749	TL: 6.335e+04	VL: 7.083e+04	SVL: 70728.7047476557	current_lr: 2.44140625e-08
Epoch: 750	TL: 6.330e+04	VL: 7.046e+04	SVL: 70596.26357382786	current_lr: 2.44140625e-08
Epoch: 751	TL: 6.328e+04	VL: 7.110e+04	SVL: 70849.28998691394	current_lr: 2.44140625e-08
Epoch: 752	TL: 6.335e+04	VL: 7.127e+04	SVL: 71060.18219345697	current_lr: 2.44140625e-08
Epoch: 753	TL: 6.338e+04	VL: 7.063e+04	SVL: 70842.84409672848	current_lr: 2.44140625e-08
Epoch: 754	TL: 6.327e+04	VL: 7.115e+04	SVL: 70997.59724836424	current_lr: 2.44140625e-08
Epoch: 755	TL: 6.333e+04	VL: 7.123e+04	SVL: 71111.68102418212	current_lr: 2.44140625e-08
Epoch: 756	TL: 6.329e+04	VL: 7.128e+04	SVL: 71193.76331209106	current_lr: 2.44140625e-08
Epoch: 757	TL: 6.328e+04	VL: 7.122e+04	SVL: 71207.31145604553	current_lr: 2.44140625e-08
Epoch: 758	TL: 6.332e+04	VL: 7.069e+04	SVL: 70949.38012802276	current_lr: 2.44140625e-08
Epoch: 759	TL: 6.332e+04	VL: 7.068e+04	SVL: 70813.87826401138	current_lr: 2.44140625e-08
Epoch: 760	TL: 6.333e+04	VL: 7.157e+04	SVL: 71193.1369320057	current_lr: 2.44140625e-08
Epoch: 761	TL: 6.332e+04	VL: 7.165e+04	SVL: 71419.31486600285	current_lr: 2.44140625e-08
Epoch: 762	TL: 6.323e+04	VL: 7.053e+04	SVL: 70973.03463300143	current_lr: 2.44140625e-08
Epoch: 763	TL: 6.333e+04	VL: 7.057e+04	SVL: 70770.64811650071	current_lr: 2.44140625e-08
Epoch: 764	TL: 6.325e+04	VL: 7.114e+04	SVL: 70955.58665825037	current_lr: 2.44140625e-08
Epoch: 765	TL: 6.328e+04	VL: 7.105e+04	SVL: 71000.94792912519	current_lr: 2.44140625e-08
Epoch: 766	TL: 6.328e+04	VL: 7.078e+04	SVL: 70890.4217645626	current_lr: 2.44140625e-08
Epoch: 767	TL: 6.305e+04	VL: 7.085e+04	SVL: 70868.92608228131	current_lr: 1.220703125e-08
Epoch: 768	TL: 6.305e+04	VL: 7.084e+04	SVL: 70852.80924114065	current_lr: 1.220703125e-08
Epoch: 769	TL: 6.304e+04	VL: 7.046e+04	SVL: 70657.34862057032	current_lr: 1.220703125e-08
Epoch: 770	TL: 6.301e+04	VL: 7.057e+04	SVL: 70611.74491028517	current_lr: 1.220703125e-08
Epoch: 771	TL: 6.308e+04	VL: 7.067e+04	SVL: 70640.36865514258	current_lr: 1.220703125e-08
Epoch: 772	TL: 6.305e+04	VL: 7.069e+04	SVL: 70666.15192757129	current_lr: 1.220703125e-08
Epoch: 773	TL: 6.300e+04	VL: 7.050e+04	SVL: 70582.88436378565	current_lr: 1.220703125e-08
Epoch: 774	TL: 6.306e+04	VL: 7.098e+04	SVL: 70782.50058189282	current_lr: 1.220703125e-08
Epoch: 775	TL: 6.305e+04	VL: 7.039e+04	SVL: 70585.25749094642	current_lr: 1.220703125e-08
Epoch: 776	TL: 6.298e+04	VL: 7.060e+04	SVL: 70593.20294547321	current_lr: 1.220703125e-08
Epoch: 777	TL: 6.307e+04	VL: 7.070e+04	SVL: 70644.39427273661	current_lr: 1.220703125e-08
Epoch: 778	TL: 6.305e+04	VL: 7.066e+04	SVL: 70651.3835363683	current_lr: 1.220703125e-08
Epoch: 779	TL: 6.305e+04	VL: 7.054e+04	SVL: 70593.68056818415	current_lr: 1.220703125e-08
Epoch: 780	TL: 6.305e+04	VL: 7.200e+04	SVL: 71296.19608409208	current_lr: 1.220703125e-08
Epoch: 781	TL: 6.305e+04	VL: 7.093e+04	SVL: 71115.01064204605	current_lr: 1.220703125e-08
Epoch: 782	TL: 6.301e+04	VL: 7.052e+04	SVL: 70816.36632102303	current_lr: 1.220703125e-08
Epoch: 783	TL: 6.300e+04	VL: 7.044e+04	SVL: 70627.50776051151	current_lr: 1.220703125e-08
Epoch: 784	TL: 6.300e+04	VL: 7.052e+04	SVL: 70571.33828025576	current_lr: 1.220703125e-08
Epoch: 785	TL: 6.306e+04	VL: 7.048e+04	SVL: 70524.96034012787	current_lr: 1.220703125e-08
Epoch: 786	TL: 6.297e+04	VL: 7.083e+04	SVL: 70679.42457006394	current_lr: 1.220703125e-08
Epoch: 787	TL: 6.300e+04	VL: 7.049e+04	SVL: 70584.90828503197	current_lr: 1.220703125e-08
Epoch: 788	TL: 6.302e+04	VL: 7.048e+04	SVL: 70530.65234251598	current_lr: 1.220703125e-08
Epoch: 789	TL: 6.302e+04	VL: 7.086e+04	SVL: 70695.03157125799	current_lr: 1.220703125e-08
Epoch: 790	TL: 6.297e+04	VL: 7.035e+04	SVL: 70523.417985629	current_lr: 1.220703125e-08
Epoch: 791	TL: 6.301e+04	VL: 7.062e+04	SVL: 70573.6363928145	current_lr: 1.220703125e-08
Epoch: 792	TL: 6.300e+04	VL: 7.041e+04	SVL: 70493.65159640726	current_lr: 1.220703125e-08
Epoch: 793	TL: 6.296e+04	VL: 7.059e+04	SVL: 70543.59519820363	current_lr: 1.220703125e-08
Epoch: 794	TL: 6.303e+04	VL: 7.109e+04	SVL: 70817.55599910181	current_lr: 1.220703125e-08
Epoch: 795	TL: 6.299e+04	VL: 7.096e+04	SVL: 70887.9871995509	current_lr: 1.220703125e-08
Epoch: 796	TL: 6.299e+04	VL: 7.075e+04	SVL: 70820.17559977545	current_lr: 1.220703125e-08
Epoch: 797	TL: 6.297e+04	VL: 7.034e+04	SVL: 70578.95999988772	current_lr: 1.220703125e-08
Epoch: 798	TL: 6.303e+04	VL: 7.068e+04	SVL: 70631.78899994386	current_lr: 1.220703125e-08
Epoch: 799	TL: 6.303e+04	VL: 7.040e+04	SVL: 70516.93149997192	current_lr: 1.220703125e-08
Epoch: 800	TL: 6.299e+04	VL: 7.061e+04	SVL: 70565.87574998596	current_lr: 1.220703125e-08
Epoch: 801	TL: 6.300e+04	VL: 7.138e+04	SVL: 70972.32007499298	current_lr: 1.220703125e-08
Epoch: 802	TL: 6.299e+04	VL: 7.157e+04	SVL: 71268.8590374965	current_lr: 1.220703125e-08
Epoch: 803	TL: 6.300e+04	VL: 7.046e+04	SVL: 70864.74551874824	current_lr: 1.220703125e-08
Epoch: 804	TL: 6.293e+04	VL: 7.033e+04	SVL: 70596.58035937411	current_lr: 1.220703125e-08
Epoch: 805	TL: 6.296e+04	VL: 7.069e+04	SVL: 70643.00357968707	current_lr: 1.220703125e-08
Epoch: 806	TL: 6.299e+04	VL: 7.043e+04	SVL: 70538.52098984353	current_lr: 1.220703125e-08
Epoch: 807	TL: 6.298e+04	VL: 7.054e+04	SVL: 70538.92729492177	current_lr: 1.220703125e-08
Epoch: 808	TL: 6.299e+04	VL: 7.066e+04	SVL: 70600.77584746089	current_lr: 1.220703125e-08
Epoch: 809	TL: 6.296e+04	VL: 7.049e+04	SVL: 70543.66412373044	current_lr: 1.220703125e-08
Epoch: 810	TL: 6.301e+04	VL: 7.034e+04	SVL: 70443.50806186523	current_lr: 1.220703125e-08
Epoch: 811	TL: 6.294e+04	VL: 7.026e+04	SVL: 70351.76783093261	current_lr: 1.220703125e-08
Epoch: 812	TL: 6.297e+04	VL: 7.046e+04	SVL: 70405.1839154663	current_lr: 1.220703125e-08
Epoch: 813	TL: 6.298e+04	VL: 7.028e+04	SVL: 70343.49795773315	current_lr: 1.220703125e-08
Epoch: 814	TL: 6.298e+04	VL: 7.054e+04	SVL: 70439.60877886658	current_lr: 1.220703125e-08
Epoch: 815	TL: 6.299e+04	VL: 7.086e+04	SVL: 70651.12598943329	current_lr: 1.220703125e-08
Epoch: 816	TL: 6.300e+04	VL: 7.063e+04	SVL: 70642.38839471665	current_lr: 1.220703125e-08
Epoch: 817	TL: 6.300e+04	VL: 7.050e+04	SVL: 70569.97139735831	current_lr: 1.220703125e-08
Epoch: 818	TL: 6.293e+04	VL: 7.025e+04	SVL: 70412.32009867916	current_lr: 1.220703125e-08
Epoch: 819	TL: 6.296e+04	VL: 7.052e+04	SVL: 70468.62824933958	current_lr: 1.220703125e-08
Epoch: 820	TL: 6.301e+04	VL: 7.029e+04	SVL: 70381.1175246698	current_lr: 1.220703125e-08
Epoch: 821	TL: 6.294e+04	VL: 7.068e+04	SVL: 70530.3389623349	current_lr: 1.220703125e-08
Epoch: 822	TL: 6.299e+04	VL: 7.059e+04	SVL: 70559.28168116746	current_lr: 1.220703125e-08
Epoch: 823	TL: 6.295e+04	VL: 7.031e+04	SVL: 70434.88224058373	current_lr: 1.220703125e-08
Epoch: 824	TL: 6.295e+04	VL: 7.032e+04	SVL: 70376.39092029186	current_lr: 1.220703125e-08
Epoch: 825	TL: 6.296e+04	VL: 7.036e+04	SVL: 70367.72726014593	current_lr: 1.220703125e-08
Epoch: 826	TL: 6.296e+04	VL: 7.054e+04	SVL: 70454.92303007297	current_lr: 1.220703125e-08
Epoch: 827	TL: 6.297e+04	VL: 7.086e+04	SVL: 70659.14711503648	current_lr: 1.220703125e-08
Epoch: 828	TL: 6.295e+04	VL: 7.038e+04	SVL: 70521.20175751824	current_lr: 1.220703125e-08
Epoch: 829	TL: 6.294e+04	VL: 7.038e+04	SVL: 70449.15387875913	current_lr: 1.220703125e-08
Epoch: 830	TL: 6.294e+04	VL: 7.064e+04	SVL: 70544.17733937956	current_lr: 1.220703125e-08
Epoch: 831	TL: 6.295e+04	VL: 7.026e+04	SVL: 70403.33306968978	current_lr: 1.220703125e-08
Epoch: 832	TL: 6.294e+04	VL: 7.035e+04	SVL: 70376.01613484489	current_lr: 1.220703125e-08
Epoch: 833	TL: 6.294e+04	VL: 7.169e+04	SVL: 71034.69506742244	current_lr: 1.220703125e-08
Epoch: 834	TL: 6.294e+04	VL: 7.065e+04	SVL: 70841.38453371121	current_lr: 1.220703125e-08
Epoch: 835	TL: 6.296e+04	VL: 7.031e+04	SVL: 70576.1862668556	current_lr: 1.220703125e-08
Epoch: 836	TL: 6.294e+04	VL: 7.047e+04	SVL: 70521.5329334278	current_lr: 1.220703125e-08
Epoch: 837	TL: 6.294e+04	VL: 7.062e+04	SVL: 70571.3964667139	current_lr: 1.220703125e-08
Epoch: 838	TL: 6.297e+04	VL: 7.068e+04	SVL: 70626.68983335694	current_lr: 1.220703125e-08
Epoch: 839	TL: 6.292e+04	VL: 7.039e+04	SVL: 70506.35031667846	current_lr: 1.220703125e-08
Epoch: 840	TL: 6.294e+04	VL: 7.040e+04	SVL: 70451.45355833924	current_lr: 1.220703125e-08
Epoch: 841	TL: 6.294e+04	VL: 7.027e+04	SVL: 70360.06217916962	current_lr: 1.220703125e-08
Epoch: 842	TL: 6.292e+04	VL: 7.014e+04	SVL: 70249.77568958481	current_lr: 1.220703125e-08
Epoch: 843	TL: 6.294e+04	VL: 7.035e+04	SVL: 70300.3580447924	current_lr: 1.220703125e-08
Epoch: 844	TL: 6.295e+04	VL: 7.070e+04	SVL: 70497.7190223962	current_lr: 1.220703125e-08
Epoch: 845	TL: 6.292e+04	VL: 7.013e+04	SVL: 70313.9247111981	current_lr: 1.220703125e-08
Epoch: 846	TL: 6.289e+04	VL: 7.026e+04	SVL: 70286.85095559905	current_lr: 1.220703125e-08
Epoch: 847	TL: 6.291e+04	VL: 7.053e+04	SVL: 70407.86467779952	current_lr: 1.220703125e-08
Epoch: 848	TL: 6.290e+04	VL: 7.041e+04	SVL: 70410.39913889975	current_lr: 1.220703125e-08
Epoch: 849	TL: 6.291e+04	VL: 7.038e+04	SVL: 70396.84436944989	current_lr: 1.220703125e-08
Epoch: 850	TL: 6.291e+04	VL: 7.066e+04	SVL: 70529.93038472494	current_lr: 1.220703125e-08
Epoch: 851	TL: 6.295e+04	VL: 7.027e+04	SVL: 70400.67599236246	current_lr: 1.220703125e-08
Epoch: 852	TL: 6.291e+04	VL: 7.029e+04	SVL: 70346.20819618122	current_lr: 1.220703125e-08
Epoch: 853	TL: 6.290e+04	VL: 7.062e+04	SVL: 70483.93149809062	current_lr: 1.220703125e-08
Epoch: 854	TL: 6.292e+04	VL: 7.040e+04	SVL: 70441.8381490453	current_lr: 1.220703125e-08
Epoch: 855	TL: 6.290e+04	VL: 7.093e+04	SVL: 70687.63467452265	current_lr: 1.220703125e-08
Epoch: 856	TL: 6.292e+04	VL: 7.064e+04	SVL: 70664.93233726133	current_lr: 1.220703125e-08
Epoch: 857	TL: 6.288e+04	VL: 7.267e+04	SVL: 71668.96496863067	current_lr: 1.220703125e-08
Epoch: 858	TL: 6.294e+04	VL: 7.026e+04	SVL: 70963.21928431533	current_lr: 1.220703125e-08
Epoch: 859	TL: 6.288e+04	VL: 7.039e+04	SVL: 70674.41024215767	current_lr: 1.220703125e-08
Epoch: 860	TL: 6.291e+04	VL: 7.088e+04	SVL: 70775.89272107882	current_lr: 1.220703125e-08
Epoch: 861	TL: 6.290e+04	VL: 7.074e+04	SVL: 70757.4277605394	current_lr: 1.220703125e-08
Epoch: 862	TL: 6.290e+04	VL: 7.129e+04	SVL: 71021.5790802697	current_lr: 1.220703125e-08
Epoch: 863	TL: 6.290e+04	VL: 7.030e+04	SVL: 70663.13854013485	current_lr: 1.220703125e-08
Epoch: 864	TL: 6.287e+04	VL: 7.068e+04	SVL: 70671.43287006742	current_lr: 1.220703125e-08
Epoch: 865	TL: 6.292e+04	VL: 7.047e+04	SVL: 70569.40323503371	current_lr: 1.220703125e-08
Epoch: 866	TL: 6.288e+04	VL: 7.201e+04	SVL: 71287.40321751685	current_lr: 1.220703125e-08
Epoch: 867	TL: 6.290e+04	VL: 7.040e+04	SVL: 70841.29320875843	current_lr: 1.220703125e-08
Epoch: 868	TL: 6.290e+04	VL: 7.054e+04	SVL: 70689.92020437922	current_lr: 1.220703125e-08
Epoch: 869	TL: 6.292e+04	VL: 7.035e+04	SVL: 70520.81350218962	current_lr: 1.220703125e-08
Epoch: 870	TL: 6.285e+04	VL: 7.030e+04	SVL: 70412.12795109481	current_lr: 1.220703125e-08
Epoch: 871	TL: 6.289e+04	VL: 7.024e+04	SVL: 70325.5013755474	current_lr: 1.220703125e-08
Epoch: 872	TL: 6.289e+04	VL: 7.022e+04	SVL: 70274.2218877737	current_lr: 1.220703125e-08
Epoch: 873	TL: 6.289e+04	VL: 7.050e+04	SVL: 70384.90094388685	current_lr: 1.220703125e-08
Epoch: 874	TL: 6.292e+04	VL: 7.035e+04	SVL: 70366.78607194342	current_lr: 1.220703125e-08
Epoch: 875	TL: 6.289e+04	VL: 7.087e+04	SVL: 70618.80563597172	current_lr: 1.220703125e-08
Epoch: 876	TL: 6.285e+04	VL: 7.010e+04	SVL: 70360.72901798587	current_lr: 1.220703125e-08
Epoch: 877	TL: 6.286e+04	VL: 7.040e+04	SVL: 70378.36550899292	current_lr: 1.220703125e-08
Epoch: 878	TL: 6.286e+04	VL: 7.038e+04	SVL: 70377.81115449646	current_lr: 1.220703125e-08
Epoch: 879	TL: 6.284e+04	VL: 7.050e+04	SVL: 70440.99357724824	current_lr: 1.220703125e-08
Epoch: 880	TL: 6.290e+04	VL: 7.058e+04	SVL: 70508.85358862413	current_lr: 1.220703125e-08
Epoch: 881	TL: 6.287e+04	VL: 7.034e+04	SVL: 70423.59739431206	current_lr: 1.220703125e-08
Epoch: 882	TL: 6.296e+04	VL: 7.036e+04	SVL: 70391.57449715603	current_lr: 1.220703125e-08
Epoch: 883	TL: 6.292e+04	VL: 7.031e+04	SVL: 70352.44044857801	current_lr: 1.220703125e-08
Epoch: 884	TL: 6.289e+04	VL: 7.039e+04	SVL: 70369.581824289	current_lr: 1.220703125e-08
Epoch: 885	TL: 6.290e+04	VL: 7.037e+04	SVL: 70369.3597121445	current_lr: 1.220703125e-08
Epoch: 886	TL: 6.287e+04	VL: 7.040e+04	SVL: 70385.67425607226	current_lr: 1.220703125e-08
Epoch: 887	TL: 6.289e+04	VL: 7.048e+04	SVL: 70434.89352803613	current_lr: 1.220703125e-08
Epoch: 888	TL: 6.284e+04	VL: 7.092e+04	SVL: 70678.23376401806	current_lr: 1.220703125e-08
Epoch: 889	TL: 6.288e+04	VL: 7.025e+04	SVL: 70465.68508200903	current_lr: 1.220703125e-08
Epoch: 890	TL: 6.286e+04	VL: 7.037e+04	SVL: 70419.75814100451	current_lr: 1.220703125e-08
Epoch: 891	TL: 6.286e+04	VL: 7.027e+04	SVL: 70344.62167050225	current_lr: 1.220703125e-08
Epoch: 892	TL: 6.285e+04	VL: 7.030e+04	SVL: 70320.62403525112	current_lr: 1.220703125e-08
Epoch: 893	TL: 6.288e+04	VL: 7.045e+04	SVL: 70385.99221762556	current_lr: 1.220703125e-08
Epoch: 894	TL: 6.284e+04	VL: 7.049e+04	SVL: 70439.58210881279	current_lr: 1.220703125e-08
Epoch: 895	TL: 6.289e+04	VL: 7.059e+04	SVL: 70516.5262544064	current_lr: 1.220703125e-08
Epoch: 896	TL: 6.290e+04	VL: 7.029e+04	SVL: 70400.8759272032	current_lr: 1.220703125e-08
Epoch: 897	TL: 6.289e+04	VL: 7.046e+04	SVL: 70430.4837636016	current_lr: 1.220703125e-08
Epoch: 898	TL: 6.288e+04	VL: 7.030e+04	SVL: 70367.6568818008	current_lr: 1.220703125e-08
Epoch: 899	TL: 6.288e+04	VL: 7.038e+04	SVL: 70376.2944409004	current_lr: 1.220703125e-08
Epoch: 900	TL: 6.287e+04	VL: 7.054e+04	SVL: 70460.2184204502	current_lr: 1.220703125e-08
Epoch: 901	TL: 6.286e+04	VL: 7.039e+04	SVL: 70423.02781022509	current_lr: 1.220703125e-08
Epoch: 902	TL: 6.286e+04	VL: 7.022e+04	SVL: 70322.43610511255	current_lr: 1.220703125e-08
Epoch: 903	TL: 6.281e+04	VL: 7.010e+04	SVL: 70209.07945255627	current_lr: 1.220703125e-08
Epoch: 904	TL: 6.288e+04	VL: 7.127e+04	SVL: 70739.93232627813	current_lr: 1.220703125e-08
Epoch: 905	TL: 6.283e+04	VL: 7.040e+04	SVL: 70568.42196313906	current_lr: 1.220703125e-08
Epoch: 906	TL: 6.285e+04	VL: 7.020e+04	SVL: 70386.15038156953	current_lr: 1.220703125e-08
Epoch: 907	TL: 6.287e+04	VL: 7.014e+04	SVL: 70262.59879078477	current_lr: 1.220703125e-08
Epoch: 908	TL: 6.283e+04	VL: 7.030e+04	SVL: 70280.54499539238	current_lr: 1.220703125e-08
Epoch: 909	TL: 6.283e+04	VL: 7.034e+04	SVL: 70310.20749769619	current_lr: 1.220703125e-08
Epoch: 910	TL: 6.279e+04	VL: 7.031e+04	SVL: 70308.1281488481	current_lr: 1.220703125e-08
Epoch: 911	TL: 6.281e+04	VL: 7.009e+04	SVL: 70198.17447442404	current_lr: 1.220703125e-08
Epoch: 912	TL: 6.282e+04	VL: 7.107e+04	SVL: 70635.19343721203	current_lr: 1.220703125e-08
Epoch: 913	TL: 6.282e+04	VL: 7.017e+04	SVL: 70404.54431860601	current_lr: 1.220703125e-08
Epoch: 914	TL: 6.287e+04	VL: 7.035e+04	SVL: 70377.716159303	current_lr: 1.220703125e-08
Epoch: 915	TL: 6.280e+04	VL: 7.038e+04	SVL: 70380.60247965151	current_lr: 1.220703125e-08
Epoch: 916	TL: 6.281e+04	VL: 7.025e+04	SVL: 70313.24943982575	current_lr: 1.220703125e-08
Epoch: 917	TL: 6.285e+04	VL: 7.013e+04	SVL: 70222.00991991287	current_lr: 1.220703125e-08
Epoch: 918	TL: 6.286e+04	VL: 7.054e+04	SVL: 70379.36275995644	current_lr: 1.220703125e-08
Epoch: 919	TL: 6.285e+04	VL: 7.023e+04	SVL: 70306.55837997822	current_lr: 1.220703125e-08
Epoch: 920	TL: 6.284e+04	VL: 7.020e+04	SVL: 70254.20138998912	current_lr: 1.220703125e-08
Epoch: 921	TL: 6.281e+04	VL: 7.013e+04	SVL: 70190.96669499457	current_lr: 1.220703125e-08
Epoch: 922	TL: 6.283e+04	VL: 7.025e+04	SVL: 70220.46514749728	current_lr: 1.220703125e-08
Epoch: 923	TL: 6.284e+04	VL: 7.022e+04	SVL: 70217.93617374863	current_lr: 1.220703125e-08
Epoch: 924	TL: 6.287e+04	VL: 7.036e+04	SVL: 70289.99908687432	current_lr: 1.220703125e-08
Epoch: 925	TL: 6.286e+04	VL: 7.057e+04	SVL: 70431.17154343716	current_lr: 1.220703125e-08
Epoch: 926	TL: 6.283e+04	VL: 7.019e+04	SVL: 70308.24997171859	current_lr: 1.220703125e-08
Epoch: 927	TL: 6.280e+04	VL: 7.015e+04	SVL: 70229.18038585929	current_lr: 1.220703125e-08
Epoch: 928	TL: 6.281e+04	VL: 7.073e+04	SVL: 70478.73499292965	current_lr: 1.220703125e-08
Epoch: 929	TL: 6.285e+04	VL: 7.011e+04	SVL: 70292.21449646482	current_lr: 1.220703125e-08
Epoch: 930	TL: 6.281e+04	VL: 7.012e+04	SVL: 70204.14804823241	current_lr: 1.220703125e-08
Epoch: 931	TL: 6.279e+04	VL: 7.015e+04	SVL: 70175.54402411621	current_lr: 1.220703125e-08
Epoch: 932	TL: 6.280e+04	VL: 7.025e+04	SVL: 70214.16481205811	current_lr: 1.220703125e-08
Epoch: 933	TL: 6.281e+04	VL: 7.048e+04	SVL: 70347.66560602906	current_lr: 1.220703125e-08
Epoch: 934	TL: 6.279e+04	VL: 7.049e+04	SVL: 70417.58520301452	current_lr: 1.220703125e-08
Epoch: 935	TL: 6.284e+04	VL: 7.046e+04	SVL: 70440.94000150726	current_lr: 1.220703125e-08
Epoch: 936	TL: 6.282e+04	VL: 7.022e+04	SVL: 70329.82980075362	current_lr: 1.220703125e-08
Epoch: 937	TL: 6.284e+04	VL: 7.008e+04	SVL: 70203.43470037682	current_lr: 1.220703125e-08
Epoch: 938	TL: 6.282e+04	VL: 7.036e+04	SVL: 70280.91475018841	current_lr: 1.220703125e-08
Epoch: 939	TL: 6.281e+04	VL: 7.043e+04	SVL: 70357.06037509421	current_lr: 1.220703125e-08
Epoch: 940	TL: 6.281e+04	VL: 7.049e+04	SVL: 70424.9231875471	current_lr: 1.220703125e-08
Epoch: 941	TL: 6.285e+04	VL: 7.035e+04	SVL: 70387.68019377356	current_lr: 1.220703125e-08
Epoch: 942	TL: 6.281e+04	VL: 7.054e+04	SVL: 70463.82729688678	current_lr: 1.220703125e-08
Epoch: 943	TL: 6.280e+04	VL: 7.046e+04	SVL: 70460.61264844339	current_lr: 1.220703125e-08
Epoch: 944	TL: 6.279e+04	VL: 7.021e+04	SVL: 70333.4995242217	current_lr: 1.220703125e-08
Epoch: 945	TL: 6.277e+04	VL: 7.033e+04	SVL: 70330.61476211084	current_lr: 1.220703125e-08
Epoch: 946	TL: 6.278e+04	VL: 7.018e+04	SVL: 70254.00178105541	current_lr: 1.220703125e-08
Epoch: 947	TL: 6.284e+04	VL: 7.088e+04	SVL: 70565.58029052771	current_lr: 1.220703125e-08
Epoch: 948	TL: 6.275e+04	VL: 7.038e+04	SVL: 70475.20494526386	current_lr: 1.220703125e-08
Epoch: 949	TL: 6.279e+04	VL: 7.026e+04	SVL: 70365.64207263192	current_lr: 1.220703125e-08
Epoch: 950	TL: 6.280e+04	VL: 7.015e+04	SVL: 70257.15083631597	current_lr: 1.220703125e-08
Epoch: 951	TL: 6.281e+04	VL: 7.050e+04	SVL: 70378.35821815798	current_lr: 1.220703125e-08
Epoch: 952	TL: 6.280e+04	VL: 7.023e+04	SVL: 70304.46910907899	current_lr: 1.220703125e-08
Epoch: 953	TL: 6.279e+04	VL: 7.083e+04	SVL: 70566.7149545395	current_lr: 1.220703125e-08
Epoch: 954	TL: 6.280e+04	VL: 7.041e+04	SVL: 70488.95207726974	current_lr: 1.220703125e-08
Epoch: 955	TL: 6.280e+04	VL: 7.010e+04	SVL: 70294.25183863487	current_lr: 1.220703125e-08
Epoch: 956	TL: 6.275e+04	VL: 7.032e+04	SVL: 70308.69691931744	current_lr: 1.220703125e-08
Epoch: 957	TL: 6.276e+04	VL: 7.059e+04	SVL: 70450.20225965872	current_lr: 1.220703125e-08
Epoch: 958	TL: 6.283e+04	VL: 7.012e+04	SVL: 70283.08992982935	current_lr: 1.220703125e-08
Epoch: 959	TL: 6.281e+04	VL: 7.043e+04	SVL: 70354.92096491467	current_lr: 1.220703125e-08
Epoch: 960	TL: 6.279e+04	VL: 7.020e+04	SVL: 70277.74808245734	current_lr: 1.220703125e-08
Epoch: 961	TL: 6.274e+04	VL: 7.054e+04	SVL: 70406.41324122867	current_lr: 1.220703125e-08
Epoch: 962	TL: 6.277e+04	VL: 7.010e+04	SVL: 70254.05342061433	current_lr: 1.220703125e-08
Epoch: 963	TL: 6.282e+04	VL: 7.010e+04	SVL: 70174.94871030716	current_lr: 1.220703125e-08
Epoch: 964	TL: 6.273e+04	VL: 7.050e+04	SVL: 70338.49275515358	current_lr: 1.220703125e-08
Epoch: 965	TL: 6.274e+04	VL: 7.039e+04	SVL: 70362.41237757678	current_lr: 1.220703125e-08
Epoch: 966	TL: 6.274e+04	VL: 7.055e+04	SVL: 70457.24018878839	current_lr: 1.220703125e-08
Epoch: 967	TL: 6.276e+04	VL: 7.013e+04	SVL: 70293.39009439418	current_lr: 1.220703125e-08
Epoch: 968	TL: 6.276e+04	VL: 7.011e+04	SVL: 70202.5918471971	current_lr: 1.220703125e-08
Epoch: 969	TL: 6.275e+04	VL: 7.049e+04	SVL: 70346.64432359855	current_lr: 1.220703125e-08
Epoch: 970	TL: 6.273e+04	VL: 7.054e+04	SVL: 70441.98136179928	current_lr: 1.220703125e-08
Epoch: 971	TL: 6.281e+04	VL: 7.082e+04	SVL: 70630.47748089963	current_lr: 1.220703125e-08
Epoch: 972	TL: 6.277e+04	VL: 7.006e+04	SVL: 70344.73514044982	current_lr: 1.220703125e-08
Epoch: 973	TL: 6.272e+04	VL: 7.026e+04	SVL: 70302.1893702249	current_lr: 1.220703125e-08
Epoch: 974	TL: 6.276e+04	VL: 6.999e+04	SVL: 70147.45808511245	current_lr: 1.220703125e-08
Epoch: 975	TL: 6.278e+04	VL: 7.021e+04	SVL: 70177.18164255621	current_lr: 1.220703125e-08
Epoch: 976	TL: 6.279e+04	VL: 7.040e+04	SVL: 70286.14602127811	current_lr: 1.220703125e-08
Epoch: 977	TL: 6.278e+04	VL: 7.044e+04	SVL: 70364.45501063905	current_lr: 1.220703125e-08
Epoch: 978	TL: 6.280e+04	VL: 7.011e+04	SVL: 70237.12030531952	current_lr: 1.220703125e-08
Epoch: 979	TL: 6.274e+04	VL: 7.023e+04	SVL: 70232.79535265977	current_lr: 1.220703125e-08
Epoch: 980	TL: 6.275e+04	VL: 7.081e+04	SVL: 70519.36807632988	current_lr: 1.220703125e-08
Epoch: 981	TL: 6.276e+04	VL: 7.026e+04	SVL: 70391.62203816493	current_lr: 1.220703125e-08
Epoch: 982	TL: 6.275e+04	VL: 7.057e+04	SVL: 70481.62081908247	current_lr: 1.220703125e-08
Epoch: 983	TL: 6.282e+04	VL: 7.016e+04	SVL: 70321.67500954124	current_lr: 1.220703125e-08
Epoch: 984	TL: 6.274e+04	VL: 7.010e+04	SVL: 70212.42890477061	current_lr: 1.220703125e-08
Epoch: 985	TL: 6.273e+04	VL: 7.009e+04	SVL: 70153.1752523853	current_lr: 1.220703125e-08
Epoch: 986	TL: 6.271e+04	VL: 7.014e+04	SVL: 70148.82102619266	current_lr: 1.220703125e-08
Epoch: 987	TL: 6.274e+04	VL: 7.007e+04	SVL: 70107.14651309632	current_lr: 1.220703125e-08
Epoch: 988	TL: 6.272e+04	VL: 7.075e+04	SVL: 70429.59485654815	current_lr: 1.220703125e-08
Epoch: 989	TL: 6.274e+04	VL: 7.014e+04	SVL: 70286.45242827407	current_lr: 1.220703125e-08
Epoch: 990	TL: 6.273e+04	VL: 7.009e+04	SVL: 70186.19081413704	current_lr: 1.220703125e-08
Epoch: 991	TL: 6.273e+04	VL: 7.004e+04	SVL: 70113.39620706852	current_lr: 1.220703125e-08
Epoch: 992	TL: 6.273e+04	VL: 7.012e+04	SVL: 70116.17730353426	current_lr: 1.220703125e-08
Epoch: 993	TL: 6.275e+04	VL: 6.992e+04	SVL: 70016.24825176713	current_lr: 1.220703125e-08
Epoch: 994	TL: 6.275e+04	VL: 7.005e+04	SVL: 70035.29152588357	current_lr: 1.220703125e-08
Epoch: 995	TL: 6.271e+04	VL: 7.034e+04	SVL: 70186.77116294179	current_lr: 1.220703125e-08
Epoch: 996	TL: 6.270e+04	VL: 7.029e+04	SVL: 70235.9195814709	current_lr: 1.220703125e-08
Epoch: 997	TL: 6.274e+04	VL: 7.005e+04	SVL: 70141.90479073545	current_lr: 1.220703125e-08
Epoch: 998	TL: 6.269e+04	VL: 7.030e+04	SVL: 70221.84419536772	current_lr: 1.220703125e-08
Epoch: 999	TL: 6.273e+04	VL: 6.999e+04	SVL: 70107.82329768386	current_lr: 1.220703125e-08
Epoch: 1000	TL: 6.271e+04	VL: 7.028e+04	SVL: 70194.96644884194	current_lr: 1.220703125e-08
swa Test MAE: 195.14498901367188
